Archive member included to satisfy reference by file (symbol)

c:/home/Software/devkitPro/libctru/lib\libcitro3d.a(attribs.o)
                              main.o (AttrInfo_Init)
c:/home/Software/devkitPro/libctru/lib\libcitro3d.a(base.o)
                              c:/home/Software/devkitPro/libctru/lib\libcitro3d.a(attribs.o) (__C3D_Context)
c:/home/Software/devkitPro/libctru/lib\libcitro3d.a(buffers.o)
                              main.o (BufInfo_Init)
c:/home/Software/devkitPro/libctru/lib\libcitro3d.a(effect.o)
                              c:/home/Software/devkitPro/libctru/lib\libcitro3d.a(base.o) (C3D_DepthMap)
c:/home/Software/devkitPro/libctru/lib\libcitro3d.a(immediate.o)
                              main.o (C3D_ImmDrawBegin)
c:/home/Software/devkitPro/libctru/lib\libcitro3d.a(renderbuffer.o)
                              c:/home/Software/devkitPro/libctru/lib\libcitro3d.a(base.o) (C3Di_RenderBufBind)
c:/home/Software/devkitPro/libctru/lib\libcitro3d.a(renderqueue.o)
                              main.o (C3D_FrameBegin)
c:/home/Software/devkitPro/libctru/lib\libcitro3d.a(texenv.o)
                              c:/home/Software/devkitPro/libctru/lib\libcitro3d.a(base.o) (TexEnv_Init)
c:/home/Software/devkitPro/libctru/lib\libcitro3d.a(texture.o)
                              main.o (C3D_TexInit)
c:/home/Software/devkitPro/libctru/lib\libcitro3d.a(uniforms.o)
                              c:/home/Software/devkitPro/libctru/lib\libcitro3d.a(base.o) (C3D_UpdateUniforms)
c:/home/Software/devkitPro/libctru/lib\libcitro3d.a(mtx_orthotilt.o)
                              main.o (Mtx_OrthoTilt)
c:/home/Software/devkitPro/libctru/lib\libctru.a(linear.o)
                              audio.o (linearAlloc)
c:/home/Software/devkitPro/libctru/lib\libctru.a(mem_pool.o)
                              c:/home/Software/devkitPro/libctru/lib\libctru.a(linear.o) (MemPool::Allocate(MemChunk&, unsigned long, int))
c:/home/Software/devkitPro/libctru/lib\libctru.a(vram.o)
                              c:/home/Software/devkitPro/libctru/lib\libcitro3d.a(texture.o) (vramAlloc)
c:/home/Software/devkitPro/libctru/lib\libctru.a(console.o)
                              main.o (consoleInit)
c:/home/Software/devkitPro/libctru/lib\libctru.a(gfx.o)
                              c:/home/Software/devkitPro/libctru/lib\libcitro3d.a(renderqueue.o) (gfxIs3D)
c:/home/Software/devkitPro/libctru/lib\libctru.a(os.o)
                              c:/home/Software/devkitPro/libctru/lib\libcitro3d.a(base.o) (osConvertVirtToPhys)
c:/home/Software/devkitPro/libctru/lib\libctru.a(srv.o)
                              audio.o (srvExit)
c:/home/Software/devkitPro/libctru/lib\libctru.a(gpu.o)
                              c:/home/Software/devkitPro/libctru/lib\libcitro3d.a(base.o) (GPUCMD_SetBuffer)
c:/home/Software/devkitPro/libctru/lib\libctru.a(gx.o)
                              c:/home/Software/devkitPro/libctru/lib\libctru.a(gfx.o) (gxCmdBuf)
c:/home/Software/devkitPro/libctru/lib\libctru.a(shaderProgram.o)
                              main.o (shaderInstanceGetUniformLocation)
c:/home/Software/devkitPro/libctru/lib\libctru.a(shbin.o)
                              main.o (DVLB_Free)
c:/home/Software/devkitPro/libctru/lib\libctru.a(apt.o)
                              c:/home/Software/devkitPro/libctru/lib\libcitro3d.a(base.o) (aptHook)
c:/home/Software/devkitPro/libctru/lib\libctru.a(csnd.o)
                              audio.o (csndInit)
c:/home/Software/devkitPro/libctru/lib\libctru.a(gspgpu.o)
                              c:/home/Software/devkitPro/libctru/lib\libctru.a(gfx.o) (gspInit)
c:/home/Software/devkitPro/libctru/lib\libctru.a(hid.o)
                              audio.o (hidExit)
c:/home/Software/devkitPro/libctru/lib\libctru.a(irrst.o)
                              c:/home/Software/devkitPro/libctru/lib\libctru.a(hid.o) (irrstScanInput)
c:/home/Software/devkitPro/libctru/lib\libctru.a(ptmsysm.o)
                              c:/home/Software/devkitPro/libctru/lib\libctru.a(os.o) (ptmSysmInit)
c:/home/Software/devkitPro/libctru/lib\libctru.a(rbtree_find.o)
                              c:/home/Software/devkitPro/libctru/lib\libctru.a(linear.o) (rbtree_find)
c:/home/Software/devkitPro/libctru/lib\libctru.a(rbtree_init.o)
                              c:/home/Software/devkitPro/libctru/lib\libctru.a(linear.o) (rbtree_init)
c:/home/Software/devkitPro/libctru/lib\libctru.a(rbtree_insert.o)
                              c:/home/Software/devkitPro/libctru/lib\libctru.a(linear.o) (rbtree_insert)
c:/home/Software/devkitPro/libctru/lib\libctru.a(rbtree_remove.o)
                              c:/home/Software/devkitPro/libctru/lib\libctru.a(linear.o) (rbtree_remove)
c:/home/Software/devkitPro/libctru/lib\libctru.a(rbtree_rotate.o)
                              c:/home/Software/devkitPro/libctru/lib\libctru.a(rbtree_insert.o) (rbtree_rotate)
c:/home/Software/devkitPro/libctru/lib\libctru.a(allocateHeaps.o)
[...]
Memory Configuration

Name             Origin             Length             Attributes
*default*        0x00000000         0xffffffff

Linker script and memory map

                0x00100000                . = 0x100000
                0x00100000                __start__ = .

.text           0x00100000    0x2fde8
 *(.crt0)
 .crt0          0x00100000       0x94 c:/home/software/devkitpro/devkitarm/bin/../lib/gcc/arm-none-eabi/5.3.0/../../../../arm-none-eabi/lib/armv6k/fpu/3dsx_crt0.o
                0x00100000                _start
                0x00100008                __service_ptr
                0x0010000c                __apt_appid
                0x00100010                __heap_size
                0x00100014                __linear_heap_size
                0x00100018                __system_arglist
                0x0010001c                __system_runflags
 *(.init)
 .init          0x00100094        0xc c:/home/software/devkitpro/devkitarm/bin/../lib/gcc/arm-none-eabi/5.3.0/armv6k/fpu/crti.o
                0x00100094                _init
 .init          0x001000a0        0xc c:/home/software/devkitpro/devkitarm/bin/../lib/gcc/arm-none-eabi/5.3.0/armv6k/fpu/crtn.o
                0x001000ac                . = ALIGN (0x4)
 *(.text)
 .text          0x001000ac      0x108 c:/home/software/devkitpro/devkitarm/bin/../lib/gcc/arm-none-eabi/5.3.0/armv6k/fpu/crtbegin.o
 .text          0x001001b4       0x64 c:/home/Software/devkitPro/libctru/lib\libctru.a(stack_adjust.o)
                0x001001b4                initSystem
                0x001001f8                __ctru_exit
 .text          0x00100218      0x20c c:/home/software/devkitpro/devkitarm/bin/../lib/gcc/arm-none-eabi/5.3.0/armv6k/fpu\libgcc.a(_udivsi3.o)
                0x00100218                __aeabi_uidiv
                0x00100218                __udivsi3
                0x00100404                __aeabi_uidivmod
 .text          0x00100424      0x240 c:/home/software/devkitpro/devkitarm/bin/../lib/gcc/arm-none-eabi/5.3.0/armv6k/fpu\libgcc.a(_divsi3.o)
                0x00100424                __divsi3
                0x00100424                __aeabi_idiv
                0x00100644                __aeabi_idivmod
 .text          0x00100664        0x4 c:/home/software/devkitpro/devkitarm/bin/../lib/gcc/arm-none-eabi/5.3.0/armv6k/fpu\libgcc.a(_dvmd_tls.o)
                0x00100664                __aeabi_idiv0
                0x00100664                __aeabi_ldiv0
 .text          0x00100668       0x3c c:/home/software/devkitpro/devkitarm/bin/../lib/gcc/arm-none-eabi/5.3.0/armv6k/fpu\libgcc.a(_aeabi_uldivmod.o)
                0x00100668                __aeabi_uldivmod
 .text          0x001006a4      0x128 c:/home/software/devkitpro/devkitarm/bin/../lib/gcc/arm-none-eabi/5.3.0/armv6k/fpu\libgcc.a(_udivmoddi4.o)
                0x001006a4                __udivmoddi4
 *fill*         0x001007cc       0x14 
 .text          0x001007e0      0x3a0 c:/home/software/devkitpro/devkitarm/bin/../lib/gcc/arm-none-eabi/5.3.0/../../../../arm-none-eabi/lib/armv6k/fpu\libg.a(lib_a-strcmp.o)
                0x001007e8                strcmp
 .text          0x00100b80      0x1c4 c:/home/software/devkitpro/devkitarm/bin/../lib/gcc/arm-none-eabi/5.3.0/../../../../arm-none-eabi/lib/armv6k/fpu\libsysbase.a(iosupport.o)
                0x00100b88                setDefaultDevice
                0x00100ba0                FindDevice
                0x00100c5c                RemoveDevice
                0x00100c88                AddDevice
                0x00100d20                GetDeviceOpTab
 .text          0x00100d44       0x7c c:/home/software/devkitpro/devkitarm/bin/../lib/gcc/arm-none-eabi/5.3.0/../../../../arm-none-eabi/lib/armv6k/fpu\libsysbase.a(close.o)
                0x00100d44                _close_r
 .text          0x00100dc0       0x6c c:/home/software/devkitpro/devkitarm/bin/../lib/gcc/arm-none-eabi/5.3.0/../../../../arm-none-eabi/lib/armv6k/fpu\libsysbase.a(fstat.o)
                0x00100dc0                _fstat_r
 .text          0x00100e2c       0x2c c:/home/software/devkitpro/devkitarm/bin/../lib/gcc/arm-none-eabi/5.3.0/../../../../arm-none-eabi/lib/armv6k/fpu\libsysbase.a(gettod.o)
                0x00100e2c                _gettimeofday_r
 .text          0x00100e58        0x8 c:/home/software/devkitpro/devkitarm/bin/../lib/gcc/arm-none-eabi/5.3.0/../../../../arm-none-eabi/lib/armv6k/fpu\libsysbase.a(isatty.o)
                0x00100e58                _isatty_r
 .text          0x00100e60       0x78 c:/home/software/devkitpro/devkitarm/bin/../lib/gcc/arm-none-eabi/5.3.0/../../../../arm-none-eabi/lib/armv6k/fpu\libsysbase.a(lseek.o)
                0x00100e60                _lseek_r
 .text          0x00100ed8       0xc8 c:/home/software/devkitpro/devkitarm/bin/../lib/gcc/arm-none-eabi/5.3.0/../../../../arm-none-eabi/lib/armv6k/fpu\libsysbase.a(open.o)
                0x00100ed8                _open_r
 .text          0x00100fa0       0x78 c:/home/software/devkitpro/devkitarm/bin/../lib/gcc/arm-none-eabi/5.3.0/../../../../arm-none-eabi/lib/armv6k/fpu\libsysbase.a(read.o)
                0x00100fa0                _read_r
 .text          0x00101018       0x70 c:/home/software/devkitpro/devkitarm/bin/../lib/gcc/arm-none-eabi/5.3.0/../../../../arm-none-eabi/lib/armv6k/fpu\libsysbase.a(sbrk.o)
                0x00101018                _sbrk_r
 .text          0x00101088       0x78 c:/home/software/devkitpro/devkitarm/bin/../lib/gcc/arm-none-eabi/5.3.0/../../../../arm-none-eabi/lib/armv6k/fpu\libsysbase.a(write.o)
                0x00101088                _write_r
 .text          0x00101100      0x3b0 c:/home/software/devkitpro/devkitarm/bin/../lib/gcc/arm-none-eabi/5.3.0/../../../../arm-none-eabi/lib/armv6k/fpu\libsysbase.a(chdir.o)
                0x00101100                _concatenate_path
                0x001012bc                chdir
                0x00101410                getcwd
 .text          0x001014b0       0x10 c:/home/software/devkitpro/devkitarm/bin/../lib/gcc/arm-none-eabi/5.3.0/../../../../arm-none-eabi/lib/armv6k/fpu\libsysbase.a(flock.o)
                0x001014b0                __flockfile
                0x001014b8                __funlockfile
 .text          0x001014c0      0x108 c:/home/software/devkitpro/devkitarm/bin/../lib/gcc/arm-none-eabi/5.3.0/../../../../arm-none-eabi/lib/armv6k/fpu\libsysbase.a(syscall_support.o)
                0x001014c0                __libc_lock_init
                0x001014d8                __libc_lock_acquire
                0x001014f0                __libc_lock_try_acquire
                0x00101514                __libc_lock_release
                0x0010152c                __libc_lock_close
                0x00101544                __libc_lock_init_recursive
                0x0010155c                __libc_lock_acquire_recursive
                0x00101574                __libc_lock_try_acquire_recursive
                0x00101598                __libc_lock_release_recursive
                0x001015b0                __libc_lock_close_recursive
 .text          0x001015c8      0x2c4 c:/home/software/devkitpro/devkitarm/bin/../lib/gcc/arm-none-eabi/5.3.0/../../../../arm-none-eabi/lib/armv6k/fpu\libsysbase.a(handle_manager.o)
                0x001015c8                __free_handle
                0x0010160c                __release_handle
                0x00101648                __alloc_handle
                0x001016c0                __get_handle
                0x001016dc                dup
                0x00101780                dup2
 .text          0x0010188c       0x28 c:/home/software/devkitpro/devkitarm/bin/../lib/gcc/arm-none-eabi/5.3.0/../../../../arm-none-eabi/lib/armv6k/fpu\libsysbase.a(getreent.o)
                0x0010188c                __getreent
 *(.text.*)
 .text.audioPlay
                0x001018b4       0xd8 audio.o
                0x001018b4                audioPlay
 .text.setBitOfReversedStream
                0x0010198c       0x38 lodepng.o
 .text.checkColorValidity
                0x001019c4       0xa0 lodepng.o
 .text.addColorBits
                0x00101a64       0x4c lodepng.o
 .text.color_tree_get
                0x00101ab0       0x60 lodepng.o
 .text.getPixelColorRGBA8
                0x00101b10      0x3a0 lodepng.o
 .text.getPixelColorsRGBA8
                0x00101eb0      0x578 lodepng.o
 .text.getPixelColorRGBA16
                0x00102428      0x1b0 lodepng.o
 .text.Adam7_getpassvalues
                0x001025d8      0x1ac lodepng.o
 .text.unfilter
                0x00102784      0x3ac lodepng.o
 .text.removePaddingBits
                0x00102b30       0x90 lodepng.o
 .text.color_tree_add
                0x00102bc0       0xb4 lodepng.o
 .text.HuffmanTree_cleanup
                0x00102c74       0x24 lodepng.o
 .text.LodePNGText_cleanup
                0x00102c98       0x60 lodepng.o
 .text.LodePNGIText_cleanup
                0x00102cf8       0x90 lodepng.o
 .text.color_tree_cleanup
                0x00102d88       0x30 lodepng.o
 .text.string_set
                0x00102db8       0x60 lodepng.o
 .text.lodepng_color_mode_equal
                0x00102e18       0xd0 lodepng.o
 .text.uivector_reserve.isra.10
                0x00102ee8       0x5c lodepng.o
 .text.ucvector_push_back
                0x00102f44       0x38 lodepng.o
 .text.uivector_resizev.constprop.22
                0x00102f7c       0x58 lodepng.o
 .text.HuffmanTree_makeFromLengths2
                0x00102fd4      0x34c lodepng.o
 .text.HuffmanTree_makeFromLengths
                0x00103320       0x6c lodepng.o
 .text.generateFixedLitLenTree
                0x0010338c       0xa4 lodepng.o
 .text.generateFixedDistanceTree
                0x00103430       0x60 lodepng.o
 .text.lodepng_inflatev.isra.12
                0x00103490      0xb20 lodepng.o
 .text.lodepng_zlib_decompress
                0x00103fb0      0x1b4 lodepng.o
                0x00103fb0                lodepng_zlib_decompress
 .text.zlib_decompress
                0x00104164       0x2c lodepng.o
 .text.lodepng_chunk_type_equals
                0x00104190       0x6c lodepng.o
                0x00104190                lodepng_chunk_type_equals
 .text.lodepng_chunk_check_crc
                0x001041fc       0xa4 lodepng.o
                0x001041fc                lodepng_chunk_check_crc
 .text.lodepng_chunk_append
                0x001042a0       0xb0 lodepng.o
                0x001042a0                lodepng_chunk_append
 .text.lodepng_color_mode_copy
                0x00104350       0xac lodepng.o
                0x00104350                lodepng_color_mode_copy
 .text.lodepng_add_text
                0x001043fc      0x104 lodepng.o
                0x001043fc                lodepng_add_text
 .text.lodepng_add_itext
                0x00104500      0x1f4 lodepng.o
                0x00104500                lodepng_add_itext
 .text.lodepng_info_init
                0x001046f4       0x8c lodepng.o
                0x001046f4                lodepng_info_init
 .text.lodepng_info_cleanup
                0x00104780       0x50 lodepng.o
                0x00104780                lodepng_info_cleanup
 .text.lodepng_convert
                0x001047d0      0x4f8 lodepng.o
                0x001047d0                lodepng_convert
 .text.lodepng_inspect
                0x00104cc8      0x254 lodepng.o
                0x00104cc8                lodepng_inspect
 .text.decodeGeneric
                0x00104f1c     0x174c lodepng.o
 .text.lodepng_decode
                0x00106668      0x13c lodepng.o
                0x00106668                lodepng_decode
 .text.lodepng_state_init
                0x001067a4       0xb8 lodepng.o
                0x001067a4                lodepng_state_init
 .text.lodepng_state_cleanup
                0x0010685c       0x30 lodepng.o
                0x0010685c                lodepng_state_cleanup
 .text.lodepng_decode_memory
                0x0010688c       0x68 lodepng.o
                0x0010688c                lodepng_decode_memory
 .text.lodepng_decode32
                0x001068f4       0x28 lodepng.o
                0x001068f4                lodepng_decode32
 .text.drawSprite
                0x0010691c      0x174 main.o
                0x0010691c                drawSprite
 .text.startup.main
                0x00106a90      0x41c main.o
                0x00106a90                main
 .text.mainMenu
                0x00106eac      0x154 menu.o
                0x00106eac                mainMenu
 .text.Move     0x00107000      0x1b4 move.o
                0x00107000                Move
 .text.PlayerInit
                0x001071b4        0x4 player.o
                0x001071b4                PlayerInit
 .text.Stats    0x001071b8       0x40 player.o
                0x001071b8                Stats
 .text.StTime   0x001071f8       0x54 runtime.o
                0x001071f8                StTime
 .text.UpTime   0x0010724c       0x8c runtime.o
                0x0010724c                UpTime
 .text.AttrInfo_Init
                0x001072d8       0x28 c:/home/Software/devkitPro/libctru/lib\libcitro3d.a(attribs.o)
                0x001072d8                AttrInfo_Init
 .text.AttrInfo_AddLoader
                0x00107300       0xa4 c:/home/Software/devkitPro/libctru/lib\libcitro3d.a(attribs.o)
                0x00107300                AttrInfo_AddLoader
 .text.C3D_GetAttrInfo
                0x001073a4       0x24 c:/home/Software/devkitPro/libctru/lib\libcitro3d.a(attribs.o)
                0x001073a4                C3D_GetAttrInfo
 .text.C3Di_AttrInfoBind
                0x001073c8       0x80 c:/home/Software/devkitPro/libctru/lib\libcitro3d.a(attribs.o)
                0x001073c8                C3Di_AttrInfoBind
 .text.C3Di_AptEventHook
                0x00107448       0x88 c:/home/Software/devkitPro/libctru/lib\libcitro3d.a(base.o)
 .text.C3D_Init
                0x001074d0      0x168 c:/home/Software/devkitPro/libctru/lib\libcitro3d.a(base.o)
                0x001074d0                C3D_Init
 .text.C3D_SetViewport
                0x00107638       0x98 c:/home/Software/devkitPro/libctru/lib\libcitro3d.a(base.o)
                0x00107638                C3D_SetViewport
 .text.C3Di_UpdateContext
                0x001076d0      0x580 c:/home/Software/devkitPro/libctru/lib\libcitro3d.a(base.o)
                0x001076d0                C3Di_UpdateContext
 .text.C3Di_FinalizeFrame
                0x00107c50       0xe0 c:/home/Software/devkitPro/libctru/lib\libcitro3d.a(base.o)
                0x00107c50                C3Di_FinalizeFrame
 .text.C3D_Fini
                0x00107d30       0x48 c:/home/Software/devkitPro/libctru/lib\libcitro3d.a(base.o)
                0x00107d30                C3D_Fini
 .text.C3D_BindProgram
                0x00107d78       0xd4 c:/home/Software/devkitPro/libctru/lib\libcitro3d.a(base.o)
                0x00107d78                C3D_BindProgram
 .text.BufInfo_Init
                0x00107e4c       0x20 c:/home/Software/devkitPro/libctru/lib\libcitro3d.a(buffers.o)
                0x00107e4c                BufInfo_Init
 .text.C3D_GetBufInfo
                0x00107e6c       0x24 c:/home/Software/devkitPro/libctru/lib\libcitro3d.a(buffers.o)
                0x00107e6c                C3D_GetBufInfo
 .text.C3Di_BufInfoBind
                0x00107e90       0x48 c:/home/Software/devkitPro/libctru/lib\libcitro3d.a(buffers.o)
                0x00107e90                C3Di_BufInfoBind
 .text.C3D_DepthMap
                0x00107ed8       0x3c c:/home/Software/devkitPro/libctru/lib\libcitro3d.a(effect.o)
                0x00107ed8                C3D_DepthMap
 .text.C3D_CullFace
                0x00107f14       0x1c c:/home/Software/devkitPro/libctru/lib\libcitro3d.a(effect.o)
                0x00107f14                C3D_CullFace
 .text.C3D_StencilTest
                0x00107f30       0x3c c:/home/Software/devkitPro/libctru/lib\libcitro3d.a(effect.o)
                0x00107f30                C3D_StencilTest
 .text.C3D_StencilOp
                0x00107f6c       0x24 c:/home/Software/devkitPro/libctru/lib\libcitro3d.a(effect.o)
                0x00107f6c                C3D_StencilOp
 .text.C3D_BlendingColor
                0x00107f90       0x1c c:/home/Software/devkitPro/libctru/lib\libcitro3d.a(effect.o)
                0x00107f90                C3D_BlendingColor
 .text.C3D_DepthTest
                0x00107fac       0x28 c:/home/Software/devkitPro/libctru/lib\libcitro3d.a(effect.o)
                0x00107fac                C3D_DepthTest
 .text.C3D_AlphaTest
                0x00107fd4       0x28 c:/home/Software/devkitPro/libctru/lib\libcitro3d.a(effect.o)
                0x00107fd4                C3D_AlphaTest
 .text.C3D_AlphaBlend
                0x00107ffc       0x50 c:/home/Software/devkitPro/libctru/lib\libcitro3d.a(effect.o)
                0x00107ffc                C3D_AlphaBlend
 .text.C3D_FragOpMode
                0x0010804c       0x30 c:/home/Software/devkitPro/libctru/lib\libcitro3d.a(effect.o)
                0x0010804c                C3D_FragOpMode
 .text.C3Di_EffectBind
                0x0010807c      0x11c c:/home/Software/devkitPro/libctru/lib\libcitro3d.a(effect.o)
                0x0010807c                C3Di_EffectBind
 .text.C3D_ImmDrawBegin
                0x00108198       0xb8 c:/home/Software/devkitPro/libctru/lib\libcitro3d.a(immediate.o)
                0x00108198                C3D_ImmDrawBegin
 .text.C3D_ImmSendAttrib
                0x00108250       0xb4 c:/home/Software/devkitPro/libctru/lib\libcitro3d.a(immediate.o)
                0x00108250                C3D_ImmSendAttrib
 .text.C3D_ImmDrawEnd
                0x00108304       0x74 c:/home/Software/devkitPro/libctru/lib\libcitro3d.a(immediate.o)
                0x00108304                C3D_ImmDrawEnd
 .text.C3D_RenderBufInit
                0x00108378       0xa4 c:/home/Software/devkitPro/libctru/lib\libcitro3d.a(renderbuffer.o)
                0x00108378                C3D_RenderBufInit
 .text.C3D_RenderBufClearAsync
                0x0010841c       0x80 c:/home/Software/devkitPro/libctru/lib\libcitro3d.a(renderbuffer.o)
                0x0010841c                C3D_RenderBufClearAsync
 .text.C3D_RenderBufTransferAsync
                0x0010849c       0x28 c:/home/Software/devkitPro/libctru/lib\libcitro3d.a(renderbuffer.o)
                0x0010849c                C3D_RenderBufTransferAsync
 .text.C3D_RenderBufBind
                0x001084c4       0x38 c:/home/Software/devkitPro/libctru/lib\libcitro3d.a(renderbuffer.o)
                0x001084c4                C3D_RenderBufBind
 .text.C3Di_RenderBufBind
                0x001084fc      0x168 c:/home/Software/devkitPro/libctru/lib\libcitro3d.a(renderbuffer.o)
                0x001084fc                C3Di_RenderBufBind
 .text.C3D_RenderBufDelete
                0x00108664       0x18 c:/home/Software/devkitPro/libctru/lib\libcitro3d.a(renderbuffer.o)
                0x00108664                C3D_RenderBufDelete
 .text.C3Di_RenderQueueWaitDone
                0x0010867c       0x40 c:/home/Software/devkitPro/libctru/lib\libcitro3d.a(renderqueue.o)
 .text.performTransfer.part.0
                0x001086bc       0x78 c:/home/Software/devkitPro/libctru/lib\libcitro3d.a(renderqueue.o)
 .text.transferTarget
                0x00108734       0x50 c:/home/Software/devkitPro/libctru/lib\libcitro3d.a(renderqueue.o)
 .text.onVBlank1
                0x00108784       0x24 c:/home/Software/devkitPro/libctru/lib\libcitro3d.a(renderqueue.o)
 .text.onVBlank0
                0x001087a8       0x8c c:/home/Software/devkitPro/libctru/lib\libcitro3d.a(renderqueue.o)
 .text.performClear.part.2
                0x00108834       0x3c c:/home/Software/devkitPro/libctru/lib\libcitro3d.a(renderqueue.o)
 .text.clearTarget
                0x00108870       0x4c c:/home/Software/devkitPro/libctru/lib\libcitro3d.a(renderqueue.o)
 .text.updateFrameQueue.part.4
                0x001088bc       0xc0 c:/home/Software/devkitPro/libctru/lib\libcitro3d.a(renderqueue.o)
 .text.onRenderFinish
                0x0010897c       0xe0 c:/home/Software/devkitPro/libctru/lib\libcitro3d.a(renderqueue.o)
 .text.onClearDone.part.6
                0x00108a5c       0x18 c:/home/Software/devkitPro/libctru/lib\libcitro3d.a(renderqueue.o)
 .text.onTransferFinish
                0x00108a74       0xb0 c:/home/Software/devkitPro/libctru/lib\libcitro3d.a(renderqueue.o)
 .text.onClearDone
                0x00108b24       0x64 c:/home/Software/devkitPro/libctru/lib\libcitro3d.a(renderqueue.o)
 .text.checkRenderQueueInit.part.7
                0x00108b88       0x5c c:/home/Software/devkitPro/libctru/lib\libcitro3d.a(renderqueue.o)
 .text.C3D_FrameBegin
                0x00108be4       0x64 c:/home/Software/devkitPro/libctru/lib\libcitro3d.a(renderqueue.o)
                0x00108be4                C3D_FrameBegin
 .text.C3D_FrameDrawOn
                0x00108c48       0x78 c:/home/Software/devkitPro/libctru/lib\libcitro3d.a(renderqueue.o)
                0x00108c48                C3D_FrameDrawOn
 .text.C3D_FrameEnd
                0x00108cc0       0xd0 c:/home/Software/devkitPro/libctru/lib\libcitro3d.a(renderqueue.o)
                0x00108cc0                C3D_FrameEnd
 .text.C3D_RenderTargetCreate
                0x00108d90       0xe0 c:/home/Software/devkitPro/libctru/lib\libcitro3d.a(renderqueue.o)
                0x00108d90                C3D_RenderTargetCreate
 .text.C3D_RenderTargetDelete
                0x00108e70       0x7c c:/home/Software/devkitPro/libctru/lib\libcitro3d.a(renderqueue.o)
                0x00108e70                C3D_RenderTargetDelete
 .text.C3Di_RenderQueueExit
                0x00108eec       0x84 c:/home/Software/devkitPro/libctru/lib\libcitro3d.a(renderqueue.o)
 .text.C3D_RenderTargetSetClear
                0x00108f70       0x50 c:/home/Software/devkitPro/libctru/lib\libcitro3d.a(renderqueue.o)
                0x00108f70                C3D_RenderTargetSetClear
 .text.C3D_RenderTargetSetOutput
                0x00108fc0       0x58 c:/home/Software/devkitPro/libctru/lib\libcitro3d.a(renderqueue.o)
                0x00108fc0                C3D_RenderTargetSetOutput
 .text.C3D_SafeDisplayTransfer
                0x00109018       0x88 c:/home/Software/devkitPro/libctru/lib\libcitro3d.a(renderqueue.o)
                0x00109018                C3D_SafeDisplayTransfer
 .text.TexEnv_Init
                0x001090a0       0x34 c:/home/Software/devkitPro/libctru/lib\libcitro3d.a(texenv.o)
                0x001090a0                TexEnv_Init
 .text.C3D_GetTexEnv
                0x001090d4       0x34 c:/home/Software/devkitPro/libctru/lib\libcitro3d.a(texenv.o)
                0x001090d4                C3D_GetTexEnv
 .text.C3Di_TexEnvBind
                0x00109108       0x24 c:/home/Software/devkitPro/libctru/lib\libcitro3d.a(texenv.o)
                0x00109108                C3Di_TexEnvBind
 .text.C3D_TexInit
                0x0010912c       0xb8 c:/home/Software/devkitPro/libctru/lib\libcitro3d.a(texture.o)
                0x0010912c                C3D_TexInit
 .text.C3D_TexInitVRAM
                0x001091e4       0xb8 c:/home/Software/devkitPro/libctru/lib\libcitro3d.a(texture.o)
                0x001091e4                C3D_TexInitVRAM
 .text.C3D_TexSetFilter
                0x0010929c       0x24 c:/home/Software/devkitPro/libctru/lib\libcitro3d.a(texture.o)
                0x0010929c                C3D_TexSetFilter
 .text.C3D_TexBind
                0x001092c0       0x34 c:/home/Software/devkitPro/libctru/lib\libcitro3d.a(texture.o)
                0x001092c0                C3D_TexBind
 .text.C3D_TexDelete
                0x001092f4       0x3c c:/home/Software/devkitPro/libctru/lib\libcitro3d.a(texture.o)
                0x001092f4                C3D_TexDelete
 .text.C3D_UpdateUniforms
                0x00109330      0x2ac c:/home/Software/devkitPro/libctru/lib\libcitro3d.a(uniforms.o)
                0x00109330                C3D_UpdateUniforms
 .text.C3Di_DirtyUniforms
                0x001095dc       0xc0 c:/home/Software/devkitPro/libctru/lib\libcitro3d.a(uniforms.o)
                0x001095dc                C3Di_DirtyUniforms
 .text.C3Di_LoadShaderUniforms
                0x0010969c       0xe4 c:/home/Software/devkitPro/libctru/lib\libcitro3d.a(uniforms.o)
                0x0010969c                C3Di_LoadShaderUniforms
 .text.C3Di_ClearShaderUniforms
                0x00109780       0x28 c:/home/Software/devkitPro/libctru/lib\libcitro3d.a(uniforms.o)
                0x00109780                C3Di_ClearShaderUniforms
 .text.Mtx_OrthoTilt
                0x001097a8       0xc8 c:/home/Software/devkitPro/libctru/lib\libcitro3d.a(mtx_orthotilt.o)
                0x001097a8                Mtx_OrthoTilt
 .text._ZL21addrMapNodeComparatorPK11rbtree_nodeS1_
                0x00109870       0x24 c:/home/Software/devkitPro/libctru/lib\libctru.a(linear.o)
 .text._ZL21addrMapNodeDestructorP11rbtree_node
                0x00109894        0x4 c:/home/Software/devkitPro/libctru/lib\libctru.a(linear.o)
 .text.linearMemAlign
                0x00109898      0x140 c:/home/Software/devkitPro/libctru/lib\libctru.a(linear.o)
                0x00109898                linearMemAlign
 .text.linearAlloc
                0x001099d8        0x8 c:/home/Software/devkitPro/libctru/lib\libctru.a(linear.o)
                0x001099d8                linearAlloc
 .text.linearFree
                0x001099e0       0x50 c:/home/Software/devkitPro/libctru/lib\libctru.a(linear.o)
                0x001099e0                linearFree
 .text._ZN7MemPool13CoalesceRightEP8MemBlock
                0x00109a30       0xa0 c:/home/Software/devkitPro/libctru/lib\libctru.a(mem_pool.o)
                0x00109a30                MemPool::CoalesceRight(MemBlock*)
 .text._ZN7MemPool8AllocateER8MemChunkmi
                0x00109ad0      0x18c c:/home/Software/devkitPro/libctru/lib\libctru.a(mem_pool.o)
                0x00109ad0                MemPool::Allocate(MemChunk&, unsigned long, int)
 .text._ZN7MemPool10DeallocateERK8MemChunk
                0x00109c5c      0x104 c:/home/Software/devkitPro/libctru/lib\libctru.a(mem_pool.o)
                0x00109c5c                MemPool::Deallocate(MemChunk const&)
 .text._ZL21addrMapNodeComparatorPK11rbtree_nodeS1_
                0x00109d60       0x24 c:/home/Software/devkitPro/libctru/lib\libctru.a(vram.o)
 .text._ZL21addrMapNodeDestructorP11rbtree_node
                0x00109d84        0x4 c:/home/Software/devkitPro/libctru/lib\libctru.a(vram.o)
 .text.vramMemAlign
                0x00109d88      0x130 c:/home/Software/devkitPro/libctru/lib\libctru.a(vram.o)
                0x00109d88                vramMemAlign
 .text.vramAlloc
                0x00109eb8        0x8 c:/home/Software/devkitPro/libctru/lib\libctru.a(vram.o)
                0x00109eb8                vramAlloc
 .text.vramFree
                0x00109ec0       0x50 c:/home/Software/devkitPro/libctru/lib\libctru.a(vram.o)
                0x00109ec0                vramFree
 .text.debug_write
                0x00109f10       0x1c c:/home/Software/devkitPro/libctru/lib\libctru.a(console.o)
                0x00109f10                debug_write
 .text.consoleDrawChar
                0x00109f2c      0x1ac c:/home/Software/devkitPro/libctru/lib\libctru.a(console.o)
                0x00109f2c                consoleDrawChar
 .text.consolePrintChar
                0x0010a0d8      0x128 c:/home/Software/devkitPro/libctru/lib\libctru.a(console.o)
                0x0010a0d8                consolePrintChar
 .text.consoleCls
                0x0010a200      0x184 c:/home/Software/devkitPro/libctru/lib\libctru.a(console.o)
 .text.consoleInit
                0x0010a384       0xf8 c:/home/Software/devkitPro/libctru/lib\libctru.a(console.o)
                0x0010a384                consoleInit
 .text.consoleClearLine
                0x0010a47c      0x138 c:/home/Software/devkitPro/libctru/lib\libctru.a(console.o)
 .text.newRow   0x0010a5b4       0xc0 c:/home/Software/devkitPro/libctru/lib\libctru.a(console.o)
 .text.con_write
                0x0010a674      0x86c c:/home/Software/devkitPro/libctru/lib\libctru.a(console.o)
                0x0010a674                con_write
 .text.consoleClear
                0x0010aee0        0xc c:/home/Software/devkitPro/libctru/lib\libctru.a(console.o)
                0x0010aee0                consoleClear
 .text.gfxSetFramebufferInfo.part.0
                0x0010aeec       0x8c c:/home/Software/devkitPro/libctru/lib\libctru.a(gfx.o)
 .text.gfxIs3D  0x0010af78       0x10 c:/home/Software/devkitPro/libctru/lib\libctru.a(gfx.o)
                0x0010af78                gfxIs3D
 .text.gfxSetScreenFormat
                0x0010af88       0x18 c:/home/Software/devkitPro/libctru/lib\libctru.a(gfx.o)
                0x0010af88                gfxSetScreenFormat
 .text.gfxSetDoubleBuffering
                0x0010afa0       0x14 c:/home/Software/devkitPro/libctru/lib\libctru.a(gfx.o)
                0x0010afa0                gfxSetDoubleBuffering
 .text.gfxSetFramebufferInfo
                0x0010afb4       0x70 c:/home/Software/devkitPro/libctru/lib\libctru.a(gfx.o)
                0x0010afb4                gfxSetFramebufferInfo
 .text.gfxWriteFramebufferInfo
                0x0010b024       0x88 c:/home/Software/devkitPro/libctru/lib\libctru.a(gfx.o)
                0x0010b024                gfxWriteFramebufferInfo
 .text.gfxInit  0x0010b0ac      0x1d0 c:/home/Software/devkitPro/libctru/lib\libctru.a(gfx.o)
                0x0010b0ac                gfxInit
 .text.gfxInitDefault
                0x0010b27c       0x10 c:/home/Software/devkitPro/libctru/lib\libctru.a(gfx.o)
                0x0010b27c                gfxInitDefault
 .text.gfxExit  0x0010b28c       0xe0 c:/home/Software/devkitPro/libctru/lib\libctru.a(gfx.o)
                0x0010b28c                gfxExit
 .text.gfxGetFramebuffer
                0x0010b36c       0xb0 c:/home/Software/devkitPro/libctru/lib\libctru.a(gfx.o)
                0x0010b36c                gfxGetFramebuffer
 .text.gfxFlushBuffers
                0x0010b41c       0xcc c:/home/Software/devkitPro/libctru/lib\libctru.a(gfx.o)
                0x0010b41c                gfxFlushBuffers
 .text.gfxConfigScreen
                0x0010b4e8       0x70 c:/home/Software/devkitPro/libctru/lib\libctru.a(gfx.o)
                0x0010b4e8                gfxConfigScreen
 .text.gfxSwapBuffersGpu
                0x0010b558       0x20 c:/home/Software/devkitPro/libctru/lib\libctru.a(gfx.o)
                0x0010b558                gfxSwapBuffersGpu
 .text.getSysTime
                0x0010b578       0x58 c:/home/Software/devkitPro/libctru/lib\libctru.a(os.o)
 .text.osConvertVirtToPhys
                0x0010b5d0       0x4c c:/home/Software/devkitPro/libctru/lib\libctru.a(os.o)
                0x0010b5d0                osConvertVirtToPhys
 .text.osGetMemRegionUsed
                0x0010b61c       0x24 c:/home/Software/devkitPro/libctru/lib\libctru.a(os.o)
                0x0010b61c                osGetMemRegionUsed
 .text.__libctru_gtod
                0x0010b640       0xf8 c:/home/Software/devkitPro/libctru/lib\libctru.a(os.o)
                0x0010b640                __libctru_gtod
 .text.__ctru_speedup_config
                0x0010b738       0x34 c:/home/Software/devkitPro/libctru/lib\libctru.a(os.o)
                0x0010b738                __ctru_speedup_config
 .text.srvExit  0x0010b76c       0x50 c:/home/Software/devkitPro/libctru/lib\libctru.a(srv.o)
                0x0010b76c                srvExit
 .text.srvRegisterClient
                0x0010b7bc       0x38 c:/home/Software/devkitPro/libctru/lib\libctru.a(srv.o)
                0x0010b7bc                srvRegisterClient
 .text.srvInit  0x0010b7f4       0x70 c:/home/Software/devkitPro/libctru/lib\libctru.a(srv.o)
                0x0010b7f4                srvInit
 .text.srvGetServiceHandleDirect
                0x0010b864       0x68 c:/home/Software/devkitPro/libctru/lib\libctru.a(srv.o)
                0x0010b864                srvGetServiceHandleDirect
 .text.srvGetServiceHandle
                0x0010b8cc       0x38 c:/home/Software/devkitPro/libctru/lib\libctru.a(srv.o)
                0x0010b8cc                srvGetServiceHandle
 .text.GPUCMD_SetBuffer
                0x0010b904       0x2c c:/home/Software/devkitPro/libctru/lib\libctru.a(gpu.o)
                0x0010b904                GPUCMD_SetBuffer
 .text.GPUCMD_GetBuffer
                0x0010b930       0x40 c:/home/Software/devkitPro/libctru/lib\libctru.a(gpu.o)
                0x0010b930                GPUCMD_GetBuffer
 .text.GPUCMD_Add
                0x0010b970       0xe4 c:/home/Software/devkitPro/libctru/lib\libctru.a(gpu.o)
                0x0010b970                GPUCMD_Add
 .text.GPUCMD_Finalize
                0x0010ba54       0x98 c:/home/Software/devkitPro/libctru/lib\libctru.a(gpu.o)
                0x0010ba54                GPUCMD_Finalize
 .text.f32tof24
                0x0010baec       0x40 c:/home/Software/devkitPro/libctru/lib\libctru.a(gpu.o)
                0x0010baec                f32tof24
 .text.f32tof31
                0x0010bb2c       0x40 c:/home/Software/devkitPro/libctru/lib\libctru.a(gpu.o)
                0x0010bb2c                f32tof31
 .text.GX_ProcessCommandList
                0x0010bb6c       0x54 c:/home/Software/devkitPro/libctru/lib\libctru.a(gx.o)
                0x0010bb6c                GX_ProcessCommandList
 .text.GX_MemoryFill
                0x0010bbc0       0x60 c:/home/Software/devkitPro/libctru/lib\libctru.a(gx.o)
                0x0010bbc0                GX_MemoryFill
 .text.GX_DisplayTransfer
                0x0010bc20       0x50 c:/home/Software/devkitPro/libctru/lib\libctru.a(gx.o)
                0x0010bc20                GX_DisplayTransfer
 .text.GX_FlushCacheRegions
                0x0010bc70       0x54 c:/home/Software/devkitPro/libctru/lib\libctru.a(gx.o)
                0x0010bc70                GX_FlushCacheRegions
 .text.GPU_SetShaderOutmap
                0x0010bcc4       0x48 c:/home/Software/devkitPro/libctru/lib\libctru.a(shaderProgram.o)
 .text.GPU_SendShaderCode.constprop.0
                0x0010bd0c       0xb8 c:/home/Software/devkitPro/libctru/lib\libctru.a(shaderProgram.o)
 .text.GPU_SendOperandDescriptors.constprop.1
                0x0010bdc4       0x70 c:/home/Software/devkitPro/libctru/lib\libctru.a(shaderProgram.o)
 .text.shaderInstanceInit
                0x0010be34      0x23c c:/home/Software/devkitPro/libctru/lib\libctru.a(shaderProgram.o)
                0x0010be34                shaderInstanceInit
 .text.shaderInstanceFree
                0x0010c070       0x38 c:/home/Software/devkitPro/libctru/lib\libctru.a(shaderProgram.o)
                0x0010c070                shaderInstanceFree
 .text.shaderInstanceGetUniformLocation
                0x0010c0a8       0x18 c:/home/Software/devkitPro/libctru/lib\libctru.a(shaderProgram.o)
                0x0010c0a8                shaderInstanceGetUniformLocation
 .text.shaderProgramInit
                0x0010c0c0       0x18 c:/home/Software/devkitPro/libctru/lib\libctru.a(shaderProgram.o)
                0x0010c0c0                shaderProgramInit
 .text.shaderProgramFree
                0x0010c0d8       0x30 c:/home/Software/devkitPro/libctru/lib\libctru.a(shaderProgram.o)
                0x0010c0d8                shaderProgramFree
 .text.shaderProgramSetVsh
                0x0010c108       0x6c c:/home/Software/devkitPro/libctru/lib\libctru.a(shaderProgram.o)
                0x0010c108                shaderProgramSetVsh
 .text.shaderProgramConfigure
                0x0010c174      0x340 c:/home/Software/devkitPro/libctru/lib\libctru.a(shaderProgram.o)
                0x0010c174                shaderProgramConfigure
 .text.DVLB_Free
                0x0010c4b4       0x3c c:/home/Software/devkitPro/libctru/lib\libctru.a(shbin.o)
                0x0010c4b4                DVLB_Free
 .text.DVLE_GetUniformRegister
                0x0010c4f0       0x80 c:/home/Software/devkitPro/libctru/lib\libctru.a(shbin.o)
                0x0010c4f0                DVLE_GetUniformRegister
 .text.DVLE_GenerateOutmap
                0x0010c570      0x198 c:/home/Software/devkitPro/libctru/lib\libctru.a(shbin.o)
                0x0010c570                DVLE_GenerateOutmap
 .text.DVLB_ParseFile
                0x0010c708      0x198 c:/home/Software/devkitPro/libctru/lib\libctru.a(shbin.o)
                0x0010c708                DVLB_ParseFile
 .text.__apt_initservicehandle
                0x0010c8a0       0x68 c:/home/Software/devkitPro/libctru/lib\libctru.a(apt.o)
 .text._aptDebug
                0x0010c908        0x4 c:/home/Software/devkitPro/libctru/lib\libctru.a(apt.o)
                0x0010c908                _aptDebug
 .text.aptWaitStatusEvent
                0x0010c90c       0x28 c:/home/Software/devkitPro/libctru/lib\libctru.a(apt.o)
                0x0010c90c                aptWaitStatusEvent
 .text.aptHook  0x0010c934       0x34 c:/home/Software/devkitPro/libctru/lib\libctru.a(apt.o)
                0x0010c934                aptHook
 .text.aptUnhook
                0x0010c968       0x2c c:/home/Software/devkitPro/libctru/lib\libctru.a(apt.o)
                0x0010c968                aptUnhook
 .text.aptSetStatus
                0x0010c994       0x6c c:/home/Software/devkitPro/libctru/lib\libctru.a(apt.o)
                0x0010c994                aptSetStatus
 .text.APT_GetLockHandle
                0x0010ca00       0x48 c:/home/Software/devkitPro/libctru/lib\libctru.a(apt.o)
                0x0010ca00                APT_GetLockHandle
 .text.APT_Initialize
                0x0010ca48       0x60 c:/home/Software/devkitPro/libctru/lib\libctru.a(apt.o)
                0x0010ca48                APT_Initialize
 .text.APT_Finalize
                0x0010caa8       0x34 c:/home/Software/devkitPro/libctru/lib\libctru.a(apt.o)
                0x0010caa8                APT_Finalize
 .text.APT_InquireNotification
                0x0010cadc       0x48 c:/home/Software/devkitPro/libctru/lib\libctru.a(apt.o)
                0x0010cadc                APT_InquireNotification
 .text.APT_PrepareToJumpToApplication
                0x0010cb24       0x34 c:/home/Software/devkitPro/libctru/lib\libctru.a(apt.o)
                0x0010cb24                APT_PrepareToJumpToApplication
 .text.APT_JumpToApplication
                0x0010cb58       0x50 c:/home/Software/devkitPro/libctru/lib\libctru.a(apt.o)
                0x0010cb58                APT_JumpToApplication
 .text.APT_AppletUtility
                0x0010cba8       0x7c c:/home/Software/devkitPro/libctru/lib\libctru.a(apt.o)
                0x0010cba8                APT_AppletUtility
 .text.aptAppletUtility_Exit_RetToApp
                0x0010cc24      0x188 c:/home/Software/devkitPro/libctru/lib\libctru.a(apt.o)
                0x0010cc24                aptAppletUtility_Exit_RetToApp
 .text.aptAppStarted
                0x0010cdac      0x114 c:/home/Software/devkitPro/libctru/lib\libctru.a(apt.o)
 .text.aptInit  0x0010cec0      0x298 c:/home/Software/devkitPro/libctru/lib\libctru.a(apt.o)
                0x0010cec0                aptInit
 .text.APT_ReceiveParameter
                0x0010d158       0x6c c:/home/Software/devkitPro/libctru/lib\libctru.a(apt.o)
                0x0010d158                APT_ReceiveParameter
 .text.APT_ReplySleepQuery
                0x0010d1c4       0x38 c:/home/Software/devkitPro/libctru/lib\libctru.a(apt.o)
                0x0010d1c4                APT_ReplySleepQuery
 .text.APT_ReplySleepNotificationComplete
                0x0010d1fc       0x34 c:/home/Software/devkitPro/libctru/lib\libctru.a(apt.o)
                0x0010d1fc                APT_ReplySleepNotificationComplete
 .text.aptEventHandler
                0x0010d230      0x3f4 c:/home/Software/devkitPro/libctru/lib\libctru.a(apt.o)
                0x0010d230                aptEventHandler
 .text.APT_PrepareToCloseApplication
                0x0010d624       0x34 c:/home/Software/devkitPro/libctru/lib\libctru.a(apt.o)
                0x0010d624                APT_PrepareToCloseApplication
 .text.APT_CloseApplication
                0x0010d658       0x50 c:/home/Software/devkitPro/libctru/lib\libctru.a(apt.o)
                0x0010d658                APT_CloseApplication
 .text.aptExit  0x0010d6a8      0x2d0 c:/home/Software/devkitPro/libctru/lib\libctru.a(apt.o)
                0x0010d6a8                aptExit
 .text.APT_CheckNew3DS_System
                0x0010d978       0x6c c:/home/Software/devkitPro/libctru/lib\libctru.a(apt.o)
                0x0010d978                APT_CheckNew3DS_System
 .text.APT_CheckNew3DS
                0x0010d9e4       0x8c c:/home/Software/devkitPro/libctru/lib\libctru.a(apt.o)
                0x0010d9e4                APT_CheckNew3DS
 .text.csndInit
                0x0010da70      0x1c4 c:/home/Software/devkitPro/libctru/lib\libctru.a(csnd.o)
                0x0010da70                csndInit
 .text.csndExit
                0x0010dc34       0x94 c:/home/Software/devkitPro/libctru/lib\libctru.a(csnd.o)
                0x0010dc34                csndExit
 .text.csndAddCmd
                0x0010dcc8       0xc8 c:/home/Software/devkitPro/libctru/lib\libctru.a(csnd.o)
                0x0010dcc8                csndAddCmd
 .text.csndExecCmds
                0x0010dd90       0xa8 c:/home/Software/devkitPro/libctru/lib\libctru.a(csnd.o)
                0x0010dd90                csndExecCmds
 .text.csndPlaySound
                0x0010de38      0x268 c:/home/Software/devkitPro/libctru/lib\libctru.a(csnd.o)
                0x0010de38                csndPlaySound
 .text.gspEventThreadMain
                0x0010e0a0      0x124 c:/home/Software/devkitPro/libctru/lib\libctru.a(gspgpu.o)
 .text.gspInit  0x0010e1c4       0x74 c:/home/Software/devkitPro/libctru/lib\libctru.a(gspgpu.o)
                0x0010e1c4                gspInit
 .text.gspExit  0x0010e238       0x3c c:/home/Software/devkitPro/libctru/lib\libctru.a(gspgpu.o)
                0x0010e238                gspExit
 .text.gspSetEventCallback
                0x0010e274       0x34 c:/home/Software/devkitPro/libctru/lib\libctru.a(gspgpu.o)
                0x0010e274                gspSetEventCallback
 .text.gspInitEventHandler
                0x0010e2a8       0xd0 c:/home/Software/devkitPro/libctru/lib\libctru.a(gspgpu.o)
                0x0010e2a8                gspInitEventHandler
 .text.gspExitEventHandler
                0x0010e378       0x5c c:/home/Software/devkitPro/libctru/lib\libctru.a(gspgpu.o)
                0x0010e378                gspExitEventHandler
 .text.gspWaitForEvent
                0x0010e3d4       0x58 c:/home/Software/devkitPro/libctru/lib\libctru.a(gspgpu.o)
                0x0010e3d4                gspWaitForEvent
 .text.gspWaitForAnyEvent
                0x0010e42c       0x58 c:/home/Software/devkitPro/libctru/lib\libctru.a(gspgpu.o)
                0x0010e42c                gspWaitForAnyEvent
 .text.gspSubmitGxCommand
                0x0010e484      0x128 c:/home/Software/devkitPro/libctru/lib\libctru.a(gspgpu.o)
                0x0010e484                gspSubmitGxCommand
 .text.GSPGPU_SetBufferSwap
                0x0010e5ac       0x6c c:/home/Software/devkitPro/libctru/lib\libctru.a(gspgpu.o)
                0x0010e5ac                GSPGPU_SetBufferSwap
 .text.GSPGPU_FlushDataCache
                0x0010e618       0x4c c:/home/Software/devkitPro/libctru/lib\libctru.a(gspgpu.o)
                0x0010e618                GSPGPU_FlushDataCache
 .text.GSPGPU_SetLcdForceBlack
                0x0010e664       0x34 c:/home/Software/devkitPro/libctru/lib\libctru.a(gspgpu.o)
                0x0010e664                GSPGPU_SetLcdForceBlack
 .text.GSPGPU_RegisterInterruptRelayQueue
                0x0010e698       0x64 c:/home/Software/devkitPro/libctru/lib\libctru.a(gspgpu.o)
                0x0010e698                GSPGPU_RegisterInterruptRelayQueue
 .text.GSPGPU_UnregisterInterruptRelayQueue
                0x0010e6fc       0x2c c:/home/Software/devkitPro/libctru/lib\libctru.a(gspgpu.o)
                0x0010e6fc                GSPGPU_UnregisterInterruptRelayQueue
 .text.GSPGPU_AcquireRight
                0x0010e728       0x48 c:/home/Software/devkitPro/libctru/lib\libctru.a(gspgpu.o)
                0x0010e728                GSPGPU_AcquireRight
 .text.GSPGPU_ReleaseRight
                0x0010e770       0x2c c:/home/Software/devkitPro/libctru/lib\libctru.a(gspgpu.o)
                0x0010e770                GSPGPU_ReleaseRight
 .text.GSPGPU_RestoreVramSysArea
                0x0010e79c       0x2c c:/home/Software/devkitPro/libctru/lib\libctru.a(gspgpu.o)
                0x0010e79c                GSPGPU_RestoreVramSysArea
 .text.hidExit  0x0010e7c8       0xd8 c:/home/Software/devkitPro/libctru/lib\libctru.a(hid.o)
                0x0010e7c8                hidExit
 .text.hidScanInput
                0x0010e8a0      0x238 c:/home/Software/devkitPro/libctru/lib\libctru.a(hid.o)
                0x0010e8a0                hidScanInput
 .text.hidKeysHeld
                0x0010ead8       0x10 c:/home/Software/devkitPro/libctru/lib\libctru.a(hid.o)
                0x0010ead8                hidKeysHeld
 .text.hidKeysDown
                0x0010eae8       0x10 c:/home/Software/devkitPro/libctru/lib\libctru.a(hid.o)
                0x0010eae8                hidKeysDown
 .text.HIDUSER_GetHandles
                0x0010eaf8       0x90 c:/home/Software/devkitPro/libctru/lib\libctru.a(hid.o)
                0x0010eaf8                HIDUSER_GetHandles
 .text.hidInit  0x0010eb88      0x184 c:/home/Software/devkitPro/libctru/lib\libctru.a(hid.o)
                0x0010eb88                hidInit
 .text.irrstScanInput
                0x0010ed0c       0xb0 c:/home/Software/devkitPro/libctru/lib\libctru.a(irrst.o)
                0x0010ed0c                irrstScanInput
 .text.irrstKeysHeld
                0x0010edbc       0x1c c:/home/Software/devkitPro/libctru/lib\libctru.a(irrst.o)
                0x0010edbc                irrstKeysHeld
 .text.IRRST_GetHandles
                0x0010edd8       0x50 c:/home/Software/devkitPro/libctru/lib\libctru.a(irrst.o)
                0x0010edd8                IRRST_GetHandles
 .text.irrstInit
                0x0010ee28      0x148 c:/home/Software/devkitPro/libctru/lib\libctru.a(irrst.o)
                0x0010ee28                irrstInit
 .text.IRRST_Shutdown
                0x0010ef70       0x2c c:/home/Software/devkitPro/libctru/lib\libctru.a(irrst.o)
                0x0010ef70                IRRST_Shutdown
 .text.irrstExit
                0x0010ef9c       0xb0 c:/home/Software/devkitPro/libctru/lib\libctru.a(irrst.o)
                0x0010ef9c                irrstExit
 .text.ptmSysmInit
                0x0010f04c       0x70 c:/home/Software/devkitPro/libctru/lib\libctru.a(ptmsysm.o)
                0x0010f04c                ptmSysmInit
 .text.ptmSysmExit
                0x0010f0bc       0x34 c:/home/Software/devkitPro/libctru/lib\libctru.a(ptmsysm.o)
                0x0010f0bc                ptmSysmExit
 .text.PTMSYSM_ConfigureNew3DSCPU
                0x0010f0f0       0x34 c:/home/Software/devkitPro/libctru/lib\libctru.a(ptmsysm.o)
                0x0010f0f0                PTMSYSM_ConfigureNew3DSCPU
 .text.rbtree_find
                0x0010f124       0x70 c:/home/Software/devkitPro/libctru/lib\libctru.a(rbtree_find.o)
                0x0010f124                rbtree_find
 .text.rbtree_init
                0x0010f194       0x14 c:/home/Software/devkitPro/libctru/lib\libctru.a(rbtree_init.o)
                0x0010f194                rbtree_init
 .text.do_insert
                0x0010f1a8      0x1d4 c:/home/Software/devkitPro/libctru/lib\libctru.a(rbtree_insert.o)
 .text.rbtree_insert
                0x0010f37c        0x8 c:/home/Software/devkitPro/libctru/lib\libctru.a(rbtree_insert.o)
                0x0010f37c                rbtree_insert
 .text.rbtree_remove
                0x0010f384      0x35c c:/home/Software/devkitPro/libctru/lib\libctru.a(rbtree_remove.o)
                0x0010f384                rbtree_remove
 .text.rbtree_rotate
                0x0010f6e0       0xac c:/home/Software/devkitPro/libctru/lib\libctru.a(rbtree_rotate.o)
                0x0010f6e0                rbtree_rotate
 .text.osGetMemRegionSize
                0x0010f78c       0x58 c:/home/Software/devkitPro/libctru/lib\libctru.a(allocateHeaps.o)
 .text.__system_allocateHeaps
                0x0010f7e4      0x124 c:/home/Software/devkitPro/libctru/lib\libctru.a(allocateHeaps.o)
                0x0010f7e4                __system_allocateHeaps
 .text.__system_initArgv
                0x0010f908       0xf4 c:/home/Software/devkitPro/libctru/lib\libctru.a(initArgv.o)
                0x0010f908                __system_initArgv
 .text.__libctru_init
                0x0010f9fc       0x38 c:/home/Software/devkitPro/libctru/lib\libctru.a(initSystem.o)
                0x0010f9fc                __libctru_init
 .text.__ctru_get_reent
                0x0010fa34       0x30 c:/home/Software/devkitPro/libctru/lib\libctru.a(syscalls.o)
 .text.__system_initSyscalls
                0x0010fa64       0xe8 c:/home/Software/devkitPro/libctru/lib\libctru.a(syscalls.o)
                0x0010fa64                __system_initSyscalls
 .text.svcControlMemory
                0x0010fb4c       0x20 c:/home/Software/devkitPro/libctru/lib\libctru.a(svc.o)
                0x0010fb4c                svcControlMemory
 .text.svcExitProcess
                0x0010fb6c        0x8 c:/home/Software/devkitPro/libctru/lib\libctru.a(svc.o)
                0x0010fb6c                svcExitProcess
 .text.svcCreateThread
                0x0010fb74       0x20 c:/home/Software/devkitPro/libctru/lib\libctru.a(svc.o)
                0x0010fb74                svcCreateThread
 .text.svcExitThread
                0x0010fb94        0x8 c:/home/Software/devkitPro/libctru/lib\libctru.a(svc.o)
                0x0010fb94                svcExitThread
 .text.svcReleaseMutex
                0x0010fb9c        0x8 c:/home/Software/devkitPro/libctru/lib\libctru.a(svc.o)
                0x0010fb9c                svcReleaseMutex
 .text.svcCreateEvent
                0x0010fba4       0x14 c:/home/Software/devkitPro/libctru/lib\libctru.a(svc.o)
                0x0010fba4                svcCreateEvent
 .text.svcSignalEvent
                0x0010fbb8        0x8 c:/home/Software/devkitPro/libctru/lib\libctru.a(svc.o)
                0x0010fbb8                svcSignalEvent
 .text.svcClearEvent
                0x0010fbc0        0x8 c:/home/Software/devkitPro/libctru/lib\libctru.a(svc.o)
                0x0010fbc0                svcClearEvent
 .text.svcMapMemoryBlock
                0x0010fbc8        0x8 c:/home/Software/devkitPro/libctru/lib\libctru.a(svc.o)
                0x0010fbc8                svcMapMemoryBlock
 .text.svcUnmapMemoryBlock
                0x0010fbd0        0x8 c:/home/Software/devkitPro/libctru/lib\libctru.a(svc.o)
                0x0010fbd0                svcUnmapMemoryBlock
 .text.svcCreateAddressArbiter
                0x0010fbd8       0x14 c:/home/Software/devkitPro/libctru/lib\libctru.a(svc.o)
                0x0010fbd8                svcCreateAddressArbiter
 .text.svcArbitrateAddress
                0x0010fbec       0x18 c:/home/Software/devkitPro/libctru/lib\libctru.a(svc.o)
                0x0010fbec                svcArbitrateAddress
 .text.svcCloseHandle
                0x0010fc04        0x8 c:/home/Software/devkitPro/libctru/lib\libctru.a(svc.o)
                0x0010fc04                svcCloseHandle
 .text.svcWaitSynchronization
                0x0010fc0c        0x8 c:/home/Software/devkitPro/libctru/lib\libctru.a(svc.o)
                0x0010fc0c                svcWaitSynchronization
 .text.svcWaitSynchronizationN
                0x0010fc14       0x28 c:/home/Software/devkitPro/libctru/lib\libctru.a(svc.o)
                0x0010fc14                svcWaitSynchronizationN
 .text.svcDuplicateHandle
                0x0010fc3c       0x14 c:/home/Software/devkitPro/libctru/lib\libctru.a(svc.o)
                0x0010fc3c                svcDuplicateHandle
 .text.svcGetSystemTick
                0x0010fc50        0x8 c:/home/Software/devkitPro/libctru/lib\libctru.a(svc.o)
                0x0010fc50                svcGetSystemTick
 .text.svcGetSystemInfo
                0x0010fc58       0x18 c:/home/Software/devkitPro/libctru/lib\libctru.a(svc.o)
                0x0010fc58                svcGetSystemInfo
 .text.svcConnectToPort
                0x0010fc70       0x14 c:/home/Software/devkitPro/libctru/lib\libctru.a(svc.o)
                0x0010fc70                svcConnectToPort
 .text.svcSendSyncRequest
                0x0010fc84        0x8 c:/home/Software/devkitPro/libctru/lib\libctru.a(svc.o)
                0x0010fc84                svcSendSyncRequest
 .text.svcBreak
                0x0010fc8c        0x8 c:/home/Software/devkitPro/libctru/lib\libctru.a(svc.o)
                0x0010fc8c                svcBreak
 .text.svcOutputDebugString
                0x0010fc94        0x8 c:/home/Software/devkitPro/libctru/lib\libctru.a(svc.o)
                0x0010fc94                svcOutputDebugString
 .text._ZL21addrMapNodeComparatorPK11rbtree_nodeS1_
                0x0010fc9c       0x24 c:/home/Software/devkitPro/libctru/lib\libctru.a(mappable.o)
 .text._ZL21addrMapNodeDestructorP11rbtree_node
                0x0010fcc0        0x4 c:/home/Software/devkitPro/libctru/lib\libctru.a(mappable.o)
 .text.mappableAlloc
                0x0010fcc4       0xf4 c:/home/Software/devkitPro/libctru/lib\libctru.a(mappable.o)
                0x0010fcc4                mappableAlloc
 .text.mappableFree
                0x0010fdb8       0x50 c:/home/Software/devkitPro/libctru/lib\libctru.a(mappable.o)
                0x0010fdb8                mappableFree
 .text.envGetHandle
                0x0010fe08       0x94 c:/home/Software/devkitPro/libctru/lib\libctru.a(env.o)
                0x0010fe08                envGetHandle
 .text.envDestroyHandles
                0x0010fe9c       0x4c c:/home/Software/devkitPro/libctru/lib\libctru.a(env.o)
                0x0010fe9c                envDestroyHandles
 .text.LightLock_Unlock.part.1
                0x0010fee8       0x34 c:/home/Software/devkitPro/libctru/lib\libctru.a(synchronization.o)
 .text.__sync_init
                0x0010ff1c        0xc c:/home/Software/devkitPro/libctru/lib\libctru.a(synchronization.o)
                0x0010ff1c                __sync_init
 .text.__sync_fini
                0x0010ff28       0x18 c:/home/Software/devkitPro/libctru/lib\libctru.a(synchronization.o)
                0x0010ff28                __sync_fini
 .text.LightLock_Init
                0x0010ff40       0x18 c:/home/Software/devkitPro/libctru/lib\libctru.a(synchronization.o)
                0x0010ff40                LightLock_Init
 .text.LightLock_Lock
                0x0010ff58       0x94 c:/home/Software/devkitPro/libctru/lib\libctru.a(synchronization.o)
                0x0010ff58                LightLock_Lock
 .text.LightLock_TryLock
                0x0010ffec       0x34 c:/home/Software/devkitPro/libctru/lib\libctru.a(synchronization.o)
                0x0010ffec                LightLock_TryLock
 .text.LightLock_Unlock
                0x00110020       0x20 c:/home/Software/devkitPro/libctru/lib\libctru.a(synchronization.o)
                0x00110020                LightLock_Unlock
 .text.RecursiveLock_Init
                0x00110040       0x24 c:/home/Software/devkitPro/libctru/lib\libctru.a(synchronization.o)
                0x00110040                RecursiveLock_Init
 .text.RecursiveLock_Lock
                0x00110064       0x30 c:/home/Software/devkitPro/libctru/lib\libctru.a(synchronization.o)
                0x00110064                RecursiveLock_Lock
 .text.RecursiveLock_TryLock
                0x00110094       0x58 c:/home/Software/devkitPro/libctru/lib\libctru.a(synchronization.o)
                0x00110094                RecursiveLock_TryLock
 .text.RecursiveLock_Unlock
                0x001100ec       0x38 c:/home/Software/devkitPro/libctru/lib\libctru.a(synchronization.o)
                0x001100ec                RecursiveLock_Unlock
 .text.threadCreate
                0x00110124      0x1c8 c:/home/Software/devkitPro/libctru/lib\libctru.a(thread.o)
                0x00110124                threadCreate
 .text.threadJoin
                0x001102ec       0x24 c:/home/Software/devkitPro/libctru/lib\libctru.a(thread.o)
                0x001102ec                threadJoin
 .text.threadExit
                0x00110310       0x6c c:/home/Software/devkitPro/libctru/lib\libctru.a(thread.o)
                0x00110310                threadExit
 .text._thread_begin
                0x0011037c       0x3c c:/home/Software/devkitPro/libctru/lib\libctru.a(thread.o)
 .text.rbtree_node_next
                0x001103b8       0x8c c:/home/Software/devkitPro/libctru/lib\libctru.a(rbtree_iterator.o)
                0x001103b8                rbtree_node_next
 .text.__appExit
                0x00110444       0x1c c:/home/Software/devkitPro/libctru/lib\libctru.a(appExit.o)
                0x00110444                __appExit
 .text.__appInit
                0x00110460       0x1c c:/home/Software/devkitPro/libctru/lib\libctru.a(appInit.o)
                0x00110460                __appInit
 .text.__libctru_exit
                0x0011047c       0xa4 c:/home/Software/devkitPro/libctru/lib\libctru.a(ctru_exit.o)
                0x0011047c                __libctru_exit
 .text.sdmc_link
                0x00110520       0x10 c:/home/Software/devkitPro/libctru/lib\libctru.a(sdmc_dev.o)
 .text.sdmc_dirreset
                0x00110530       0x10 c:/home/Software/devkitPro/libctru/lib\libctru.a(sdmc_dev.o)
 .text.sdmc_chmod
                0x00110540       0x10 c:/home/Software/devkitPro/libctru/lib\libctru.a(sdmc_dev.o)
 .text.sdmc_fchmod
                0x00110550       0x10 c:/home/Software/devkitPro/libctru/lib\libctru.a(sdmc_dev.o)
 .text.error_cmp
                0x00110560       0x24 c:/home/Software/devkitPro/libctru/lib\libctru.a(sdmc_dev.o)
 .text.sdmc_translate_error
                0x00110584       0x50 c:/home/Software/devkitPro/libctru/lib\libctru.a(sdmc_dev.o)
 .text.sdmc_fsync
                0x001105d4       0x34 c:/home/Software/devkitPro/libctru/lib\libctru.a(sdmc_dev.o)
 .text.sdmc_ftruncate
                0x00110608       0x54 c:/home/Software/devkitPro/libctru/lib\libctru.a(sdmc_dev.o)
 .text.sdmc_statvfs
                0x0011065c       0xac c:/home/Software/devkitPro/libctru/lib\libctru.a(sdmc_dev.o)
 .text.sdmc_dirclose
                0x00110708       0x38 c:/home/Software/devkitPro/libctru/lib\libctru.a(sdmc_dev.o)
 .text.sdmc_dirnext
                0x00110740       0xe0 c:/home/Software/devkitPro/libctru/lib\libctru.a(sdmc_dev.o)
 .text.sdmc_close
                0x00110820       0x34 c:/home/Software/devkitPro/libctru/lib\libctru.a(sdmc_dev.o)
 .text.sdmc_fstat
                0x00110854       0x74 c:/home/Software/devkitPro/libctru/lib\libctru.a(sdmc_dev.o)
 .text.sdmc_seek
                0x001108c8       0xc0 c:/home/Software/devkitPro/libctru/lib\libctru.a(sdmc_dev.o)
 .text.sdmc_read
                0x00110988       0x8c c:/home/Software/devkitPro/libctru/lib\libctru.a(sdmc_dev.o)
 .text.sdmc_write
                0x00110a14      0x108 c:/home/Software/devkitPro/libctru/lib\libctru.a(sdmc_dev.o)
 .text.sdmc_utf16path
                0x00110b1c      0x1b4 c:/home/Software/devkitPro/libctru/lib\libctru.a(sdmc_dev.o)
 .text.sdmc_rmdir
                0x00110cd0       0x80 c:/home/Software/devkitPro/libctru/lib\libctru.a(sdmc_dev.o)
 .text.sdmc_diropen
                0x00110d50       0x9c c:/home/Software/devkitPro/libctru/lib\libctru.a(sdmc_dev.o)
 .text.sdmc_chdir
                0x00110dec       0xa8 c:/home/Software/devkitPro/libctru/lib\libctru.a(sdmc_dev.o)
 .text.sdmc_mkdir
                0x00110e94       0x84 c:/home/Software/devkitPro/libctru/lib\libctru.a(sdmc_dev.o)
 .text.sdmc_rename
                0x00110f18      0x138 c:/home/Software/devkitPro/libctru/lib\libctru.a(sdmc_dev.o)
 .text.sdmc_unlink
                0x00111050       0x80 c:/home/Software/devkitPro/libctru/lib\libctru.a(sdmc_dev.o)
 .text.sdmc_stat
                0x001110d0      0x120 c:/home/Software/devkitPro/libctru/lib\libctru.a(sdmc_dev.o)
 .text.sdmc_open
                0x001111f0      0x1ac c:/home/Software/devkitPro/libctru/lib\libctru.a(sdmc_dev.o)
 .text.sdmcInit
                0x0011139c      0x134 c:/home/Software/devkitPro/libctru/lib\libctru.a(sdmc_dev.o)
                0x0011139c                sdmcInit
 .text.sdmcExit
                0x001114d0       0x50 c:/home/Software/devkitPro/libctru/lib\libctru.a(sdmc_dev.o)
                0x001114d0                sdmcExit
 .text.fsInit   0x00111520       0xc8 c:/home/Software/devkitPro/libctru/lib\libctru.a(fs.o)
                0x00111520                fsInit
 .text.fsExit   0x001115e8       0x34 c:/home/Software/devkitPro/libctru/lib\libctru.a(fs.o)
                0x001115e8                fsExit
 .text.FSUSER_OpenFile
                0x0011161c       0xdc c:/home/Software/devkitPro/libctru/lib\libctru.a(fs.o)
                0x0011161c                FSUSER_OpenFile
 .text.FSUSER_DeleteFile
                0x001116f8       0xb8 c:/home/Software/devkitPro/libctru/lib\libctru.a(fs.o)
                0x001116f8                FSUSER_DeleteFile
 .text.FSUSER_RenameFile
                0x001117b0       0xf4 c:/home/Software/devkitPro/libctru/lib\libctru.a(fs.o)
                0x001117b0                FSUSER_RenameFile
 .text.FSUSER_DeleteDirectory
                0x001118a4       0xb8 c:/home/Software/devkitPro/libctru/lib\libctru.a(fs.o)
                0x001118a4                FSUSER_DeleteDirectory
 .text.FSUSER_CreateFile
                0x0011195c       0xd0 c:/home/Software/devkitPro/libctru/lib\libctru.a(fs.o)
                0x0011195c                FSUSER_CreateFile
 .text.FSUSER_CreateDirectory
                0x00111a2c       0xc0 c:/home/Software/devkitPro/libctru/lib\libctru.a(fs.o)
                0x00111a2c                FSUSER_CreateDirectory
 .text.FSUSER_RenameDirectory
                0x00111aec       0xf4 c:/home/Software/devkitPro/libctru/lib\libctru.a(fs.o)
                0x00111aec                FSUSER_RenameDirectory
 .text.FSUSER_OpenDirectory
                0x00111be0       0xc4 c:/home/Software/devkitPro/libctru/lib\libctru.a(fs.o)
                0x00111be0                FSUSER_OpenDirectory
 .text.FSUSER_OpenArchive
                0x00111ca4       0xbc c:/home/Software/devkitPro/libctru/lib\libctru.a(fs.o)
                0x00111ca4                FSUSER_OpenArchive
 .text.FSUSER_CloseArchive
                0x00111d60       0x88 c:/home/Software/devkitPro/libctru/lib\libctru.a(fs.o)
                0x00111d60                FSUSER_CloseArchive
 .text.FSUSER_GetSdmcArchiveResource
                0x00111de8       0x8c c:/home/Software/devkitPro/libctru/lib\libctru.a(fs.o)
                0x00111de8                FSUSER_GetSdmcArchiveResource
 .text.FSUSER_IsSdmcWritable
                0x00111e74       0x64 c:/home/Software/devkitPro/libctru/lib\libctru.a(fs.o)
                0x00111e74                FSUSER_IsSdmcWritable
 .text.FSFILE_Read
                0x00111ed8       0x5c c:/home/Software/devkitPro/libctru/lib\libctru.a(fs.o)
                0x00111ed8                FSFILE_Read
 .text.FSFILE_Write
                0x00111f34       0x64 c:/home/Software/devkitPro/libctru/lib\libctru.a(fs.o)
                0x00111f34                FSFILE_Write
 .text.FSFILE_GetSize
                0x00111f98       0x3c c:/home/Software/devkitPro/libctru/lib\libctru.a(fs.o)
                0x00111f98                FSFILE_GetSize
 .text.FSFILE_SetSize
                0x00111fd4       0x2c c:/home/Software/devkitPro/libctru/lib\libctru.a(fs.o)
                0x00111fd4                FSFILE_SetSize
 .text.FSFILE_Close
                0x00112000       0x3c c:/home/Software/devkitPro/libctru/lib\libctru.a(fs.o)
                0x00112000                FSFILE_Close
 .text.FSFILE_Flush
                0x0011203c       0x24 c:/home/Software/devkitPro/libctru/lib\libctru.a(fs.o)
                0x0011203c                FSFILE_Flush
 .text.FSDIR_Read
                0x00112060       0x54 c:/home/Software/devkitPro/libctru/lib\libctru.a(fs.o)
                0x00112060                FSDIR_Read
 .text.FSDIR_Close
                0x001120b4       0x3c c:/home/Software/devkitPro/libctru/lib\libctru.a(fs.o)
                0x001120b4                FSDIR_Close
 .text.decode_utf8
                0x001120f0      0x138 c:/home/Software/devkitPro/libctru/lib\libctru.a(decode_utf8.o)
                0x001120f0                decode_utf8
 .text.utf16_to_utf8
                0x00112228       0xe4 c:/home/Software/devkitPro/libctru/lib\libctru.a(utf16_to_utf8.o)
                0x00112228                utf16_to_utf8
 .text.utf8_to_utf16
                0x0011230c       0xbc c:/home/Software/devkitPro/libctru/lib\libctru.a(utf8_to_utf16.o)
                0x0011230c                utf8_to_utf16
 .text.__aeabi_read_tp
                0x001123c8        0xc c:/home/Software/devkitPro/libctru/lib\libctru.a(readtp.o)
                0x001123c8                __aeabi_read_tp
 .text.decode_utf16
                0x001123d4       0x60 c:/home/Software/devkitPro/libctru/lib\libctru.a(decode_utf16.o)
                0x001123d4                decode_utf16
 .text.encode_utf16
                0x00112434       0x68 c:/home/Software/devkitPro/libctru/lib\libctru.a(encode_utf16.o)
                0x00112434                encode_utf16
 .text.encode_utf8
                0x0011249c      0x104 c:/home/Software/devkitPro/libctru/lib\libctru.a(encode_utf8.o)
                0x0011249c                encode_utf8
 .text.bsearch  0x001125a0       0x78 c:/home/software/devkitpro/devkitarm/bin/../lib/gcc/arm-none-eabi/5.3.0/../../../../arm-none-eabi/lib/armv6k/fpu\libg.a(lib_a-bsearch.o)
                0x001125a0                bsearch
 .text.calloc   0x00112618       0x20 c:/home/software/devkitpro/devkitarm/bin/../lib/gcc/arm-none-eabi/5.3.0/../../../../arm-none-eabi/lib/armv6k/fpu\libg.a(lib_a-calloc.o)
                0x00112618                calloc
 .text._calloc_r
                0x00112638       0x90 c:/home/software/devkitpro/devkitarm/bin/../lib/gcc/arm-none-eabi/5.3.0/../../../../arm-none-eabi/lib/armv6k/fpu\libg.a(lib_a-callocr.o)
                0x00112638                _calloc_r
 .text._fclose_r
                0x001126c8      0x120 c:/home/software/devkitpro/devkitarm/bin/../lib/gcc/arm-none-eabi/5.3.0/../../../../arm-none-eabi/lib/armv6k/fpu\libg.a(lib_a-fclose.o)
                0x001126c8                _fclose_r
 .text.fclose   0x001127e8       0x18 c:/home/software/devkitpro/devkitarm/bin/../lib/gcc/arm-none-eabi/5.3.0/../../../../arm-none-eabi/lib/armv6k/fpu\libg.a(lib_a-fclose.o)
                0x001127e8                fclose
 .text.__sflush_r
                0x00112800      0x230 c:/home/software/devkitpro/devkitarm/bin/../lib/gcc/arm-none-eabi/5.3.0/../../../../arm-none-eabi/lib/armv6k/fpu\libg.a(lib_a-fflush.o)
                0x00112800                __sflush_r
 .text._fflush_r
                0x00112a30       0x90 c:/home/software/devkitpro/devkitarm/bin/../lib/gcc/arm-none-eabi/5.3.0/../../../../arm-none-eabi/lib/armv6k/fpu\libg.a(lib_a-fflush.o)
                0x00112a30                _fflush_r
 .text.fflush   0x00112ac0       0x38 c:/home/software/devkitpro/devkitarm/bin/../lib/gcc/arm-none-eabi/5.3.0/../../../../arm-none-eabi/lib/armv6k/fpu\libg.a(lib_a-fflush.o)
                0x00112ac0                fflush
 .text._cleanup_r
                0x00112af8        0xc c:/home/software/devkitpro/devkitarm/bin/../lib/gcc/arm-none-eabi/5.3.0/../../../../arm-none-eabi/lib/armv6k/fpu\libg.a(lib_a-findfp.o)
                0x00112af8                _cleanup_r
 .text.std.isra.0
                0x00112b04       0x80 c:/home/software/devkitpro/devkitarm/bin/../lib/gcc/arm-none-eabi/5.3.0/../../../../arm-none-eabi/lib/armv6k/fpu\libg.a(lib_a-findfp.o)
 .text.__sfmoreglue
                0x00112b84       0x48 c:/home/software/devkitpro/devkitarm/bin/../lib/gcc/arm-none-eabi/5.3.0/../../../../arm-none-eabi/lib/armv6k/fpu\libg.a(lib_a-findfp.o)
                0x00112b84                __sfmoreglue
 .text.__sinit  0x00112bcc       0x8c c:/home/software/devkitpro/devkitarm/bin/../lib/gcc/arm-none-eabi/5.3.0/../../../../arm-none-eabi/lib/armv6k/fpu\libg.a(lib_a-findfp.o)
                0x00112bcc                __sinit
 .text.__sfp    0x00112c58      0x11c c:/home/software/devkitpro/devkitarm/bin/../lib/gcc/arm-none-eabi/5.3.0/../../../../arm-none-eabi/lib/armv6k/fpu\libg.a(lib_a-findfp.o)
                0x00112c58                __sfp
 .text.__sfp_lock_acquire
                0x00112d74        0xc c:/home/software/devkitpro/devkitarm/bin/../lib/gcc/arm-none-eabi/5.3.0/../../../../arm-none-eabi/lib/armv6k/fpu\libg.a(lib_a-findfp.o)
                0x00112d74                __sfp_lock_acquire
 .text.__sfp_lock_release
                0x00112d80        0xc c:/home/software/devkitpro/devkitarm/bin/../lib/gcc/arm-none-eabi/5.3.0/../../../../arm-none-eabi/lib/armv6k/fpu\libg.a(lib_a-findfp.o)
                0x00112d80                __sfp_lock_release
 .text.__libc_fini_array
                0x00112d8c       0x3c c:/home/software/devkitpro/devkitarm/bin/../lib/gcc/arm-none-eabi/5.3.0/../../../../arm-none-eabi/lib/armv6k/fpu\libg.a(lib_a-fini.o)
                0x00112d8c                __libc_fini_array
 .text._fopen_r
                0x00112dc8      0x13c c:/home/software/devkitpro/devkitarm/bin/../lib/gcc/arm-none-eabi/5.3.0/../../../../arm-none-eabi/lib/armv6k/fpu\libg.a(lib_a-fopen.o)
                0x00112dc8                _fopen_r
 .text.fopen    0x00112f04       0x20 c:/home/software/devkitpro/devkitarm/bin/../lib/gcc/arm-none-eabi/5.3.0/../../../../arm-none-eabi/lib/armv6k/fpu\libg.a(lib_a-fopen.o)
                0x00112f04                fopen
 .text._fread_r
                0x00112f24      0x2ec c:/home/software/devkitpro/devkitarm/bin/../lib/gcc/arm-none-eabi/5.3.0/../../../../arm-none-eabi/lib/armv6k/fpu\libg.a(lib_a-fread.o)
                0x00112f24                _fread_r
 .text.fread    0x00113210       0x38 c:/home/software/devkitpro/devkitarm/bin/../lib/gcc/arm-none-eabi/5.3.0/../../../../arm-none-eabi/lib/armv6k/fpu\libg.a(lib_a-fread.o)
                0x00113210                fread
 .text._malloc_trim_r
                0x00113248       0xf8 c:/home/software/devkitpro/devkitarm/bin/../lib/gcc/arm-none-eabi/5.3.0/../../../../arm-none-eabi/lib/armv6k/fpu\libg.a(lib_a-freer.o)
                0x00113248                _malloc_trim_r
 .text._free_r  0x00113340      0x2e4 c:/home/software/devkitpro/devkitarm/bin/../lib/gcc/arm-none-eabi/5.3.0/../../../../arm-none-eabi/lib/armv6k/fpu\libg.a(lib_a-freer.o)
                0x00113340                _free_r
 .text._fseek_r
                0x00113624        0x4 c:/home/software/devkitpro/devkitarm/bin/../lib/gcc/arm-none-eabi/5.3.0/../../../../arm-none-eabi/lib/armv6k/fpu\libg.a(lib_a-fseek.o)
                0x00113624                _fseek_r
 .text.fseek    0x00113628       0x28 c:/home/software/devkitpro/devkitarm/bin/../lib/gcc/arm-none-eabi/5.3.0/../../../../arm-none-eabi/lib/armv6k/fpu\libg.a(lib_a-fseek.o)
                0x00113628                fseek
 .text._fseeko_r
                0x00113650      0x4f8 c:/home/software/devkitpro/devkitarm/bin/../lib/gcc/arm-none-eabi/5.3.0/../../../../arm-none-eabi/lib/armv6k/fpu\libg.a(lib_a-fseeko.o)
                0x00113650                _fseeko_r
 .text.ftell    0x00113b48       0x18 c:/home/software/devkitpro/devkitarm/bin/../lib/gcc/arm-none-eabi/5.3.0/../../../../arm-none-eabi/lib/armv6k/fpu\libg.a(lib_a-ftell.o)
                0x00113b48                ftell
 .text._ftello_r
                0x00113b60      0x164 c:/home/software/devkitpro/devkitarm/bin/../lib/gcc/arm-none-eabi/5.3.0/../../../../arm-none-eabi/lib/armv6k/fpu\libg.a(lib_a-ftello.o)
                0x00113b60                _ftello_r
 .text._fwalk   0x00113cc4       0x78 c:/home/software/devkitpro/devkitarm/bin/../lib/gcc/arm-none-eabi/5.3.0/../../../../arm-none-eabi/lib/armv6k/fpu\libg.a(lib_a-fwalk.o)
                0x00113cc4                _fwalk
 .text._fwalk_reent
                0x00113d3c       0x80 c:/home/software/devkitpro/devkitarm/bin/../lib/gcc/arm-none-eabi/5.3.0/../../../../arm-none-eabi/lib/armv6k/fpu\libg.a(lib_a-fwalk.o)
                0x00113d3c                _fwalk_reent
 .text.gmtime   0x00113dbc       0x1c c:/home/software/devkitpro/devkitarm/bin/../lib/gcc/arm-none-eabi/5.3.0/../../../../arm-none-eabi/lib/armv6k/fpu\libg.a(lib_a-gmtime.o)
                0x00113dbc                gmtime
 .text.gmtime_r
                0x00113dd8      0x210 c:/home/software/devkitpro/devkitarm/bin/../lib/gcc/arm-none-eabi/5.3.0/../../../../arm-none-eabi/lib/armv6k/fpu\libg.a(lib_a-gmtime_r.o)
                0x00113dd8                gmtime_r
 .text.__libc_init_array
                0x00113fe8       0x78 c:/home/software/devkitpro/devkitarm/bin/../lib/gcc/arm-none-eabi/5.3.0/../../../../arm-none-eabi/lib/armv6k/fpu\libg.a(lib_a-init.o)
                0x00113fe8                __libc_init_array
 .text.iprintf  0x00114060       0x38 c:/home/software/devkitpro/devkitarm/bin/../lib/gcc/arm-none-eabi/5.3.0/../../../../arm-none-eabi/lib/armv6k/fpu\libg.a(lib_a-iprintf.o)
                0x00114060                iprintf
 .text.__smakebuf_r
                0x00114098      0x160 c:/home/software/devkitpro/devkitarm/bin/../lib/gcc/arm-none-eabi/5.3.0/../../../../arm-none-eabi/lib/armv6k/fpu\libg.a(lib_a-makebuf.o)
                0x00114098                __smakebuf_r
 .text.memalign
                0x001141f8       0x20 c:/home/software/devkitpro/devkitarm/bin/../lib/gcc/arm-none-eabi/5.3.0/../../../../arm-none-eabi/lib/armv6k/fpu\libg.a(lib_a-malign.o)
                0x001141f8                memalign
 .text._memalign_r
                0x00114218      0x15c c:/home/software/devkitpro/devkitarm/bin/../lib/gcc/arm-none-eabi/5.3.0/../../../../arm-none-eabi/lib/armv6k/fpu\libg.a(lib_a-malignr.o)
                0x00114218                _memalign_r
 .text.malloc   0x00114374       0x18 c:/home/software/devkitpro/devkitarm/bin/../lib/gcc/arm-none-eabi/5.3.0/../../../../arm-none-eabi/lib/armv6k/fpu\libg.a(lib_a-malloc.o)
                0x00114374                malloc
 .text.free     0x0011438c       0x18 c:/home/software/devkitpro/devkitarm/bin/../lib/gcc/arm-none-eabi/5.3.0/../../../../arm-none-eabi/lib/armv6k/fpu\libg.a(lib_a-malloc.o)
                0x0011438c                free
 .text._malloc_r
                0x001143a4      0x7a8 c:/home/software/devkitpro/devkitarm/bin/../lib/gcc/arm-none-eabi/5.3.0/../../../../arm-none-eabi/lib/armv6k/fpu\libg.a(lib_a-mallocr.o)
                0x001143a4                _malloc_r
 .text.memcpy   0x00114b4c       0xf0 c:/home/software/devkitpro/devkitarm/bin/../lib/gcc/arm-none-eabi/5.3.0/../../../../arm-none-eabi/lib/armv6k/fpu\libg.a(lib_a-memcpy.o)
                0x00114b4c                memcpy
 .text.memset   0x00114c3c       0xf4 c:/home/software/devkitpro/devkitarm/bin/../lib/gcc/arm-none-eabi/5.3.0/../../../../arm-none-eabi/lib/armv6k/fpu\libg.a(lib_a-memset.o)
                0x00114c3c                memset
 .text.__malloc_lock
                0x00114d30        0xc c:/home/software/devkitpro/devkitarm/bin/../lib/gcc/arm-none-eabi/5.3.0/../../../../arm-none-eabi/lib/armv6k/fpu\libg.a(lib_a-mlock.o)
                0x00114d30                __malloc_lock
 .text.__malloc_unlock
                0x00114d3c        0xc c:/home/software/devkitpro/devkitarm/bin/../lib/gcc/arm-none-eabi/5.3.0/../../../../arm-none-eabi/lib/armv6k/fpu\libg.a(lib_a-mlock.o)
                0x00114d3c                __malloc_unlock
 .text.printf   0x00114d48       0x38 c:/home/software/devkitpro/devkitarm/bin/../lib/gcc/arm-none-eabi/5.3.0/../../../../arm-none-eabi/lib/armv6k/fpu\libg.a(lib_a-printf.o)
                0x00114d48                printf
 .text.putchar  0x00114d80       0x1c c:/home/software/devkitpro/devkitarm/bin/../lib/gcc/arm-none-eabi/5.3.0/../../../../arm-none-eabi/lib/armv6k/fpu\libg.a(lib_a-putchar.o)
                0x00114d80                putchar
 .text._putc_r  0x00114d9c       0xe8 c:/home/software/devkitpro/devkitarm/bin/../lib/gcc/arm-none-eabi/5.3.0/../../../../arm-none-eabi/lib/armv6k/fpu\libg.a(lib_a-putc.o)
                0x00114d9c                _putc_r
 .text._puts_r  0x00114e84       0xec c:/home/software/devkitpro/devkitarm/bin/../lib/gcc/arm-none-eabi/5.3.0/../../../../arm-none-eabi/lib/armv6k/fpu\libg.a(lib_a-puts.o)
                0x00114e84                _puts_r
 .text.puts     0x00114f70       0x18 c:/home/software/devkitpro/devkitarm/bin/../lib/gcc/arm-none-eabi/5.3.0/../../../../arm-none-eabi/lib/armv6k/fpu\libg.a(lib_a-puts.o)
                0x00114f70                puts
 .text.srand    0x00114f88       0x1c c:/home/software/devkitpro/devkitarm/bin/../lib/gcc/arm-none-eabi/5.3.0/../../../../arm-none-eabi/lib/armv6k/fpu\libg.a(lib_a-rand.o)
                0x00114f88                srand
 .text.realloc  0x00114fa4       0x20 c:/home/software/devkitpro/devkitarm/bin/../lib/gcc/arm-none-eabi/5.3.0/../../../../arm-none-eabi/lib/armv6k/fpu\libg.a(lib_a-realloc.o)
                0x00114fa4                realloc
 .text._realloc_r
                0x00114fc4      0x4c0 c:/home/software/devkitpro/devkitarm/bin/../lib/gcc/arm-none-eabi/5.3.0/../../../../arm-none-eabi/lib/armv6k/fpu\libg.a(lib_a-reallocr.o)
                0x00114fc4                _realloc_r
 .text.lflush   0x00115484       0x1c c:/home/software/devkitpro/devkitarm/bin/../lib/gcc/arm-none-eabi/5.3.0/../../../../arm-none-eabi/lib/armv6k/fpu\libg.a(lib_a-refill.o)
 .text.__srefill_r
                0x001154a0      0x1d8 c:/home/software/devkitpro/devkitarm/bin/../lib/gcc/arm-none-eabi/5.3.0/../../../../arm-none-eabi/lib/armv6k/fpu\libg.a(lib_a-refill.o)
                0x001154a0                __srefill_r
 .text.setvbuf  0x00115678      0x1fc c:/home/software/devkitpro/devkitarm/bin/../lib/gcc/arm-none-eabi/5.3.0/../../../../arm-none-eabi/lib/armv6k/fpu\libg.a(lib_a-setvbuf.o)
                0x00115678                setvbuf
 .text.sscanf   0x00115874       0x74 c:/home/software/devkitpro/devkitarm/bin/../lib/gcc/arm-none-eabi/5.3.0/../../../../arm-none-eabi/lib/armv6k/fpu\libg.a(lib_a-sscanf.o)
                0x00115874                sscanf
 .text.__sread  0x001158e8       0x30 c:/home/software/devkitpro/devkitarm/bin/../lib/gcc/arm-none-eabi/5.3.0/../../../../arm-none-eabi/lib/armv6k/fpu\libg.a(lib_a-stdio.o)
                0x001158e8                __sread
 .text.__seofread
                0x00115918        0x8 c:/home/software/devkitpro/devkitarm/bin/../lib/gcc/arm-none-eabi/5.3.0/../../../../arm-none-eabi/lib/armv6k/fpu\libg.a(lib_a-stdio.o)
                0x00115918                __seofread
 .text.__swrite
                0x00115920       0x54 c:/home/software/devkitpro/devkitarm/bin/../lib/gcc/arm-none-eabi/5.3.0/../../../../arm-none-eabi/lib/armv6k/fpu\libg.a(lib_a-stdio.o)
                0x00115920                __swrite
 .text.__sseek  0x00115974       0x2c c:/home/software/devkitpro/devkitarm/bin/../lib/gcc/arm-none-eabi/5.3.0/../../../../arm-none-eabi/lib/armv6k/fpu\libg.a(lib_a-stdio.o)
                0x00115974                __sseek
 .text.__sclose
                0x001159a0        0x8 c:/home/software/devkitpro/devkitarm/bin/../lib/gcc/arm-none-eabi/5.3.0/../../../../arm-none-eabi/lib/armv6k/fpu\libg.a(lib_a-stdio.o)
                0x001159a0                __sclose
 .text.strchr   0x001159a8      0x15c c:/home/software/devkitpro/devkitarm/bin/../lib/gcc/arm-none-eabi/5.3.0/../../../../arm-none-eabi/lib/armv6k/fpu\libg.a(lib_a-strchr.o)
                0x001159a8                strchr
 .text.strlen   0x00115b04       0x5c c:/home/software/devkitpro/devkitarm/bin/../lib/gcc/arm-none-eabi/5.3.0/../../../../arm-none-eabi/lib/armv6k/fpu\libg.a(lib_a-strlen.o)
                0x00115b04                strlen
 .text.strncat  0x00115b60       0xa4 c:/home/software/devkitpro/devkitarm/bin/../lib/gcc/arm-none-eabi/5.3.0/../../../../arm-none-eabi/lib/armv6k/fpu\libg.a(lib_a-strncat.o)
                0x00115b60                strncat
 .text.strncpy  0x00115c04       0xe0 c:/home/software/devkitpro/devkitarm/bin/../lib/gcc/arm-none-eabi/5.3.0/../../../../arm-none-eabi/lib/armv6k/fpu\libg.a(lib_a-strncpy.o)
                0x00115c04                strncpy
 .text.__ssvfscanf_r
                0x00115ce4     0x2c20 c:/home/software/devkitpro/devkitarm/bin/../lib/gcc/arm-none-eabi/5.3.0/../../../../arm-none-eabi/lib/armv6k/fpu\libg.a(lib_a-svfscanf.o)
                0x00115ce4                __ssvfscanf_r
 .text.time     0x00118904       0x40 c:/home/software/devkitpro/devkitarm/bin/../lib/gcc/arm-none-eabi/5.3.0/../../../../arm-none-eabi/lib/armv6k/fpu\libg.a(lib_a-time.o)
                0x00118904                time
 .text.get_arg  0x00118944     0x161c c:/home/software/devkitpro/devkitarm/bin/../lib/gcc/arm-none-eabi/5.3.0/../../../../arm-none-eabi/lib/armv6k/fpu\libg.a(lib_a-vfiprintf.o)
 .text.__sprint_r.part.0
                0x00119f60       0xa4 c:/home/software/devkitpro/devkitarm/bin/../lib/gcc/arm-none-eabi/5.3.0/../../../../arm-none-eabi/lib/armv6k/fpu\libg.a(lib_a-vfiprintf.o)
 .text.__sprint_r
                0x0011a004       0x1c c:/home/software/devkitpro/devkitarm/bin/../lib/gcc/arm-none-eabi/5.3.0/../../../../arm-none-eabi/lib/armv6k/fpu\libg.a(lib_a-vfiprintf.o)
                0x0011a004                __sprint_r
 .text._vfiprintf_r
                0x0011a020     0x3464 c:/home/software/devkitpro/devkitarm/bin/../lib/gcc/arm-none-eabi/5.3.0/../../../../arm-none-eabi/lib/armv6k/fpu\libg.a(lib_a-vfiprintf.o)
                0x0011a020                _vfiprintf_r
 .text.__sbprintf
                0x0011d484       0xcc c:/home/software/devkitpro/devkitarm/bin/../lib/gcc/arm-none-eabi/5.3.0/../../../../arm-none-eabi/lib/armv6k/fpu\libg.a(lib_a-vfiprintf.o)
 .text.get_arg  0x0011d550     0x161c c:/home/software/devkitpro/devkitarm/bin/../lib/gcc/arm-none-eabi/5.3.0/../../../../arm-none-eabi/lib/armv6k/fpu\libg.a(lib_a-vfprintf.o)
 *fill*         0x0011eb6c        0x4 
 .text._vfprintf_r
                0x0011eb70     0x4878 c:/home/software/devkitpro/devkitarm/bin/../lib/gcc/arm-none-eabi/5.3.0/../../../../arm-none-eabi/lib/armv6k/fpu\libg.a(lib_a-vfprintf.o)
                0x0011eb70                _vfprintf_r
 .text.__sbprintf
                0x001233e8       0xcc c:/home/software/devkitpro/devkitarm/bin/../lib/gcc/arm-none-eabi/5.3.0/../../../../arm-none-eabi/lib/armv6k/fpu\libg.a(lib_a-vfprintf.o)
 .text.__swbuf_r
                0x001234b4      0x124 c:/home/software/devkitpro/devkitarm/bin/../lib/gcc/arm-none-eabi/5.3.0/../../../../arm-none-eabi/lib/armv6k/fpu\libg.a(lib_a-wbuf.o)
                0x001234b4                __swbuf_r
 .text._wcrtomb_r
                0x001235d8       0x8c c:/home/software/devkitpro/devkitarm/bin/../lib/gcc/arm-none-eabi/5.3.0/../../../../arm-none-eabi/lib/armv6k/fpu\libg.a(lib_a-wcrtomb.o)
                0x001235d8                _wcrtomb_r
 .text._wcsrtombs_r
                0x00123664       0x20 c:/home/software/devkitpro/devkitarm/bin/../lib/gcc/arm-none-eabi/5.3.0/../../../../arm-none-eabi/lib/armv6k/fpu\libg.a(lib_a-wcsrtombs.o)
                0x00123664                _wcsrtombs_r
 .text.__utf8_wctomb
                0x00123684      0x114 c:/home/software/devkitpro/devkitarm/bin/../lib/gcc/arm-none-eabi/5.3.0/../../../../arm-none-eabi/lib/armv6k/fpu\libg.a(lib_a-wctomb_r.o)
                0x00123684                __utf8_wctomb
 .text.__swsetup_r
                0x00123798      0x148 c:/home/software/devkitpro/devkitarm/bin/../lib/gcc/arm-none-eabi/5.3.0/../../../../arm-none-eabi/lib/armv6k/fpu\libg.a(lib_a-wsetup.o)
                0x00123798                __swsetup_r
 .text.quorem   0x001238e0      0x1bc c:/home/software/devkitpro/devkitarm/bin/../lib/gcc/arm-none-eabi/5.3.0/../../../../arm-none-eabi/lib/armv6k/fpu\libg.a(lib_a-dtoa.o)
 *fill*         0x00123a9c        0x4 
 .text._dtoa_r  0x00123aa0     0x12c8 c:/home/software/devkitpro/devkitarm/bin/../lib/gcc/arm-none-eabi/5.3.0/../../../../arm-none-eabi/lib/armv6k/fpu\libg.a(lib_a-dtoa.o)
                0x00123aa0                _dtoa_r
 .text.__sflags
                0x00124d68       0xb0 c:/home/software/devkitpro/devkitarm/bin/../lib/gcc/arm-none-eabi/5.3.0/../../../../arm-none-eabi/lib/armv6k/fpu\libg.a(lib_a-flags.o)
                0x00124d68                __sflags
 .text.__fputwc
                0x00124e18      0x124 c:/home/software/devkitpro/devkitarm/bin/../lib/gcc/arm-none-eabi/5.3.0/../../../../arm-none-eabi/lib/armv6k/fpu\libg.a(lib_a-fputwc.o)
                0x00124e18                __fputwc
 .text._fputwc_r
                0x00124f3c       0xa8 c:/home/software/devkitpro/devkitarm/bin/../lib/gcc/arm-none-eabi/5.3.0/../../../../arm-none-eabi/lib/armv6k/fpu\libg.a(lib_a-fputwc.o)
                0x00124f3c                _fputwc_r
 .text.__sfvwrite_r
                0x00124fe4      0x4a4 c:/home/software/devkitpro/devkitarm/bin/../lib/gcc/arm-none-eabi/5.3.0/../../../../arm-none-eabi/lib/armv6k/fpu\libg.a(lib_a-fvwrite.o)
                0x00124fe4                __sfvwrite_r
 .text.iswspace
                0x00125488       0x74 c:/home/software/devkitpro/devkitarm/bin/../lib/gcc/arm-none-eabi/5.3.0/../../../../arm-none-eabi/lib/armv6k/fpu\libg.a(lib_a-iswspace.o)
                0x00125488                iswspace
 .text.__jp2uc  0x001254fc      0x204 c:/home/software/devkitpro/devkitarm/bin/../lib/gcc/arm-none-eabi/5.3.0/../../../../arm-none-eabi/lib/armv6k/fpu\libg.a(lib_a-jp2uc.o)
 .text._jp2uc   0x00125700       0x84 c:/home/software/devkitpro/devkitarm/bin/../lib/gcc/arm-none-eabi/5.3.0/../../../../arm-none-eabi/lib/armv6k/fpu\libg.a(lib_a-jp2uc.o)
                0x00125700                _jp2uc
 .text.__locale_charset
                0x00125784        0xc c:/home/software/devkitpro/devkitarm/bin/../lib/gcc/arm-none-eabi/5.3.0/../../../../arm-none-eabi/lib/armv6k/fpu\libg.a(lib_a-locale.o)
                0x00125784                __locale_charset
 .text.__locale_mb_cur_max
                0x00125790       0x10 c:/home/software/devkitpro/devkitarm/bin/../lib/gcc/arm-none-eabi/5.3.0/../../../../arm-none-eabi/lib/armv6k/fpu\libg.a(lib_a-locale.o)
                0x00125790                __locale_mb_cur_max
 .text._localeconv_r
                0x001257a0        0xc c:/home/software/devkitpro/devkitarm/bin/../lib/gcc/arm-none-eabi/5.3.0/../../../../arm-none-eabi/lib/armv6k/fpu\libg.a(lib_a-locale.o)
                0x001257a0                _localeconv_r
 .text._mbrtowc_r
                0x001257ac       0x98 c:/home/software/devkitpro/devkitarm/bin/../lib/gcc/arm-none-eabi/5.3.0/../../../../arm-none-eabi/lib/armv6k/fpu\libg.a(lib_a-mbrtowc.o)
                0x001257ac                _mbrtowc_r
 .text.__utf8_mbtowc
                0x00125844      0x2fc c:/home/software/devkitpro/devkitarm/bin/../lib/gcc/arm-none-eabi/5.3.0/../../../../arm-none-eabi/lib/armv6k/fpu\libg.a(lib_a-mbtowc_r.o)
                0x00125844                __utf8_mbtowc
 .text.memchr   0x00125b40      0x100 c:/home/software/devkitpro/devkitarm/bin/../lib/gcc/arm-none-eabi/5.3.0/../../../../arm-none-eabi/lib/armv6k/fpu\libg.a(lib_a-memchr.o)
                0x00125b40                memchr
 .text.memmove  0x00125c40      0x128 c:/home/software/devkitpro/devkitarm/bin/../lib/gcc/arm-none-eabi/5.3.0/../../../../arm-none-eabi/lib/armv6k/fpu\libg.a(lib_a-memmove.o)
                0x00125c40                memmove
 .text._Balloc  0x00125d68       0x8c c:/home/software/devkitpro/devkitarm/bin/../lib/gcc/arm-none-eabi/5.3.0/../../../../arm-none-eabi/lib/armv6k/fpu\libg.a(lib_a-mprec.o)
                0x00125d68                _Balloc
 .text._Bfree   0x00125df4       0x1c c:/home/software/devkitpro/devkitarm/bin/../lib/gcc/arm-none-eabi/5.3.0/../../../../arm-none-eabi/lib/armv6k/fpu\libg.a(lib_a-mprec.o)
                0x00125df4                _Bfree
 .text.__multadd
                0x00125e10       0xd0 c:/home/software/devkitpro/devkitarm/bin/../lib/gcc/arm-none-eabi/5.3.0/../../../../arm-none-eabi/lib/armv6k/fpu\libg.a(lib_a-mprec.o)
                0x00125e10                __multadd
 .text.__s2b    0x00125ee0       0xe4 c:/home/software/devkitpro/devkitarm/bin/../lib/gcc/arm-none-eabi/5.3.0/../../../../arm-none-eabi/lib/armv6k/fpu\libg.a(lib_a-mprec.o)
                0x00125ee0                __s2b
 .text.__hi0bits
                0x00125fc4       0x5c c:/home/software/devkitpro/devkitarm/bin/../lib/gcc/arm-none-eabi/5.3.0/../../../../arm-none-eabi/lib/armv6k/fpu\libg.a(lib_a-mprec.o)
                0x00125fc4                __hi0bits
 .text.__lo0bits
                0x00126020       0x98 c:/home/software/devkitpro/devkitarm/bin/../lib/gcc/arm-none-eabi/5.3.0/../../../../arm-none-eabi/lib/armv6k/fpu\libg.a(lib_a-mprec.o)
                0x00126020                __lo0bits
 .text.__i2b    0x001260b8       0x20 c:/home/software/devkitpro/devkitarm/bin/../lib/gcc/arm-none-eabi/5.3.0/../../../../arm-none-eabi/lib/armv6k/fpu\libg.a(lib_a-mprec.o)
                0x001260b8                __i2b
 .text.__multiply
                0x001260d8      0x1dc c:/home/software/devkitpro/devkitarm/bin/../lib/gcc/arm-none-eabi/5.3.0/../../../../arm-none-eabi/lib/armv6k/fpu\libg.a(lib_a-mprec.o)
                0x001260d8                __multiply
 .text.__pow5mult
                0x001262b4      0x100 c:/home/software/devkitpro/devkitarm/bin/../lib/gcc/arm-none-eabi/5.3.0/../../../../arm-none-eabi/lib/armv6k/fpu\libg.a(lib_a-mprec.o)
                0x001262b4                __pow5mult
 .text.__lshift
                0x001263b4       0xf0 c:/home/software/devkitpro/devkitarm/bin/../lib/gcc/arm-none-eabi/5.3.0/../../../../arm-none-eabi/lib/armv6k/fpu\libg.a(lib_a-mprec.o)
                0x001263b4                __lshift
 .text.__mcmp   0x001264a4       0x64 c:/home/software/devkitpro/devkitarm/bin/../lib/gcc/arm-none-eabi/5.3.0/../../../../arm-none-eabi/lib/armv6k/fpu\libg.a(lib_a-mprec.o)
                0x001264a4                __mcmp
 .text.__mdiff  0x00126508      0x198 c:/home/software/devkitpro/devkitarm/bin/../lib/gcc/arm-none-eabi/5.3.0/../../../../arm-none-eabi/lib/armv6k/fpu\libg.a(lib_a-mprec.o)
                0x00126508                __mdiff
 .text.__ulp    0x001266a0       0x78 c:/home/software/devkitpro/devkitarm/bin/../lib/gcc/arm-none-eabi/5.3.0/../../../../arm-none-eabi/lib/armv6k/fpu\libg.a(lib_a-mprec.o)
                0x001266a0                __ulp
 .text.__b2d    0x00126718       0xd4 c:/home/software/devkitpro/devkitarm/bin/../lib/gcc/arm-none-eabi/5.3.0/../../../../arm-none-eabi/lib/armv6k/fpu\libg.a(lib_a-mprec.o)
                0x00126718                __b2d
 .text.__d2b    0x001267ec      0x104 c:/home/software/devkitpro/devkitarm/bin/../lib/gcc/arm-none-eabi/5.3.0/../../../../arm-none-eabi/lib/armv6k/fpu\libg.a(lib_a-mprec.o)
                0x001267ec                __d2b
 .text.__ratio  0x001268f0       0x78 c:/home/software/devkitpro/devkitarm/bin/../lib/gcc/arm-none-eabi/5.3.0/../../../../arm-none-eabi/lib/armv6k/fpu\libg.a(lib_a-mprec.o)
                0x001268f0                __ratio
 .text.__copybits
                0x00126968       0x6c c:/home/software/devkitpro/devkitarm/bin/../lib/gcc/arm-none-eabi/5.3.0/../../../../arm-none-eabi/lib/armv6k/fpu\libg.a(lib_a-mprec.o)
                0x00126968                __copybits
 .text.__any_on
                0x001269d4       0x80 c:/home/software/devkitpro/devkitarm/bin/../lib/gcc/arm-none-eabi/5.3.0/../../../../arm-none-eabi/lib/armv6k/fpu\libg.a(lib_a-mprec.o)
                0x001269d4                __any_on
 .text.__sccl   0x00126a54       0xd0 c:/home/software/devkitpro/devkitarm/bin/../lib/gcc/arm-none-eabi/5.3.0/../../../../arm-none-eabi/lib/armv6k/fpu\libg.a(lib_a-sccl.o)
                0x00126a54                __sccl
 .text.nanf     0x00126b24        0xc c:/home/software/devkitpro/devkitarm/bin/../lib/gcc/arm-none-eabi/5.3.0/../../../../arm-none-eabi/lib/armv6k/fpu\libg.a(lib_a-sf_nan.o)
                0x00126b24                nanf
 .text.__fpclassifyd
                0x00126b30       0x74 c:/home/software/devkitpro/devkitarm/bin/../lib/gcc/arm-none-eabi/5.3.0/../../../../arm-none-eabi/lib/armv6k/fpu\libg.a(lib_a-s_fpclassify.o)
                0x00126b30                __fpclassifyd
 *fill*         0x00126ba4        0x4 
 .text.frexp    0x00126ba8       0x98 c:/home/software/devkitpro/devkitarm/bin/../lib/gcc/arm-none-eabi/5.3.0/../../../../arm-none-eabi/lib/armv6k/fpu\libg.a(lib_a-s_frexp.o)
                0x00126ba8                frexp
 .text.sprintf  0x00126c40       0x68 c:/home/software/devkitpro/devkitarm/bin/../lib/gcc/arm-none-eabi/5.3.0/../../../../arm-none-eabi/lib/armv6k/fpu\libg.a(lib_a-sprintf.o)
                0x00126c40                sprintf
 .text.stpncpy  0x00126ca8      0x108 c:/home/software/devkitpro/devkitarm/bin/../lib/gcc/arm-none-eabi/5.3.0/../../../../arm-none-eabi/lib/armv6k/fpu\libg.a(lib_a-stpncpy.o)
                0x00126ca8                stpncpy
 .text.strncmp  0x00126db0      0x11c c:/home/software/devkitpro/devkitarm/bin/../lib/gcc/arm-none-eabi/5.3.0/../../../../arm-none-eabi/lib/armv6k/fpu\libg.a(lib_a-strncmp.o)
                0x00126db0                strncmp
 .text.unlikely.sulp
                0x00126ecc       0x58 c:/home/software/devkitpro/devkitarm/bin/../lib/gcc/arm-none-eabi/5.3.0/../../../../arm-none-eabi/lib/armv6k/fpu\libg.a(lib_a-strtod.o)
 *fill*         0x00126f24        0x4 
 .text._strtod_r
                0x00126f28     0x1450 c:/home/software/devkitpro/devkitarm/bin/../lib/gcc/arm-none-eabi/5.3.0/../../../../arm-none-eabi/lib/armv6k/fpu\libg.a(lib_a-strtod.o)
                0x00126f28                _strtod_r
 .text._strtoll_r
                0x00128378      0x25c c:/home/software/devkitpro/devkitarm/bin/../lib/gcc/arm-none-eabi/5.3.0/../../../../arm-none-eabi/lib/armv6k/fpu\libg.a(lib_a-strtoll_r.o)
                0x00128378                _strtoll_r
 .text._strtol_r
                0x001285d4      0x1d4 c:/home/software/devkitpro/devkitarm/bin/../lib/gcc/arm-none-eabi/5.3.0/../../../../arm-none-eabi/lib/armv6k/fpu\libg.a(lib_a-strtol.o)
                0x001285d4                _strtol_r
 .text._strtoull_r