Archive member included to satisfy reference by file (symbol)

c:/home/Software/devkitPro/libctru/lib\libcitro3d.a(attribs.o)
                              main.o (AttrInfo_Init)
c:/home/Software/devkitPro/libctru/lib\libcitro3d.a(base.o)
                              c:/home/Software/devkitPro/libctru/lib\libcitro3d.a(attribs.o) (__C3D_Context)
c:/home/Software/devkitPro/libctru/lib\libcitro3d.a(buffers.o)
                              main.o (BufInfo_Init)
c:/home/Software/devkitPro/libctru/lib\libcitro3d.a(effect.o)
                              c:/home/Software/devkitPro/libctru/lib\libcitro3d.a(base.o) (C3D_DepthMap)
c:/home/Software/devkitPro/libctru/lib\libcitro3d.a(immediate.o)
                              main.o (C3D_ImmDrawBegin)
c:/home/Software/devkitPro/libctru/lib\libcitro3d.a(renderbuffer.o)
                              c:/home/Software/devkitPro/libctru/lib\libcitro3d.a(base.o) (C3Di_RenderBufBind)
c:/home/Software/devkitPro/libctru/lib\libcitro3d.a(renderqueue.o)
                              main.o (C3D_FrameBegin)
c:/home/Software/devkitPro/libctru/lib\libcitro3d.a(texenv.o)
                              c:/home/Software/devkitPro/libctru/lib\libcitro3d.a(base.o) (TexEnv_Init)
c:/home/Software/devkitPro/libctru/lib\libcitro3d.a(texture.o)
                              main.o (C3D_TexInit)
c:/home/Software/devkitPro/libctru/lib\libcitro3d.a(uniforms.o)
                              c:/home/Software/devkitPro/libctru/lib\libcitro3d.a(base.o) (C3D_UpdateUniforms)
c:/home/Software/devkitPro/libctru/lib\libcitro3d.a(mtx_orthotilt.o)
                              main.o (Mtx_OrthoTilt)
c:/home/Software/devkitPro/libctru/lib\libctru.a(linear.o)
                              main.o (linearAlloc)
c:/home/Software/devkitPro/libctru/lib\libctru.a(mem_pool.o)
                              c:/home/Software/devkitPro/libctru/lib\libctru.a(linear.o) (MemPool::Allocate(MemChunk&, unsigned long, int))
c:/home/Software/devkitPro/libctru/lib\libctru.a(vram.o)
                              c:/home/Software/devkitPro/libctru/lib\libcitro3d.a(texture.o) (vramAlloc)
c:/home/Software/devkitPro/libctru/lib\libctru.a(console.o)
                              main.o (consoleInit)
c:/home/Software/devkitPro/libctru/lib\libctru.a(gfx.o)
                              c:/home/Software/devkitPro/libctru/lib\libcitro3d.a(renderqueue.o) (gfxIs3D)
c:/home/Software/devkitPro/libctru/lib\libctru.a(os.o)
                              c:/home/Software/devkitPro/libctru/lib\libcitro3d.a(base.o) (osConvertVirtToPhys)
c:/home/Software/devkitPro/libctru/lib\libctru.a(gpu.o)
                              c:/home/Software/devkitPro/libctru/lib\libcitro3d.a(base.o) (GPUCMD_SetBuffer)
c:/home/Software/devkitPro/libctru/lib\libctru.a(gx.o)
                              c:/home/Software/devkitPro/libctru/lib\libctru.a(gfx.o) (gxCmdBuf)
c:/home/Software/devkitPro/libctru/lib\libctru.a(shaderProgram.o)
                              main.o (shaderInstanceGetUniformLocation)
c:/home/Software/devkitPro/libctru/lib\libctru.a(shbin.o)
                              main.o (DVLB_Free)
c:/home/Software/devkitPro/libctru/lib\libctru.a(apt.o)
                              c:/home/Software/devkitPro/libctru/lib\libcitro3d.a(base.o) (aptHook)
c:/home/Software/devkitPro/libctru/lib\libctru.a(gspgpu.o)
                              c:/home/Software/devkitPro/libctru/lib\libctru.a(gfx.o) (gspInit)
c:/home/Software/devkitPro/libctru/lib\libctru.a(hid.o)
                              move.o (hidScanInput)
c:/home/Software/devkitPro/libctru/lib\libctru.a(irrst.o)
                              c:/home/Software/devkitPro/libctru/lib\libctru.a(hid.o) (irrstScanInput)
c:/home/Software/devkitPro/libctru/lib\libctru.a(ptmsysm.o)
                              c:/home/Software/devkitPro/libctru/lib\libctru.a(os.o) (ptmSysmInit)
c:/home/Software/devkitPro/libctru/lib\libctru.a(rbtree_find.o)
                              c:/home/Software/devkitPro/libctru/lib\libctru.a(linear.o) (rbtree_find)
c:/home/Software/devkitPro/libctru/lib\libctru.a(rbtree_init.o)
                              c:/home/Software/devkitPro/libctru/lib\libctru.a(linear.o) (rbtree_init)
c:/home/Software/devkitPro/libctru/lib\libctru.a(rbtree_insert.o)
                              c:/home/Software/devkitPro/libctru/lib\libctru.a(linear.o) (rbtree_insert)
c:/home/Software/devkitPro/libctru/lib\libctru.a(rbtree_remove.o)
                              c:/home/Software/devkitPro/libctru/lib\libctru.a(linear.o) (rbtree_remove)
c:/home/Software/devkitPro/libctru/lib\libctru.a(rbtree_rotate.o)
                              c:/home/Software/devkitPro/libctru/lib\libctru.a(rbtree_insert.o) (rbtree_rotate)
c:/home/Software/devkitPro/libctru/lib\libctru.a(allocateHeaps.o)
                              c:/home/Software/devkitPro/libctru/lib\libcitro3d.a(base.o) (__ctru_linear_heap_size)
c:/home/Software/devkitPro/libctru/lib\libctru.a(initArgv.o)
[...]
Memory Configuration

Name             Origin             Length             Attributes
*default*        0x00000000         0xffffffff

Linker script and memory map

                0x00100000                . = 0x100000
                0x00100000                __start__ = .

.text           0x00100000    0x29514
 *(.crt0)
 .crt0          0x00100000       0x94 c:/home/software/devkitpro/devkitarm/bin/../lib/gcc/arm-none-eabi/5.3.0/../../../../arm-none-eabi/lib/armv6k/fpu/3dsx_crt0.o
                0x00100000                _start
                0x00100008                __service_ptr
                0x0010000c                __apt_appid
                0x00100010                __heap_size
                0x00100014                __linear_heap_size
                0x00100018                __system_arglist
                0x0010001c                __system_runflags
 *(.init)
 .init          0x00100094        0xc c:/home/software/devkitpro/devkitarm/bin/../lib/gcc/arm-none-eabi/5.3.0/armv6k/fpu/crti.o
                0x00100094                _init
 .init          0x001000a0        0xc c:/home/software/devkitpro/devkitarm/bin/../lib/gcc/arm-none-eabi/5.3.0/armv6k/fpu/crtn.o
                0x001000ac                . = ALIGN (0x4)
 *(.text)
 .text          0x001000ac      0x108 c:/home/software/devkitpro/devkitarm/bin/../lib/gcc/arm-none-eabi/5.3.0/armv6k/fpu/crtbegin.o
 .text          0x001001b4       0x64 c:/home/Software/devkitPro/libctru/lib\libctru.a(stack_adjust.o)
                0x001001b4                initSystem
                0x001001f8                __ctru_exit
 .text          0x00100218      0x20c c:/home/software/devkitpro/devkitarm/bin/../lib/gcc/arm-none-eabi/5.3.0/armv6k/fpu\libgcc.a(_udivsi3.o)
                0x00100218                __aeabi_uidiv
                0x00100218                __udivsi3
                0x00100404                __aeabi_uidivmod
 .text          0x00100424      0x240 c:/home/software/devkitpro/devkitarm/bin/../lib/gcc/arm-none-eabi/5.3.0/armv6k/fpu\libgcc.a(_divsi3.o)
                0x00100424                __divsi3
                0x00100424                __aeabi_idiv
                0x00100644                __aeabi_idivmod
 .text          0x00100664        0x4 c:/home/software/devkitpro/devkitarm/bin/../lib/gcc/arm-none-eabi/5.3.0/armv6k/fpu\libgcc.a(_dvmd_tls.o)
                0x00100664                __aeabi_idiv0
                0x00100664                __aeabi_ldiv0
 *fill*         0x00100668       0x18 
 .text          0x00100680      0x3a0 c:/home/software/devkitpro/devkitarm/bin/../lib/gcc/arm-none-eabi/5.3.0/../../../../arm-none-eabi/lib/armv6k/fpu\libg.a(lib_a-strcmp.o)
                0x00100688                strcmp
 .text          0x00100a20      0x1c4 c:/home/software/devkitpro/devkitarm/bin/../lib/gcc/arm-none-eabi/5.3.0/../../../../arm-none-eabi/lib/armv6k/fpu\libsysbase.a(iosupport.o)
                0x00100a28                setDefaultDevice
                0x00100a40                FindDevice
                0x00100afc                RemoveDevice
                0x00100b28                AddDevice
                0x00100bc0                GetDeviceOpTab
 .text          0x00100be4       0x7c c:/home/software/devkitpro/devkitarm/bin/../lib/gcc/arm-none-eabi/5.3.0/../../../../arm-none-eabi/lib/armv6k/fpu\libsysbase.a(close.o)
                0x00100be4                _close_r
 .text          0x00100c60       0x6c c:/home/software/devkitpro/devkitarm/bin/../lib/gcc/arm-none-eabi/5.3.0/../../../../arm-none-eabi/lib/armv6k/fpu\libsysbase.a(fstat.o)
                0x00100c60                _fstat_r
 .text          0x00100ccc       0x2c c:/home/software/devkitpro/devkitarm/bin/../lib/gcc/arm-none-eabi/5.3.0/../../../../arm-none-eabi/lib/armv6k/fpu\libsysbase.a(gettod.o)
                0x00100ccc                _gettimeofday_r
 .text          0x00100cf8        0x8 c:/home/software/devkitpro/devkitarm/bin/../lib/gcc/arm-none-eabi/5.3.0/../../../../arm-none-eabi/lib/armv6k/fpu\libsysbase.a(isatty.o)
                0x00100cf8                _isatty_r
 .text          0x00100d00       0x78 c:/home/software/devkitpro/devkitarm/bin/../lib/gcc/arm-none-eabi/5.3.0/../../../../arm-none-eabi/lib/armv6k/fpu\libsysbase.a(lseek.o)
                0x00100d00                _lseek_r
 .text          0x00100d78       0x78 c:/home/software/devkitpro/devkitarm/bin/../lib/gcc/arm-none-eabi/5.3.0/../../../../arm-none-eabi/lib/armv6k/fpu\libsysbase.a(read.o)
                0x00100d78                _read_r
 .text          0x00100df0       0x70 c:/home/software/devkitpro/devkitarm/bin/../lib/gcc/arm-none-eabi/5.3.0/../../../../arm-none-eabi/lib/armv6k/fpu\libsysbase.a(sbrk.o)
                0x00100df0                _sbrk_r
 .text          0x00100e60       0x78 c:/home/software/devkitpro/devkitarm/bin/../lib/gcc/arm-none-eabi/5.3.0/../../../../arm-none-eabi/lib/armv6k/fpu\libsysbase.a(write.o)
                0x00100e60                _write_r
 .text          0x00100ed8      0x3b0 c:/home/software/devkitpro/devkitarm/bin/../lib/gcc/arm-none-eabi/5.3.0/../../../../arm-none-eabi/lib/armv6k/fpu\libsysbase.a(chdir.o)
                0x00100ed8                _concatenate_path
                0x00101094                chdir
                0x001011e8                getcwd
 .text          0x00101288       0x10 c:/home/software/devkitpro/devkitarm/bin/../lib/gcc/arm-none-eabi/5.3.0/../../../../arm-none-eabi/lib/armv6k/fpu\libsysbase.a(flock.o)
                0x00101288                __flockfile
                0x00101290                __funlockfile
 .text          0x00101298      0x108 c:/home/software/devkitpro/devkitarm/bin/../lib/gcc/arm-none-eabi/5.3.0/../../../../arm-none-eabi/lib/armv6k/fpu\libsysbase.a(syscall_support.o)
                0x00101298                __libc_lock_init
                0x001012b0                __libc_lock_acquire
                0x001012c8                __libc_lock_try_acquire
                0x001012ec                __libc_lock_release
                0x00101304                __libc_lock_close
                0x0010131c                __libc_lock_init_recursive
                0x00101334                __libc_lock_acquire_recursive
                0x0010134c                __libc_lock_try_acquire_recursive
                0x00101370                __libc_lock_release_recursive
                0x00101388                __libc_lock_close_recursive
 .text          0x001013a0      0x2c4 c:/home/software/devkitpro/devkitarm/bin/../lib/gcc/arm-none-eabi/5.3.0/../../../../arm-none-eabi/lib/armv6k/fpu\libsysbase.a(handle_manager.o)
                0x001013a0                __free_handle
                0x001013e4                __release_handle
                0x00101420                __alloc_handle
                0x00101498                __get_handle
                0x001014b4                dup
                0x00101558                dup2
 .text          0x00101664       0x28 c:/home/software/devkitpro/devkitarm/bin/../lib/gcc/arm-none-eabi/5.3.0/../../../../arm-none-eabi/lib/armv6k/fpu\libsysbase.a(getreent.o)
                0x00101664                __getreent
 .text          0x0010168c       0x3c c:/home/software/devkitpro/devkitarm/bin/../lib/gcc/arm-none-eabi/5.3.0/armv6k/fpu\libgcc.a(_aeabi_uldivmod.o)
                0x0010168c                __aeabi_uldivmod
 .text          0x001016c8      0x128 c:/home/software/devkitpro/devkitarm/bin/../lib/gcc/arm-none-eabi/5.3.0/armv6k/fpu\libgcc.a(_udivmoddi4.o)
                0x001016c8                __udivmoddi4
 *(.text.*)
 .text.setBitOfReversedStream
                0x001017f0       0x38 lodepng.o
 .text.checkColorValidity
                0x00101828       0xa0 lodepng.o
 .text.addColorBits
                0x001018c8       0x4c lodepng.o
 .text.color_tree_get
                0x00101914       0x60 lodepng.o
 .text.getPixelColorRGBA8
                0x00101974      0x3a0 lodepng.o
 .text.getPixelColorsRGBA8
                0x00101d14      0x578 lodepng.o
 .text.getPixelColorRGBA16
                0x0010228c      0x1b0 lodepng.o
 .text.Adam7_getpassvalues
                0x0010243c      0x1ac lodepng.o
 .text.unfilter
                0x001025e8      0x3ac lodepng.o
 .text.removePaddingBits
                0x00102994       0x90 lodepng.o
 .text.color_tree_add
                0x00102a24       0xb4 lodepng.o
 .text.HuffmanTree_cleanup
                0x00102ad8       0x24 lodepng.o
 .text.LodePNGText_cleanup
                0x00102afc       0x60 lodepng.o
 .text.LodePNGIText_cleanup
                0x00102b5c       0x90 lodepng.o
 .text.color_tree_cleanup
                0x00102bec       0x30 lodepng.o
 .text.string_set
                0x00102c1c       0x60 lodepng.o
 .text.lodepng_color_mode_equal
                0x00102c7c       0xd0 lodepng.o
 .text.uivector_reserve.isra.10
                0x00102d4c       0x5c lodepng.o
 .text.ucvector_push_back
                0x00102da8       0x38 lodepng.o
 .text.uivector_resizev.constprop.22
                0x00102de0       0x58 lodepng.o
 .text.HuffmanTree_makeFromLengths2
                0x00102e38      0x34c lodepng.o
 .text.HuffmanTree_makeFromLengths
                0x00103184       0x6c lodepng.o
 .text.generateFixedLitLenTree
                0x001031f0       0xa4 lodepng.o
 .text.generateFixedDistanceTree
                0x00103294       0x60 lodepng.o
 .text.lodepng_inflatev.isra.12
                0x001032f4      0xb20 lodepng.o
 .text.lodepng_zlib_decompress
                0x00103e14      0x1b4 lodepng.o
                0x00103e14                lodepng_zlib_decompress
 .text.zlib_decompress
                0x00103fc8       0x2c lodepng.o
 .text.lodepng_chunk_type_equals
                0x00103ff4       0x6c lodepng.o
                0x00103ff4                lodepng_chunk_type_equals
 .text.lodepng_chunk_check_crc
                0x00104060       0xa4 lodepng.o
                0x00104060                lodepng_chunk_check_crc
 .text.lodepng_chunk_append
                0x00104104       0xb0 lodepng.o
                0x00104104                lodepng_chunk_append
 .text.lodepng_color_mode_copy
                0x001041b4       0xac lodepng.o
                0x001041b4                lodepng_color_mode_copy
 .text.lodepng_add_text
                0x00104260      0x104 lodepng.o
                0x00104260                lodepng_add_text
 .text.lodepng_add_itext
                0x00104364      0x1f4 lodepng.o
                0x00104364                lodepng_add_itext
 .text.lodepng_info_init
                0x00104558       0x8c lodepng.o
                0x00104558                lodepng_info_init
 .text.lodepng_info_cleanup
                0x001045e4       0x50 lodepng.o
                0x001045e4                lodepng_info_cleanup
 .text.lodepng_convert
                0x00104634      0x4f8 lodepng.o
                0x00104634                lodepng_convert
 .text.lodepng_inspect
                0x00104b2c      0x254 lodepng.o
                0x00104b2c                lodepng_inspect
 .text.decodeGeneric
                0x00104d80     0x174c lodepng.o
 .text.lodepng_decode
                0x001064cc      0x13c lodepng.o
                0x001064cc                lodepng_decode
 .text.lodepng_state_init
                0x00106608       0xb8 lodepng.o
                0x00106608                lodepng_state_init
 .text.lodepng_state_cleanup
                0x001066c0       0x30 lodepng.o
                0x001066c0                lodepng_state_cleanup
 .text.lodepng_decode_memory
                0x001066f0       0x68 lodepng.o
                0x001066f0                lodepng_decode_memory
 .text.lodepng_decode32
                0x00106758       0x28 lodepng.o
                0x00106758                lodepng_decode32
 .text.drawSprite
                0x00106780      0x174 main.o
                0x00106780                drawSprite
 .text.startup.main
                0x001068f4      0x404 main.o
                0x001068f4                main
 .text.Move     0x00106cf8      0x1b4 move.o
                0x00106cf8                Move
 .text.PlayerInit
                0x00106eac        0x4 player.o
                0x00106eac                PlayerInit
 .text.Stats    0x00106eb0       0x40 player.o
                0x00106eb0                Stats
 .text.AttrInfo_Init
                0x00106ef0       0x28 c:/home/Software/devkitPro/libctru/lib\libcitro3d.a(attribs.o)
                0x00106ef0                AttrInfo_Init
 .text.AttrInfo_AddLoader
                0x00106f18       0xa4 c:/home/Software/devkitPro/libctru/lib\libcitro3d.a(attribs.o)
                0x00106f18                AttrInfo_AddLoader
 .text.C3D_GetAttrInfo
                0x00106fbc       0x24 c:/home/Software/devkitPro/libctru/lib\libcitro3d.a(attribs.o)
                0x00106fbc                C3D_GetAttrInfo
 .text.C3Di_AttrInfoBind
                0x00106fe0       0x80 c:/home/Software/devkitPro/libctru/lib\libcitro3d.a(attribs.o)
                0x00106fe0                C3Di_AttrInfoBind
 .text.C3Di_AptEventHook
                0x00107060       0x88 c:/home/Software/devkitPro/libctru/lib\libcitro3d.a(base.o)
 .text.C3D_Init
                0x001070e8      0x168 c:/home/Software/devkitPro/libctru/lib\libcitro3d.a(base.o)
                0x001070e8                C3D_Init
 .text.C3D_SetViewport
                0x00107250       0x98 c:/home/Software/devkitPro/libctru/lib\libcitro3d.a(base.o)
                0x00107250                C3D_SetViewport
 .text.C3Di_UpdateContext
                0x001072e8      0x580 c:/home/Software/devkitPro/libctru/lib\libcitro3d.a(base.o)
                0x001072e8                C3Di_UpdateContext
 .text.C3Di_FinalizeFrame
                0x00107868       0xe0 c:/home/Software/devkitPro/libctru/lib\libcitro3d.a(base.o)
                0x00107868                C3Di_FinalizeFrame
 .text.C3D_Fini
                0x00107948       0x48 c:/home/Software/devkitPro/libctru/lib\libcitro3d.a(base.o)
                0x00107948                C3D_Fini
 .text.C3D_BindProgram
                0x00107990       0xd4 c:/home/Software/devkitPro/libctru/lib\libcitro3d.a(base.o)
                0x00107990                C3D_BindProgram
 .text.BufInfo_Init
                0x00107a64       0x20 c:/home/Software/devkitPro/libctru/lib\libcitro3d.a(buffers.o)
                0x00107a64                BufInfo_Init
 .text.C3D_GetBufInfo
                0x00107a84       0x24 c:/home/Software/devkitPro/libctru/lib\libcitro3d.a(buffers.o)
                0x00107a84                C3D_GetBufInfo
 .text.C3Di_BufInfoBind
                0x00107aa8       0x48 c:/home/Software/devkitPro/libctru/lib\libcitro3d.a(buffers.o)
                0x00107aa8                C3Di_BufInfoBind
 .text.C3D_DepthMap
                0x00107af0       0x3c c:/home/Software/devkitPro/libctru/lib\libcitro3d.a(effect.o)
                0x00107af0                C3D_DepthMap
 .text.C3D_CullFace
                0x00107b2c       0x1c c:/home/Software/devkitPro/libctru/lib\libcitro3d.a(effect.o)
                0x00107b2c                C3D_CullFace
 .text.C3D_StencilTest
                0x00107b48       0x3c c:/home/Software/devkitPro/libctru/lib\libcitro3d.a(effect.o)
                0x00107b48                C3D_StencilTest
 .text.C3D_StencilOp
                0x00107b84       0x24 c:/home/Software/devkitPro/libctru/lib\libcitro3d.a(effect.o)
                0x00107b84                C3D_StencilOp
 .text.C3D_BlendingColor
                0x00107ba8       0x1c c:/home/Software/devkitPro/libctru/lib\libcitro3d.a(effect.o)
                0x00107ba8                C3D_BlendingColor
 .text.C3D_DepthTest
                0x00107bc4       0x28 c:/home/Software/devkitPro/libctru/lib\libcitro3d.a(effect.o)
                0x00107bc4                C3D_DepthTest
 .text.C3D_AlphaTest
                0x00107bec       0x28 c:/home/Software/devkitPro/libctru/lib\libcitro3d.a(effect.o)
                0x00107bec                C3D_AlphaTest
 .text.C3D_AlphaBlend
                0x00107c14       0x50 c:/home/Software/devkitPro/libctru/lib\libcitro3d.a(effect.o)
                0x00107c14                C3D_AlphaBlend
 .text.C3D_FragOpMode
                0x00107c64       0x30 c:/home/Software/devkitPro/libctru/lib\libcitro3d.a(effect.o)
                0x00107c64                C3D_FragOpMode
 .text.C3Di_EffectBind
                0x00107c94      0x11c c:/home/Software/devkitPro/libctru/lib\libcitro3d.a(effect.o)
                0x00107c94                C3Di_EffectBind
 .text.C3D_ImmDrawBegin
                0x00107db0       0xb8 c:/home/Software/devkitPro/libctru/lib\libcitro3d.a(immediate.o)
                0x00107db0                C3D_ImmDrawBegin
 .text.C3D_ImmSendAttrib
                0x00107e68       0xb4 c:/home/Software/devkitPro/libctru/lib\libcitro3d.a(immediate.o)
                0x00107e68                C3D_ImmSendAttrib
 .text.C3D_ImmDrawEnd
                0x00107f1c       0x74 c:/home/Software/devkitPro/libctru/lib\libcitro3d.a(immediate.o)
                0x00107f1c                C3D_ImmDrawEnd
 .text.C3D_RenderBufInit
                0x00107f90       0xa4 c:/home/Software/devkitPro/libctru/lib\libcitro3d.a(renderbuffer.o)
                0x00107f90                C3D_RenderBufInit
 .text.C3D_RenderBufClearAsync
                0x00108034       0x80 c:/home/Software/devkitPro/libctru/lib\libcitro3d.a(renderbuffer.o)
                0x00108034                C3D_RenderBufClearAsync
 .text.C3D_RenderBufTransferAsync
                0x001080b4       0x28 c:/home/Software/devkitPro/libctru/lib\libcitro3d.a(renderbuffer.o)
                0x001080b4                C3D_RenderBufTransferAsync
 .text.C3D_RenderBufBind
                0x001080dc       0x38 c:/home/Software/devkitPro/libctru/lib\libcitro3d.a(renderbuffer.o)
                0x001080dc                C3D_RenderBufBind
 .text.C3Di_RenderBufBind
                0x00108114      0x168 c:/home/Software/devkitPro/libctru/lib\libcitro3d.a(renderbuffer.o)
                0x00108114                C3Di_RenderBufBind
 .text.C3D_RenderBufDelete
                0x0010827c       0x18 c:/home/Software/devkitPro/libctru/lib\libcitro3d.a(renderbuffer.o)
                0x0010827c                C3D_RenderBufDelete
 .text.C3Di_RenderQueueWaitDone
                0x00108294       0x40 c:/home/Software/devkitPro/libctru/lib\libcitro3d.a(renderqueue.o)
 .text.performTransfer.part.0
                0x001082d4       0x78 c:/home/Software/devkitPro/libctru/lib\libcitro3d.a(renderqueue.o)
 .text.transferTarget
                0x0010834c       0x50 c:/home/Software/devkitPro/libctru/lib\libcitro3d.a(renderqueue.o)
 .text.onVBlank1
                0x0010839c       0x24 c:/home/Software/devkitPro/libctru/lib\libcitro3d.a(renderqueue.o)
 .text.onVBlank0
                0x001083c0       0x8c c:/home/Software/devkitPro/libctru/lib\libcitro3d.a(renderqueue.o)
 .text.performClear.part.2
                0x0010844c       0x3c c:/home/Software/devkitPro/libctru/lib\libcitro3d.a(renderqueue.o)
 .text.clearTarget
                0x00108488       0x4c c:/home/Software/devkitPro/libctru/lib\libcitro3d.a(renderqueue.o)
 .text.updateFrameQueue.part.4
                0x001084d4       0xc0 c:/home/Software/devkitPro/libctru/lib\libcitro3d.a(renderqueue.o)
 .text.onRenderFinish
                0x00108594       0xe0 c:/home/Software/devkitPro/libctru/lib\libcitro3d.a(renderqueue.o)
 .text.onClearDone.part.6
                0x00108674       0x18 c:/home/Software/devkitPro/libctru/lib\libcitro3d.a(renderqueue.o)
 .text.onTransferFinish
                0x0010868c       0xb0 c:/home/Software/devkitPro/libctru/lib\libcitro3d.a(renderqueue.o)
 .text.onClearDone
                0x0010873c       0x64 c:/home/Software/devkitPro/libctru/lib\libcitro3d.a(renderqueue.o)
 .text.checkRenderQueueInit.part.7
                0x001087a0       0x5c c:/home/Software/devkitPro/libctru/lib\libcitro3d.a(renderqueue.o)
 .text.C3D_FrameBegin
                0x001087fc       0x64 c:/home/Software/devkitPro/libctru/lib\libcitro3d.a(renderqueue.o)
                0x001087fc                C3D_FrameBegin
 .text.C3D_FrameDrawOn
                0x00108860       0x78 c:/home/Software/devkitPro/libctru/lib\libcitro3d.a(renderqueue.o)
                0x00108860                C3D_FrameDrawOn
 .text.C3D_FrameEnd
                0x001088d8       0xd0 c:/home/Software/devkitPro/libctru/lib\libcitro3d.a(renderqueue.o)
                0x001088d8                C3D_FrameEnd
 .text.C3D_RenderTargetCreate
                0x001089a8       0xe0 c:/home/Software/devkitPro/libctru/lib\libcitro3d.a(renderqueue.o)
                0x001089a8                C3D_RenderTargetCreate
 .text.C3D_RenderTargetDelete
                0x00108a88       0x7c c:/home/Software/devkitPro/libctru/lib\libcitro3d.a(renderqueue.o)
                0x00108a88                C3D_RenderTargetDelete
 .text.C3Di_RenderQueueExit
                0x00108b04       0x84 c:/home/Software/devkitPro/libctru/lib\libcitro3d.a(renderqueue.o)
 .text.C3D_RenderTargetSetClear
                0x00108b88       0x50 c:/home/Software/devkitPro/libctru/lib\libcitro3d.a(renderqueue.o)
                0x00108b88                C3D_RenderTargetSetClear
 .text.C3D_RenderTargetSetOutput
                0x00108bd8       0x58 c:/home/Software/devkitPro/libctru/lib\libcitro3d.a(renderqueue.o)
                0x00108bd8                C3D_RenderTargetSetOutput
 .text.C3D_SafeDisplayTransfer
                0x00108c30       0x88 c:/home/Software/devkitPro/libctru/lib\libcitro3d.a(renderqueue.o)
                0x00108c30                C3D_SafeDisplayTransfer
 .text.TexEnv_Init
                0x00108cb8       0x34 c:/home/Software/devkitPro/libctru/lib\libcitro3d.a(texenv.o)
                0x00108cb8                TexEnv_Init
 .text.C3D_GetTexEnv
                0x00108cec       0x34 c:/home/Software/devkitPro/libctru/lib\libcitro3d.a(texenv.o)
                0x00108cec                C3D_GetTexEnv
 .text.C3Di_TexEnvBind
                0x00108d20       0x24 c:/home/Software/devkitPro/libctru/lib\libcitro3d.a(texenv.o)
                0x00108d20                C3Di_TexEnvBind
 .text.C3D_TexInit
                0x00108d44       0xb8 c:/home/Software/devkitPro/libctru/lib\libcitro3d.a(texture.o)
                0x00108d44                C3D_TexInit
 .text.C3D_TexInitVRAM
                0x00108dfc       0xb8 c:/home/Software/devkitPro/libctru/lib\libcitro3d.a(texture.o)
                0x00108dfc                C3D_TexInitVRAM
 .text.C3D_TexSetFilter
                0x00108eb4       0x24 c:/home/Software/devkitPro/libctru/lib\libcitro3d.a(texture.o)
                0x00108eb4                C3D_TexSetFilter
 .text.C3D_TexBind
                0x00108ed8       0x34 c:/home/Software/devkitPro/libctru/lib\libcitro3d.a(texture.o)
                0x00108ed8                C3D_TexBind
 .text.C3D_TexDelete
                0x00108f0c       0x3c c:/home/Software/devkitPro/libctru/lib\libcitro3d.a(texture.o)
                0x00108f0c                C3D_TexDelete
 .text.C3D_UpdateUniforms
                0x00108f48      0x2ac c:/home/Software/devkitPro/libctru/lib\libcitro3d.a(uniforms.o)
                0x00108f48                C3D_UpdateUniforms
 .text.C3Di_DirtyUniforms
                0x001091f4       0xc0 c:/home/Software/devkitPro/libctru/lib\libcitro3d.a(uniforms.o)
                0x001091f4                C3Di_DirtyUniforms
 .text.C3Di_LoadShaderUniforms
                0x001092b4       0xe4 c:/home/Software/devkitPro/libctru/lib\libcitro3d.a(uniforms.o)
                0x001092b4                C3Di_LoadShaderUniforms
 .text.C3Di_ClearShaderUniforms
                0x00109398       0x28 c:/home/Software/devkitPro/libctru/lib\libcitro3d.a(uniforms.o)
                0x00109398                C3Di_ClearShaderUniforms
 .text.Mtx_OrthoTilt
                0x001093c0       0xc8 c:/home/Software/devkitPro/libctru/lib\libcitro3d.a(mtx_orthotilt.o)
                0x001093c0                Mtx_OrthoTilt
 .text._ZL21addrMapNodeComparatorPK11rbtree_nodeS1_
                0x00109488       0x24 c:/home/Software/devkitPro/libctru/lib\libctru.a(linear.o)
 .text._ZL21addrMapNodeDestructorP11rbtree_node
                0x001094ac        0x4 c:/home/Software/devkitPro/libctru/lib\libctru.a(linear.o)
 .text.linearMemAlign
                0x001094b0      0x140 c:/home/Software/devkitPro/libctru/lib\libctru.a(linear.o)
                0x001094b0                linearMemAlign
 .text.linearAlloc
                0x001095f0        0x8 c:/home/Software/devkitPro/libctru/lib\libctru.a(linear.o)
                0x001095f0                linearAlloc
 .text.linearFree
                0x001095f8       0x50 c:/home/Software/devkitPro/libctru/lib\libctru.a(linear.o)
                0x001095f8                linearFree
 .text._ZN7MemPool13CoalesceRightEP8MemBlock
                0x00109648       0xa0 c:/home/Software/devkitPro/libctru/lib\libctru.a(mem_pool.o)
                0x00109648                MemPool::CoalesceRight(MemBlock*)
 .text._ZN7MemPool8AllocateER8MemChunkmi
                0x001096e8      0x18c c:/home/Software/devkitPro/libctru/lib\libctru.a(mem_pool.o)
                0x001096e8                MemPool::Allocate(MemChunk&, unsigned long, int)
 .text._ZN7MemPool10DeallocateERK8MemChunk
                0x00109874      0x104 c:/home/Software/devkitPro/libctru/lib\libctru.a(mem_pool.o)
                0x00109874                MemPool::Deallocate(MemChunk const&)
 .text._ZL21addrMapNodeComparatorPK11rbtree_nodeS1_
                0x00109978       0x24 c:/home/Software/devkitPro/libctru/lib\libctru.a(vram.o)
 .text._ZL21addrMapNodeDestructorP11rbtree_node
                0x0010999c        0x4 c:/home/Software/devkitPro/libctru/lib\libctru.a(vram.o)
 .text.vramMemAlign
                0x001099a0      0x130 c:/home/Software/devkitPro/libctru/lib\libctru.a(vram.o)
                0x001099a0                vramMemAlign
 .text.vramAlloc
                0x00109ad0        0x8 c:/home/Software/devkitPro/libctru/lib\libctru.a(vram.o)
                0x00109ad0                vramAlloc
 .text.vramFree
                0x00109ad8       0x50 c:/home/Software/devkitPro/libctru/lib\libctru.a(vram.o)
                0x00109ad8                vramFree
 .text.debug_write
                0x00109b28       0x1c c:/home/Software/devkitPro/libctru/lib\libctru.a(console.o)
                0x00109b28                debug_write
 .text.consoleDrawChar
                0x00109b44      0x1ac c:/home/Software/devkitPro/libctru/lib\libctru.a(console.o)
                0x00109b44                consoleDrawChar
 .text.consolePrintChar
                0x00109cf0      0x128 c:/home/Software/devkitPro/libctru/lib\libctru.a(console.o)
                0x00109cf0                consolePrintChar
 .text.consoleCls
                0x00109e18      0x184 c:/home/Software/devkitPro/libctru/lib\libctru.a(console.o)
 .text.consoleInit
                0x00109f9c       0xf8 c:/home/Software/devkitPro/libctru/lib\libctru.a(console.o)
                0x00109f9c                consoleInit
 .text.consoleClearLine
                0x0010a094      0x138 c:/home/Software/devkitPro/libctru/lib\libctru.a(console.o)
 .text.newRow   0x0010a1cc       0xc0 c:/home/Software/devkitPro/libctru/lib\libctru.a(console.o)
 .text.con_write
                0x0010a28c      0x86c c:/home/Software/devkitPro/libctru/lib\libctru.a(console.o)
                0x0010a28c                con_write
 .text.gfxSetFramebufferInfo.part.0
                0x0010aaf8       0x8c c:/home/Software/devkitPro/libctru/lib\libctru.a(gfx.o)
 .text.gfxIs3D  0x0010ab84       0x10 c:/home/Software/devkitPro/libctru/lib\libctru.a(gfx.o)
                0x0010ab84                gfxIs3D
 .text.gfxSetScreenFormat
                0x0010ab94       0x18 c:/home/Software/devkitPro/libctru/lib\libctru.a(gfx.o)
                0x0010ab94                gfxSetScreenFormat
 .text.gfxSetDoubleBuffering
                0x0010abac       0x14 c:/home/Software/devkitPro/libctru/lib\libctru.a(gfx.o)
                0x0010abac                gfxSetDoubleBuffering
 .text.gfxSetFramebufferInfo
                0x0010abc0       0x70 c:/home/Software/devkitPro/libctru/lib\libctru.a(gfx.o)
                0x0010abc0                gfxSetFramebufferInfo
 .text.gfxWriteFramebufferInfo
                0x0010ac30       0x88 c:/home/Software/devkitPro/libctru/lib\libctru.a(gfx.o)
                0x0010ac30                gfxWriteFramebufferInfo
 .text.gfxInit  0x0010acb8      0x1d0 c:/home/Software/devkitPro/libctru/lib\libctru.a(gfx.o)
                0x0010acb8                gfxInit
 .text.gfxInitDefault
                0x0010ae88       0x10 c:/home/Software/devkitPro/libctru/lib\libctru.a(gfx.o)
                0x0010ae88                gfxInitDefault
 .text.gfxExit  0x0010ae98       0xe0 c:/home/Software/devkitPro/libctru/lib\libctru.a(gfx.o)
                0x0010ae98                gfxExit
 .text.gfxGetFramebuffer
                0x0010af78       0xb0 c:/home/Software/devkitPro/libctru/lib\libctru.a(gfx.o)
                0x0010af78                gfxGetFramebuffer
 .text.gfxFlushBuffers
                0x0010b028       0xcc c:/home/Software/devkitPro/libctru/lib\libctru.a(gfx.o)
                0x0010b028                gfxFlushBuffers
 .text.gfxConfigScreen
                0x0010b0f4       0x70 c:/home/Software/devkitPro/libctru/lib\libctru.a(gfx.o)
                0x0010b0f4                gfxConfigScreen
 .text.gfxSwapBuffersGpu
                0x0010b164       0x20 c:/home/Software/devkitPro/libctru/lib\libctru.a(gfx.o)
                0x0010b164                gfxSwapBuffersGpu
 .text.getSysTime
                0x0010b184       0x58 c:/home/Software/devkitPro/libctru/lib\libctru.a(os.o)
 .text.osConvertVirtToPhys
                0x0010b1dc       0x4c c:/home/Software/devkitPro/libctru/lib\libctru.a(os.o)
                0x0010b1dc                osConvertVirtToPhys
 .text.osGetMemRegionUsed
                0x0010b228       0x24 c:/home/Software/devkitPro/libctru/lib\libctru.a(os.o)
                0x0010b228                osGetMemRegionUsed
 *fill*         0x0010b24c        0x4 
 .text.__libctru_gtod
                0x0010b250       0xf8 c:/home/Software/devkitPro/libctru/lib\libctru.a(os.o)
                0x0010b250                __libctru_gtod
 .text.__ctru_speedup_config
                0x0010b348       0x34 c:/home/Software/devkitPro/libctru/lib\libctru.a(os.o)
                0x0010b348                __ctru_speedup_config
 .text.GPUCMD_SetBuffer
                0x0010b37c       0x2c c:/home/Software/devkitPro/libctru/lib\libctru.a(gpu.o)
                0x0010b37c                GPUCMD_SetBuffer
 .text.GPUCMD_GetBuffer
                0x0010b3a8       0x40 c:/home/Software/devkitPro/libctru/lib\libctru.a(gpu.o)
                0x0010b3a8                GPUCMD_GetBuffer
 .text.GPUCMD_Add
                0x0010b3e8       0xe4 c:/home/Software/devkitPro/libctru/lib\libctru.a(gpu.o)
                0x0010b3e8                GPUCMD_Add
 .text.GPUCMD_Finalize
                0x0010b4cc       0x98 c:/home/Software/devkitPro/libctru/lib\libctru.a(gpu.o)
                0x0010b4cc                GPUCMD_Finalize
 .text.f32tof24
                0x0010b564       0x40 c:/home/Software/devkitPro/libctru/lib\libctru.a(gpu.o)
                0x0010b564                f32tof24
 .text.f32tof31
                0x0010b5a4       0x40 c:/home/Software/devkitPro/libctru/lib\libctru.a(gpu.o)
                0x0010b5a4                f32tof31
 .text.GX_ProcessCommandList
                0x0010b5e4       0x54 c:/home/Software/devkitPro/libctru/lib\libctru.a(gx.o)
                0x0010b5e4                GX_ProcessCommandList
 .text.GX_MemoryFill
                0x0010b638       0x60 c:/home/Software/devkitPro/libctru/lib\libctru.a(gx.o)
                0x0010b638                GX_MemoryFill
 .text.GX_DisplayTransfer
                0x0010b698       0x50 c:/home/Software/devkitPro/libctru/lib\libctru.a(gx.o)
                0x0010b698                GX_DisplayTransfer
 .text.GX_FlushCacheRegions
                0x0010b6e8       0x54 c:/home/Software/devkitPro/libctru/lib\libctru.a(gx.o)
                0x0010b6e8                GX_FlushCacheRegions
 .text.GPU_SetShaderOutmap
                0x0010b73c       0x48 c:/home/Software/devkitPro/libctru/lib\libctru.a(shaderProgram.o)
 .text.GPU_SendShaderCode.constprop.0
                0x0010b784       0xb8 c:/home/Software/devkitPro/libctru/lib\libctru.a(shaderProgram.o)
 .text.GPU_SendOperandDescriptors.constprop.1
                0x0010b83c       0x70 c:/home/Software/devkitPro/libctru/lib\libctru.a(shaderProgram.o)
 .text.shaderInstanceInit
                0x0010b8ac      0x23c c:/home/Software/devkitPro/libctru/lib\libctru.a(shaderProgram.o)
                0x0010b8ac                shaderInstanceInit
 .text.shaderInstanceFree
                0x0010bae8       0x38 c:/home/Software/devkitPro/libctru/lib\libctru.a(shaderProgram.o)
                0x0010bae8                shaderInstanceFree
 .text.shaderInstanceGetUniformLocation
                0x0010bb20       0x18 c:/home/Software/devkitPro/libctru/lib\libctru.a(shaderProgram.o)
                0x0010bb20                shaderInstanceGetUniformLocation
 .text.shaderProgramInit
                0x0010bb38       0x18 c:/home/Software/devkitPro/libctru/lib\libctru.a(shaderProgram.o)
                0x0010bb38                shaderProgramInit
 .text.shaderProgramFree
                0x0010bb50       0x30 c:/home/Software/devkitPro/libctru/lib\libctru.a(shaderProgram.o)
                0x0010bb50                shaderProgramFree
 .text.shaderProgramSetVsh
                0x0010bb80       0x6c c:/home/Software/devkitPro/libctru/lib\libctru.a(shaderProgram.o)
                0x0010bb80                shaderProgramSetVsh
 .text.shaderProgramConfigure
                0x0010bbec      0x340 c:/home/Software/devkitPro/libctru/lib\libctru.a(shaderProgram.o)
                0x0010bbec                shaderProgramConfigure
 .text.DVLB_Free
                0x0010bf2c       0x3c c:/home/Software/devkitPro/libctru/lib\libctru.a(shbin.o)
                0x0010bf2c                DVLB_Free
 .text.DVLE_GetUniformRegister
                0x0010bf68       0x80 c:/home/Software/devkitPro/libctru/lib\libctru.a(shbin.o)
                0x0010bf68                DVLE_GetUniformRegister
 .text.DVLE_GenerateOutmap
                0x0010bfe8      0x198 c:/home/Software/devkitPro/libctru/lib\libctru.a(shbin.o)
                0x0010bfe8                DVLE_GenerateOutmap
 .text.DVLB_ParseFile
                0x0010c180      0x198 c:/home/Software/devkitPro/libctru/lib\libctru.a(shbin.o)
                0x0010c180                DVLB_ParseFile
 .text.__apt_initservicehandle
                0x0010c318       0x68 c:/home/Software/devkitPro/libctru/lib\libctru.a(apt.o)
 .text._aptDebug
                0x0010c380        0x4 c:/home/Software/devkitPro/libctru/lib\libctru.a(apt.o)
                0x0010c380                _aptDebug
 .text.aptWaitStatusEvent
                0x0010c384       0x28 c:/home/Software/devkitPro/libctru/lib\libctru.a(apt.o)
                0x0010c384                aptWaitStatusEvent
 .text.aptHook  0x0010c3ac       0x34 c:/home/Software/devkitPro/libctru/lib\libctru.a(apt.o)
                0x0010c3ac                aptHook
 .text.aptUnhook
                0x0010c3e0       0x2c c:/home/Software/devkitPro/libctru/lib\libctru.a(apt.o)
                0x0010c3e0                aptUnhook
 .text.aptSetStatus
                0x0010c40c       0x6c c:/home/Software/devkitPro/libctru/lib\libctru.a(apt.o)
                0x0010c40c                aptSetStatus
 .text.APT_GetLockHandle
                0x0010c478       0x48 c:/home/Software/devkitPro/libctru/lib\libctru.a(apt.o)
                0x0010c478                APT_GetLockHandle
 .text.APT_Initialize
                0x0010c4c0       0x60 c:/home/Software/devkitPro/libctru/lib\libctru.a(apt.o)
                0x0010c4c0                APT_Initialize
 .text.APT_Finalize
                0x0010c520       0x34 c:/home/Software/devkitPro/libctru/lib\libctru.a(apt.o)
                0x0010c520                APT_Finalize
 .text.APT_InquireNotification
                0x0010c554       0x48 c:/home/Software/devkitPro/libctru/lib\libctru.a(apt.o)
                0x0010c554                APT_InquireNotification
 .text.APT_PrepareToJumpToApplication
                0x0010c59c       0x34 c:/home/Software/devkitPro/libctru/lib\libctru.a(apt.o)
                0x0010c59c                APT_PrepareToJumpToApplication
 .text.APT_JumpToApplication
                0x0010c5d0       0x50 c:/home/Software/devkitPro/libctru/lib\libctru.a(apt.o)
                0x0010c5d0                APT_JumpToApplication
 .text.APT_AppletUtility
                0x0010c620       0x7c c:/home/Software/devkitPro/libctru/lib\libctru.a(apt.o)
                0x0010c620                APT_AppletUtility
 .text.aptAppletUtility_Exit_RetToApp
                0x0010c69c      0x188 c:/home/Software/devkitPro/libctru/lib\libctru.a(apt.o)
                0x0010c69c                aptAppletUtility_Exit_RetToApp
 .text.aptAppStarted
                0x0010c824      0x114 c:/home/Software/devkitPro/libctru/lib\libctru.a(apt.o)
 .text.aptInit  0x0010c938      0x298 c:/home/Software/devkitPro/libctru/lib\libctru.a(apt.o)
                0x0010c938                aptInit
 .text.APT_ReceiveParameter
                0x0010cbd0       0x6c c:/home/Software/devkitPro/libctru/lib\libctru.a(apt.o)
                0x0010cbd0                APT_ReceiveParameter
 .text.APT_ReplySleepQuery
                0x0010cc3c       0x38 c:/home/Software/devkitPro/libctru/lib\libctru.a(apt.o)
                0x0010cc3c                APT_ReplySleepQuery
 .text.APT_ReplySleepNotificationComplete
                0x0010cc74       0x34 c:/home/Software/devkitPro/libctru/lib\libctru.a(apt.o)
                0x0010cc74                APT_ReplySleepNotificationComplete
 .text.aptEventHandler
                0x0010cca8      0x3f4 c:/home/Software/devkitPro/libctru/lib\libctru.a(apt.o)
                0x0010cca8                aptEventHandler
 .text.APT_PrepareToCloseApplication
                0x0010d09c       0x34 c:/home/Software/devkitPro/libctru/lib\libctru.a(apt.o)
                0x0010d09c                APT_PrepareToCloseApplication
 .text.APT_CloseApplication
                0x0010d0d0       0x50 c:/home/Software/devkitPro/libctru/lib\libctru.a(apt.o)
                0x0010d0d0                APT_CloseApplication
 .text.aptExit  0x0010d120      0x2d0 c:/home/Software/devkitPro/libctru/lib\libctru.a(apt.o)
                0x0010d120                aptExit
 .text.APT_CheckNew3DS_System
                0x0010d3f0       0x6c c:/home/Software/devkitPro/libctru/lib\libctru.a(apt.o)
                0x0010d3f0                APT_CheckNew3DS_System
 .text.APT_CheckNew3DS
                0x0010d45c       0x8c c:/home/Software/devkitPro/libctru/lib\libctru.a(apt.o)
                0x0010d45c                APT_CheckNew3DS
 .text.gspEventThreadMain
                0x0010d4e8      0x124 c:/home/Software/devkitPro/libctru/lib\libctru.a(gspgpu.o)
 .text.gspInit  0x0010d60c       0x74 c:/home/Software/devkitPro/libctru/lib\libctru.a(gspgpu.o)
                0x0010d60c                gspInit
 .text.gspExit  0x0010d680       0x3c c:/home/Software/devkitPro/libctru/lib\libctru.a(gspgpu.o)
                0x0010d680                gspExit
 .text.gspSetEventCallback
                0x0010d6bc       0x34 c:/home/Software/devkitPro/libctru/lib\libctru.a(gspgpu.o)
                0x0010d6bc                gspSetEventCallback
 .text.gspInitEventHandler
                0x0010d6f0       0xd0 c:/home/Software/devkitPro/libctru/lib\libctru.a(gspgpu.o)
                0x0010d6f0                gspInitEventHandler
 .text.gspExitEventHandler
                0x0010d7c0       0x5c c:/home/Software/devkitPro/libctru/lib\libctru.a(gspgpu.o)
                0x0010d7c0                gspExitEventHandler
 .text.gspWaitForEvent
                0x0010d81c       0x58 c:/home/Software/devkitPro/libctru/lib\libctru.a(gspgpu.o)
                0x0010d81c                gspWaitForEvent
 .text.gspWaitForAnyEvent
                0x0010d874       0x58 c:/home/Software/devkitPro/libctru/lib\libctru.a(gspgpu.o)
                0x0010d874                gspWaitForAnyEvent
 .text.gspSubmitGxCommand
                0x0010d8cc      0x128 c:/home/Software/devkitPro/libctru/lib\libctru.a(gspgpu.o)
                0x0010d8cc                gspSubmitGxCommand
 .text.GSPGPU_SetBufferSwap
                0x0010d9f4       0x6c c:/home/Software/devkitPro/libctru/lib\libctru.a(gspgpu.o)
                0x0010d9f4                GSPGPU_SetBufferSwap
 .text.GSPGPU_FlushDataCache
                0x0010da60       0x4c c:/home/Software/devkitPro/libctru/lib\libctru.a(gspgpu.o)
                0x0010da60                GSPGPU_FlushDataCache
 .text.GSPGPU_SetLcdForceBlack
                0x0010daac       0x34 c:/home/Software/devkitPro/libctru/lib\libctru.a(gspgpu.o)
                0x0010daac                GSPGPU_SetLcdForceBlack
 .text.GSPGPU_RegisterInterruptRelayQueue
                0x0010dae0       0x64 c:/home/Software/devkitPro/libctru/lib\libctru.a(gspgpu.o)
                0x0010dae0                GSPGPU_RegisterInterruptRelayQueue
 .text.GSPGPU_UnregisterInterruptRelayQueue
                0x0010db44       0x2c c:/home/Software/devkitPro/libctru/lib\libctru.a(gspgpu.o)
                0x0010db44                GSPGPU_UnregisterInterruptRelayQueue
 .text.GSPGPU_AcquireRight
                0x0010db70       0x48 c:/home/Software/devkitPro/libctru/lib\libctru.a(gspgpu.o)
                0x0010db70                GSPGPU_AcquireRight
 .text.GSPGPU_ReleaseRight
                0x0010dbb8       0x2c c:/home/Software/devkitPro/libctru/lib\libctru.a(gspgpu.o)
                0x0010dbb8                GSPGPU_ReleaseRight
 .text.GSPGPU_RestoreVramSysArea
                0x0010dbe4       0x2c c:/home/Software/devkitPro/libctru/lib\libctru.a(gspgpu.o)
                0x0010dbe4                GSPGPU_RestoreVramSysArea
 .text.hidExit  0x0010dc10       0xd8 c:/home/Software/devkitPro/libctru/lib\libctru.a(hid.o)
                0x0010dc10                hidExit
 .text.hidScanInput
                0x0010dce8      0x238 c:/home/Software/devkitPro/libctru/lib\libctru.a(hid.o)
                0x0010dce8                hidScanInput
 .text.hidKeysHeld
                0x0010df20       0x10 c:/home/Software/devkitPro/libctru/lib\libctru.a(hid.o)
                0x0010df20                hidKeysHeld
 .text.hidKeysDown
                0x0010df30       0x10 c:/home/Software/devkitPro/libctru/lib\libctru.a(hid.o)
                0x0010df30                hidKeysDown
 .text.HIDUSER_GetHandles
                0x0010df40       0x90 c:/home/Software/devkitPro/libctru/lib\libctru.a(hid.o)
                0x0010df40                HIDUSER_GetHandles
 .text.hidInit  0x0010dfd0      0x184 c:/home/Software/devkitPro/libctru/lib\libctru.a(hid.o)
                0x0010dfd0                hidInit
 .text.irrstScanInput
                0x0010e154       0xb0 c:/home/Software/devkitPro/libctru/lib\libctru.a(irrst.o)
                0x0010e154                irrstScanInput
 .text.irrstKeysHeld
                0x0010e204       0x1c c:/home/Software/devkitPro/libctru/lib\libctru.a(irrst.o)
                0x0010e204                irrstKeysHeld
 .text.IRRST_GetHandles
                0x0010e220       0x50 c:/home/Software/devkitPro/libctru/lib\libctru.a(irrst.o)
                0x0010e220                IRRST_GetHandles
 .text.irrstInit
                0x0010e270      0x148 c:/home/Software/devkitPro/libctru/lib\libctru.a(irrst.o)
                0x0010e270                irrstInit
 .text.IRRST_Shutdown
                0x0010e3b8       0x2c c:/home/Software/devkitPro/libctru/lib\libctru.a(irrst.o)
                0x0010e3b8                IRRST_Shutdown
 .text.irrstExit
                0x0010e3e4       0xb0 c:/home/Software/devkitPro/libctru/lib\libctru.a(irrst.o)
                0x0010e3e4                irrstExit
 .text.ptmSysmInit
                0x0010e494       0x70 c:/home/Software/devkitPro/libctru/lib\libctru.a(ptmsysm.o)
                0x0010e494                ptmSysmInit
 .text.ptmSysmExit
                0x0010e504       0x34 c:/home/Software/devkitPro/libctru/lib\libctru.a(ptmsysm.o)
                0x0010e504                ptmSysmExit
 .text.PTMSYSM_ConfigureNew3DSCPU
                0x0010e538       0x34 c:/home/Software/devkitPro/libctru/lib\libctru.a(ptmsysm.o)
                0x0010e538                PTMSYSM_ConfigureNew3DSCPU
 .text.rbtree_find
                0x0010e56c       0x70 c:/home/Software/devkitPro/libctru/lib\libctru.a(rbtree_find.o)
                0x0010e56c                rbtree_find
 .text.rbtree_init
                0x0010e5dc       0x14 c:/home/Software/devkitPro/libctru/lib\libctru.a(rbtree_init.o)
                0x0010e5dc                rbtree_init
 .text.do_insert
                0x0010e5f0      0x1d4 c:/home/Software/devkitPro/libctru/lib\libctru.a(rbtree_insert.o)
 .text.rbtree_insert
                0x0010e7c4        0x8 c:/home/Software/devkitPro/libctru/lib\libctru.a(rbtree_insert.o)
                0x0010e7c4                rbtree_insert
 .text.rbtree_remove
                0x0010e7cc      0x35c c:/home/Software/devkitPro/libctru/lib\libctru.a(rbtree_remove.o)
                0x0010e7cc                rbtree_remove
 .text.rbtree_rotate
                0x0010eb28       0xac c:/home/Software/devkitPro/libctru/lib\libctru.a(rbtree_rotate.o)
                0x0010eb28                rbtree_rotate
 .text.osGetMemRegionSize
                0x0010ebd4       0x58 c:/home/Software/devkitPro/libctru/lib\libctru.a(allocateHeaps.o)
 .text.__system_allocateHeaps
                0x0010ec2c      0x124 c:/home/Software/devkitPro/libctru/lib\libctru.a(allocateHeaps.o)
                0x0010ec2c                __system_allocateHeaps
 .text.__system_initArgv
                0x0010ed50       0xf4 c:/home/Software/devkitPro/libctru/lib\libctru.a(initArgv.o)
                0x0010ed50                __system_initArgv
 .text.__libctru_init
                0x0010ee44       0x38 c:/home/Software/devkitPro/libctru/lib\libctru.a(initSystem.o)
                0x0010ee44                __libctru_init
 .text.__ctru_get_reent
                0x0010ee7c       0x30 c:/home/Software/devkitPro/libctru/lib\libctru.a(syscalls.o)
 .text.__system_initSyscalls
                0x0010eeac       0xe8 c:/home/Software/devkitPro/libctru/lib\libctru.a(syscalls.o)
                0x0010eeac                __system_initSyscalls
 .text.svcControlMemory
                0x0010ef94       0x20 c:/home/Software/devkitPro/libctru/lib\libctru.a(svc.o)
                0x0010ef94                svcControlMemory
 .text.svcExitProcess
                0x0010efb4        0x8 c:/home/Software/devkitPro/libctru/lib\libctru.a(svc.o)
                0x0010efb4                svcExitProcess
 .text.svcCreateThread
                0x0010efbc       0x20 c:/home/Software/devkitPro/libctru/lib\libctru.a(svc.o)
                0x0010efbc                svcCreateThread
 .text.svcExitThread
                0x0010efdc        0x8 c:/home/Software/devkitPro/libctru/lib\libctru.a(svc.o)
                0x0010efdc                svcExitThread
 .text.svcCreateEvent
                0x0010efe4       0x14 c:/home/Software/devkitPro/libctru/lib\libctru.a(svc.o)
                0x0010efe4                svcCreateEvent
 .text.svcSignalEvent
                0x0010eff8        0x8 c:/home/Software/devkitPro/libctru/lib\libctru.a(svc.o)
                0x0010eff8                svcSignalEvent
 .text.svcClearEvent
                0x0010f000        0x8 c:/home/Software/devkitPro/libctru/lib\libctru.a(svc.o)
                0x0010f000                svcClearEvent
 .text.svcMapMemoryBlock
                0x0010f008        0x8 c:/home/Software/devkitPro/libctru/lib\libctru.a(svc.o)
                0x0010f008                svcMapMemoryBlock
 .text.svcUnmapMemoryBlock
                0x0010f010        0x8 c:/home/Software/devkitPro/libctru/lib\libctru.a(svc.o)
                0x0010f010                svcUnmapMemoryBlock
 .text.svcCreateAddressArbiter
                0x0010f018       0x14 c:/home/Software/devkitPro/libctru/lib\libctru.a(svc.o)
                0x0010f018                svcCreateAddressArbiter
 .text.svcArbitrateAddress
                0x0010f02c       0x18 c:/home/Software/devkitPro/libctru/lib\libctru.a(svc.o)
                0x0010f02c                svcArbitrateAddress
 .text.svcCloseHandle
                0x0010f044        0x8 c:/home/Software/devkitPro/libctru/lib\libctru.a(svc.o)
                0x0010f044                svcCloseHandle
 .text.svcWaitSynchronization
                0x0010f04c        0x8 c:/home/Software/devkitPro/libctru/lib\libctru.a(svc.o)
                0x0010f04c                svcWaitSynchronization
 .text.svcWaitSynchronizationN
                0x0010f054       0x28 c:/home/Software/devkitPro/libctru/lib\libctru.a(svc.o)
                0x0010f054                svcWaitSynchronizationN
 .text.svcDuplicateHandle
                0x0010f07c       0x14 c:/home/Software/devkitPro/libctru/lib\libctru.a(svc.o)
                0x0010f07c                svcDuplicateHandle
 .text.svcGetSystemTick
                0x0010f090        0x8 c:/home/Software/devkitPro/libctru/lib\libctru.a(svc.o)
                0x0010f090                svcGetSystemTick
 .text.svcGetSystemInfo
                0x0010f098       0x18 c:/home/Software/devkitPro/libctru/lib\libctru.a(svc.o)
                0x0010f098                svcGetSystemInfo
 .text.svcConnectToPort
                0x0010f0b0       0x14 c:/home/Software/devkitPro/libctru/lib\libctru.a(svc.o)
                0x0010f0b0                svcConnectToPort
 .text.svcSendSyncRequest
                0x0010f0c4        0x8 c:/home/Software/devkitPro/libctru/lib\libctru.a(svc.o)
                0x0010f0c4                svcSendSyncRequest
 .text.svcBreak
                0x0010f0cc        0x8 c:/home/Software/devkitPro/libctru/lib\libctru.a(svc.o)
                0x0010f0cc                svcBreak
 .text.svcOutputDebugString
                0x0010f0d4        0x8 c:/home/Software/devkitPro/libctru/lib\libctru.a(svc.o)
                0x0010f0d4                svcOutputDebugString
 .text._ZL21addrMapNodeComparatorPK11rbtree_nodeS1_
                0x0010f0dc       0x24 c:/home/Software/devkitPro/libctru/lib\libctru.a(mappable.o)
 .text._ZL21addrMapNodeDestructorP11rbtree_node
                0x0010f100        0x4 c:/home/Software/devkitPro/libctru/lib\libctru.a(mappable.o)
 .text.mappableAlloc
                0x0010f104       0xf4 c:/home/Software/devkitPro/libctru/lib\libctru.a(mappable.o)
                0x0010f104                mappableAlloc
 .text.mappableFree
                0x0010f1f8       0x50 c:/home/Software/devkitPro/libctru/lib\libctru.a(mappable.o)
                0x0010f1f8                mappableFree
 .text.envGetHandle
                0x0010f248       0x94 c:/home/Software/devkitPro/libctru/lib\libctru.a(env.o)
                0x0010f248                envGetHandle
 .text.envDestroyHandles
                0x0010f2dc       0x4c c:/home/Software/devkitPro/libctru/lib\libctru.a(env.o)
                0x0010f2dc                envDestroyHandles
 .text.srvExit  0x0010f328       0x50 c:/home/Software/devkitPro/libctru/lib\libctru.a(srv.o)
                0x0010f328                srvExit
 .text.srvRegisterClient
                0x0010f378       0x38 c:/home/Software/devkitPro/libctru/lib\libctru.a(srv.o)
                0x0010f378                srvRegisterClient
 .text.srvInit  0x0010f3b0       0x70 c:/home/Software/devkitPro/libctru/lib\libctru.a(srv.o)
                0x0010f3b0                srvInit
 .text.srvGetServiceHandleDirect
                0x0010f420       0x68 c:/home/Software/devkitPro/libctru/lib\libctru.a(srv.o)
                0x0010f420                srvGetServiceHandleDirect
 .text.srvGetServiceHandle
                0x0010f488       0x38 c:/home/Software/devkitPro/libctru/lib\libctru.a(srv.o)
                0x0010f488                srvGetServiceHandle
 .text.LightLock_Unlock.part.1
                0x0010f4c0       0x34 c:/home/Software/devkitPro/libctru/lib\libctru.a(synchronization.o)
 .text.__sync_init
                0x0010f4f4        0xc c:/home/Software/devkitPro/libctru/lib\libctru.a(synchronization.o)
                0x0010f4f4                __sync_init
 .text.__sync_fini
                0x0010f500       0x18 c:/home/Software/devkitPro/libctru/lib\libctru.a(synchronization.o)
                0x0010f500                __sync_fini
 .text.LightLock_Init
                0x0010f518       0x18 c:/home/Software/devkitPro/libctru/lib\libctru.a(synchronization.o)
                0x0010f518                LightLock_Init
 .text.LightLock_Lock
                0x0010f530       0x94 c:/home/Software/devkitPro/libctru/lib\libctru.a(synchronization.o)
                0x0010f530                LightLock_Lock
 .text.LightLock_TryLock
                0x0010f5c4       0x34 c:/home/Software/devkitPro/libctru/lib\libctru.a(synchronization.o)
                0x0010f5c4                LightLock_TryLock
 .text.LightLock_Unlock
                0x0010f5f8       0x20 c:/home/Software/devkitPro/libctru/lib\libctru.a(synchronization.o)
                0x0010f5f8                LightLock_Unlock
 .text.RecursiveLock_Init
                0x0010f618       0x24 c:/home/Software/devkitPro/libctru/lib\libctru.a(synchronization.o)
                0x0010f618                RecursiveLock_Init
 .text.RecursiveLock_Lock
                0x0010f63c       0x30 c:/home/Software/devkitPro/libctru/lib\libctru.a(synchronization.o)
                0x0010f63c                RecursiveLock_Lock
 .text.RecursiveLock_TryLock
                0x0010f66c       0x58 c:/home/Software/devkitPro/libctru/lib\libctru.a(synchronization.o)
                0x0010f66c                RecursiveLock_TryLock
 .text.RecursiveLock_Unlock
                0x0010f6c4       0x38 c:/home/Software/devkitPro/libctru/lib\libctru.a(synchronization.o)
                0x0010f6c4                RecursiveLock_Unlock
 .text.threadCreate
                0x0010f6fc      0x1c8 c:/home/Software/devkitPro/libctru/lib\libctru.a(thread.o)
                0x0010f6fc                threadCreate
 .text.threadJoin
                0x0010f8c4       0x24 c:/home/Software/devkitPro/libctru/lib\libctru.a(thread.o)
                0x0010f8c4                threadJoin
 .text.threadExit
                0x0010f8e8       0x6c c:/home/Software/devkitPro/libctru/lib\libctru.a(thread.o)
                0x0010f8e8                threadExit
 .text._thread_begin
                0x0010f954       0x3c c:/home/Software/devkitPro/libctru/lib\libctru.a(thread.o)
 .text.rbtree_node_next
                0x0010f990       0x8c c:/home/Software/devkitPro/libctru/lib\libctru.a(rbtree_iterator.o)
                0x0010f990                rbtree_node_next
 .text.__appExit
                0x0010fa1c       0x1c c:/home/Software/devkitPro/libctru/lib\libctru.a(appExit.o)
                0x0010fa1c                __appExit
 .text.__appInit
                0x0010fa38       0x1c c:/home/Software/devkitPro/libctru/lib\libctru.a(appInit.o)
                0x0010fa38                __appInit
 .text.__libctru_exit
                0x0010fa54       0xa4 c:/home/Software/devkitPro/libctru/lib\libctru.a(ctru_exit.o)
                0x0010fa54                __libctru_exit
 .text.sdmc_link
                0x0010faf8       0x10 c:/home/Software/devkitPro/libctru/lib\libctru.a(sdmc_dev.o)
 .text.sdmc_dirreset
                0x0010fb08       0x10 c:/home/Software/devkitPro/libctru/lib\libctru.a(sdmc_dev.o)
 .text.sdmc_chmod
                0x0010fb18       0x10 c:/home/Software/devkitPro/libctru/lib\libctru.a(sdmc_dev.o)
 .text.sdmc_fchmod
                0x0010fb28       0x10 c:/home/Software/devkitPro/libctru/lib\libctru.a(sdmc_dev.o)
 .text.error_cmp
                0x0010fb38       0x24 c:/home/Software/devkitPro/libctru/lib\libctru.a(sdmc_dev.o)
 .text.sdmc_translate_error
                0x0010fb5c       0x50 c:/home/Software/devkitPro/libctru/lib\libctru.a(sdmc_dev.o)
 .text.sdmc_fsync
                0x0010fbac       0x34 c:/home/Software/devkitPro/libctru/lib\libctru.a(sdmc_dev.o)
 .text.sdmc_ftruncate
                0x0010fbe0       0x54 c:/home/Software/devkitPro/libctru/lib\libctru.a(sdmc_dev.o)
 .text.sdmc_statvfs
                0x0010fc34       0xac c:/home/Software/devkitPro/libctru/lib\libctru.a(sdmc_dev.o)
 .text.sdmc_dirclose
                0x0010fce0       0x38 c:/home/Software/devkitPro/libctru/lib\libctru.a(sdmc_dev.o)
 .text.sdmc_dirnext
                0x0010fd18       0xe0 c:/home/Software/devkitPro/libctru/lib\libctru.a(sdmc_dev.o)
 .text.sdmc_close
                0x0010fdf8       0x34 c:/home/Software/devkitPro/libctru/lib\libctru.a(sdmc_dev.o)
 .text.sdmc_fstat
                0x0010fe2c       0x74 c:/home/Software/devkitPro/libctru/lib\libctru.a(sdmc_dev.o)
 .text.sdmc_seek
                0x0010fea0       0xc0 c:/home/Software/devkitPro/libctru/lib\libctru.a(sdmc_dev.o)
 .text.sdmc_read
                0x0010ff60       0x8c c:/home/Software/devkitPro/libctru/lib\libctru.a(sdmc_dev.o)
 .text.sdmc_write
                0x0010ffec      0x108 c:/home/Software/devkitPro/libctru/lib\libctru.a(sdmc_dev.o)
 .text.sdmc_utf16path
                0x001100f4      0x1b4 c:/home/Software/devkitPro/libctru/lib\libctru.a(sdmc_dev.o)
 .text.sdmc_rmdir
                0x001102a8       0x80 c:/home/Software/devkitPro/libctru/lib\libctru.a(sdmc_dev.o)
 .text.sdmc_diropen
                0x00110328       0x9c c:/home/Software/devkitPro/libctru/lib\libctru.a(sdmc_dev.o)
 .text.sdmc_chdir
                0x001103c4       0xa8 c:/home/Software/devkitPro/libctru/lib\libctru.a(sdmc_dev.o)
 .text.sdmc_mkdir
                0x0011046c       0x84 c:/home/Software/devkitPro/libctru/lib\libctru.a(sdmc_dev.o)
 .text.sdmc_rename
                0x001104f0      0x138 c:/home/Software/devkitPro/libctru/lib\libctru.a(sdmc_dev.o)
 .text.sdmc_unlink
                0x00110628       0x80 c:/home/Software/devkitPro/libctru/lib\libctru.a(sdmc_dev.o)
 .text.sdmc_stat
                0x001106a8      0x120 c:/home/Software/devkitPro/libctru/lib\libctru.a(sdmc_dev.o)
 .text.sdmc_open
                0x001107c8      0x1ac c:/home/Software/devkitPro/libctru/lib\libctru.a(sdmc_dev.o)
 .text.sdmcInit
                0x00110974      0x134 c:/home/Software/devkitPro/libctru/lib\libctru.a(sdmc_dev.o)
                0x00110974                sdmcInit
 .text.sdmcExit
                0x00110aa8       0x50 c:/home/Software/devkitPro/libctru/lib\libctru.a(sdmc_dev.o)
                0x00110aa8                sdmcExit
 .text.fsInit   0x00110af8       0xc8 c:/home/Software/devkitPro/libctru/lib\libctru.a(fs.o)
                0x00110af8                fsInit
 .text.fsExit   0x00110bc0       0x34 c:/home/Software/devkitPro/libctru/lib\libctru.a(fs.o)
                0x00110bc0                fsExit
 .text.FSUSER_OpenFile
                0x00110bf4       0xdc c:/home/Software/devkitPro/libctru/lib\libctru.a(fs.o)
                0x00110bf4                FSUSER_OpenFile
 .text.FSUSER_DeleteFile
                0x00110cd0       0xb8 c:/home/Software/devkitPro/libctru/lib\libctru.a(fs.o)
                0x00110cd0                FSUSER_DeleteFile
 .text.FSUSER_RenameFile
                0x00110d88       0xf4 c:/home/Software/devkitPro/libctru/lib\libctru.a(fs.o)
                0x00110d88                FSUSER_RenameFile
 .text.FSUSER_DeleteDirectory
                0x00110e7c       0xb8 c:/home/Software/devkitPro/libctru/lib\libctru.a(fs.o)
                0x00110e7c                FSUSER_DeleteDirectory
 .text.FSUSER_CreateFile
                0x00110f34       0xd0 c:/home/Software/devkitPro/libctru/lib\libctru.a(fs.o)
                0x00110f34                FSUSER_CreateFile
 .text.FSUSER_CreateDirectory
                0x00111004       0xc0 c:/home/Software/devkitPro/libctru/lib\libctru.a(fs.o)
                0x00111004                FSUSER_CreateDirectory
 .text.FSUSER_RenameDirectory
                0x001110c4       0xf4 c:/home/Software/devkitPro/libctru/lib\libctru.a(fs.o)
                0x001110c4                FSUSER_RenameDirectory
 .text.FSUSER_OpenDirectory
                0x001111b8       0xc4 c:/home/Software/devkitPro/libctru/lib\libctru.a(fs.o)
                0x001111b8                FSUSER_OpenDirectory
 .text.FSUSER_OpenArchive
                0x0011127c       0xbc c:/home/Software/devkitPro/libctru/lib\libctru.a(fs.o)
                0x0011127c                FSUSER_OpenArchive
 .text.FSUSER_CloseArchive
                0x00111338       0x88 c:/home/Software/devkitPro/libctru/lib\libctru.a(fs.o)
                0x00111338                FSUSER_CloseArchive
 .text.FSUSER_GetSdmcArchiveResource
                0x001113c0       0x8c c:/home/Software/devkitPro/libctru/lib\libctru.a(fs.o)
                0x001113c0                FSUSER_GetSdmcArchiveResource
 .text.FSUSER_IsSdmcWritable
                0x0011144c       0x64 c:/home/Software/devkitPro/libctru/lib\libctru.a(fs.o)
                0x0011144c                FSUSER_IsSdmcWritable
 .text.FSFILE_Read
                0x001114b0       0x5c c:/home/Software/devkitPro/libctru/lib\libctru.a(fs.o)
                0x001114b0                FSFILE_Read
 .text.FSFILE_Write
                0x0011150c       0x64 c:/home/Software/devkitPro/libctru/lib\libctru.a(fs.o)
                0x0011150c                FSFILE_Write
 .text.FSFILE_GetSize
                0x00111570       0x3c c:/home/Software/devkitPro/libctru/lib\libctru.a(fs.o)
                0x00111570                FSFILE_GetSize
 .text.FSFILE_SetSize
                0x001115ac       0x2c c:/home/Software/devkitPro/libctru/lib\libctru.a(fs.o)
                0x001115ac                FSFILE_SetSize
 .text.FSFILE_Close
                0x001115d8       0x3c c:/home/Software/devkitPro/libctru/lib\libctru.a(fs.o)
                0x001115d8                FSFILE_Close
 .text.FSFILE_Flush
                0x00111614       0x24 c:/home/Software/devkitPro/libctru/lib\libctru.a(fs.o)
                0x00111614                FSFILE_Flush
 .text.FSDIR_Read
                0x00111638       0x54 c:/home/Software/devkitPro/libctru/lib\libctru.a(fs.o)
                0x00111638                FSDIR_Read
 .text.FSDIR_Close
                0x0011168c       0x3c c:/home/Software/devkitPro/libctru/lib\libctru.a(fs.o)
                0x0011168c                FSDIR_Close
 .text.decode_utf8
                0x001116c8      0x138 c:/home/Software/devkitPro/libctru/lib\libctru.a(decode_utf8.o)
                0x001116c8                decode_utf8
 .text.utf16_to_utf8
                0x00111800       0xe4 c:/home/Software/devkitPro/libctru/lib\libctru.a(utf16_to_utf8.o)
                0x00111800                utf16_to_utf8
 .text.utf8_to_utf16
                0x001118e4       0xbc c:/home/Software/devkitPro/libctru/lib\libctru.a(utf8_to_utf16.o)
                0x001118e4                utf8_to_utf16
 .text.__aeabi_read_tp
                0x001119a0        0xc c:/home/Software/devkitPro/libctru/lib\libctru.a(readtp.o)
                0x001119a0                __aeabi_read_tp
 .text.decode_utf16
                0x001119ac       0x60 c:/home/Software/devkitPro/libctru/lib\libctru.a(decode_utf16.o)
                0x001119ac                decode_utf16
 .text.encode_utf16
                0x00111a0c       0x68 c:/home/Software/devkitPro/libctru/lib\libctru.a(encode_utf16.o)
                0x00111a0c                encode_utf16
 .text.encode_utf8
                0x00111a74      0x104 c:/home/Software/devkitPro/libctru/lib\libctru.a(encode_utf8.o)
                0x00111a74                encode_utf8
 .text.bsearch  0x00111b78       0x78 c:/home/software/devkitpro/devkitarm/bin/../lib/gcc/arm-none-eabi/5.3.0/../../../../arm-none-eabi/lib/armv6k/fpu\libg.a(lib_a-bsearch.o)
                0x00111b78                bsearch
 .text.calloc   0x00111bf0       0x20 c:/home/software/devkitpro/devkitarm/bin/../lib/gcc/arm-none-eabi/5.3.0/../../../../arm-none-eabi/lib/armv6k/fpu\libg.a(lib_a-calloc.o)
                0x00111bf0                calloc
 .text._calloc_r
                0x00111c10       0x90 c:/home/software/devkitpro/devkitarm/bin/../lib/gcc/arm-none-eabi/5.3.0/../../../../arm-none-eabi/lib/armv6k/fpu\libg.a(lib_a-callocr.o)
                0x00111c10                _calloc_r
 .text._fclose_r
                0x00111ca0      0x120 c:/home/software/devkitpro/devkitarm/bin/../lib/gcc/arm-none-eabi/5.3.0/../../../../arm-none-eabi/lib/armv6k/fpu\libg.a(lib_a-fclose.o)
                0x00111ca0                _fclose_r
 .text.__sflush_r
                0x00111dc0      0x230 c:/home/software/devkitpro/devkitarm/bin/../lib/gcc/arm-none-eabi/5.3.0/../../../../arm-none-eabi/lib/armv6k/fpu\libg.a(lib_a-fflush.o)
                0x00111dc0                __sflush_r
 .text._fflush_r
                0x00111ff0       0x90 c:/home/software/devkitpro/devkitarm/bin/../lib/gcc/arm-none-eabi/5.3.0/../../../../arm-none-eabi/lib/armv6k/fpu\libg.a(lib_a-fflush.o)
                0x00111ff0                _fflush_r
 .text._cleanup_r
                0x00112080        0xc c:/home/software/devkitpro/devkitarm/bin/../lib/gcc/arm-none-eabi/5.3.0/../../../../arm-none-eabi/lib/armv6k/fpu\libg.a(lib_a-findfp.o)
                0x00112080                _cleanup_r
 .text.std.isra.0
                0x0011208c       0x80 c:/home/software/devkitpro/devkitarm/bin/../lib/gcc/arm-none-eabi/5.3.0/../../../../arm-none-eabi/lib/armv6k/fpu\libg.a(lib_a-findfp.o)
 .text.__sinit  0x0011210c       0x8c c:/home/software/devkitpro/devkitarm/bin/../lib/gcc/arm-none-eabi/5.3.0/../../../../arm-none-eabi/lib/armv6k/fpu\libg.a(lib_a-findfp.o)
                0x0011210c                __sinit
 .text.__sfp_lock_acquire
                0x00112198        0xc c:/home/software/devkitpro/devkitarm/bin/../lib/gcc/arm-none-eabi/5.3.0/../../../../arm-none-eabi/lib/armv6k/fpu\libg.a(lib_a-findfp.o)
                0x00112198                __sfp_lock_acquire
 .text.__sfp_lock_release
                0x001121a4        0xc c:/home/software/devkitpro/devkitarm/bin/../lib/gcc/arm-none-eabi/5.3.0/../../../../arm-none-eabi/lib/armv6k/fpu\libg.a(lib_a-findfp.o)
                0x001121a4                __sfp_lock_release
 .text.__libc_fini_array
                0x001121b0       0x3c c:/home/software/devkitpro/devkitarm/bin/../lib/gcc/arm-none-eabi/5.3.0/../../../../arm-none-eabi/lib/armv6k/fpu\libg.a(lib_a-fini.o)
                0x001121b0                __libc_fini_array
 .text._malloc_trim_r
                0x001121ec       0xf8 c:/home/software/devkitpro/devkitarm/bin/../lib/gcc/arm-none-eabi/5.3.0/../../../../arm-none-eabi/lib/armv6k/fpu\libg.a(lib_a-freer.o)
                0x001121ec                _malloc_trim_r
 .text._free_r  0x001122e4      0x2e4 c:/home/software/devkitpro/devkitarm/bin/../lib/gcc/arm-none-eabi/5.3.0/../../../../arm-none-eabi/lib/armv6k/fpu\libg.a(lib_a-freer.o)
                0x001122e4                _free_r
 .text._fwalk_reent
                0x001125c8       0x80 c:/home/software/devkitpro/devkitarm/bin/../lib/gcc/arm-none-eabi/5.3.0/../../../../arm-none-eabi/lib/armv6k/fpu\libg.a(lib_a-fwalk.o)
                0x001125c8                _fwalk_reent
 .text.__libc_init_array
                0x00112648       0x78 c:/home/software/devkitpro/devkitarm/bin/../lib/gcc/arm-none-eabi/5.3.0/../../../../arm-none-eabi/lib/armv6k/fpu\libg.a(lib_a-init.o)
                0x00112648                __libc_init_array
 .text.__smakebuf_r
                0x001126c0      0x160 c:/home/software/devkitpro/devkitarm/bin/../lib/gcc/arm-none-eabi/5.3.0/../../../../arm-none-eabi/lib/armv6k/fpu\libg.a(lib_a-makebuf.o)
                0x001126c0                __smakebuf_r
 .text.memalign
                0x00112820       0x20 c:/home/software/devkitpro/devkitarm/bin/../lib/gcc/arm-none-eabi/5.3.0/../../../../arm-none-eabi/lib/armv6k/fpu\libg.a(lib_a-malign.o)
                0x00112820                memalign
 .text._memalign_r
                0x00112840      0x15c c:/home/software/devkitpro/devkitarm/bin/../lib/gcc/arm-none-eabi/5.3.0/../../../../arm-none-eabi/lib/armv6k/fpu\libg.a(lib_a-malignr.o)
                0x00112840                _memalign_r
 .text.malloc   0x0011299c       0x18 c:/home/software/devkitpro/devkitarm/bin/../lib/gcc/arm-none-eabi/5.3.0/../../../../arm-none-eabi/lib/armv6k/fpu\libg.a(lib_a-malloc.o)
                0x0011299c                malloc
 .text.free     0x001129b4       0x18 c:/home/software/devkitpro/devkitarm/bin/../lib/gcc/arm-none-eabi/5.3.0/../../../../arm-none-eabi/lib/armv6k/fpu\libg.a(lib_a-malloc.o)
                0x001129b4                free
 .text._malloc_r
                0x001129cc      0x7a8 c:/home/software/devkitpro/devkitarm/bin/../lib/gcc/arm-none-eabi/5.3.0/../../../../arm-none-eabi/lib/armv6k/fpu\libg.a(lib_a-mallocr.o)
                0x001129cc                _malloc_r
 .text.memcpy   0x00113174       0xf0 c:/home/software/devkitpro/devkitarm/bin/../lib/gcc/arm-none-eabi/5.3.0/../../../../arm-none-eabi/lib/armv6k/fpu\libg.a(lib_a-memcpy.o)
                0x00113174                memcpy
 .text.memset   0x00113264       0xf4 c:/home/software/devkitpro/devkitarm/bin/../lib/gcc/arm-none-eabi/5.3.0/../../../../arm-none-eabi/lib/armv6k/fpu\libg.a(lib_a-memset.o)
                0x00113264                memset
 .text.__malloc_lock
                0x00113358        0xc c:/home/software/devkitpro/devkitarm/bin/../lib/gcc/arm-none-eabi/5.3.0/../../../../arm-none-eabi/lib/armv6k/fpu\libg.a(lib_a-mlock.o)
                0x00113358                __malloc_lock
 .text.__malloc_unlock
                0x00113364        0xc c:/home/software/devkitpro/devkitarm/bin/../lib/gcc/arm-none-eabi/5.3.0/../../../../arm-none-eabi/lib/armv6k/fpu\libg.a(lib_a-mlock.o)
                0x00113364                __malloc_unlock
 .text.printf   0x00113370       0x38 c:/home/software/devkitpro/devkitarm/bin/../lib/gcc/arm-none-eabi/5.3.0/../../../../arm-none-eabi/lib/armv6k/fpu\libg.a(lib_a-printf.o)
                0x00113370                printf
 .text._puts_r  0x001133a8       0xec c:/home/software/devkitpro/devkitarm/bin/../lib/gcc/arm-none-eabi/5.3.0/../../../../arm-none-eabi/lib/armv6k/fpu\libg.a(lib_a-puts.o)
                0x001133a8                _puts_r
 .text.puts     0x00113494       0x18 c:/home/software/devkitpro/devkitarm/bin/../lib/gcc/arm-none-eabi/5.3.0/../../../../arm-none-eabi/lib/armv6k/fpu\libg.a(lib_a-puts.o)
                0x00113494                puts
 .text.srand    0x001134ac       0x1c c:/home/software/devkitpro/devkitarm/bin/../lib/gcc/arm-none-eabi/5.3.0/../../../../arm-none-eabi/lib/armv6k/fpu\libg.a(lib_a-rand.o)
                0x001134ac                srand
 .text.realloc  0x001134c8       0x20 c:/home/software/devkitpro/devkitarm/bin/../lib/gcc/arm-none-eabi/5.3.0/../../../../arm-none-eabi/lib/armv6k/fpu\libg.a(lib_a-realloc.o)
                0x001134c8                realloc
 .text._realloc_r
                0x001134e8      0x4c0 c:/home/software/devkitpro/devkitarm/bin/../lib/gcc/arm-none-eabi/5.3.0/../../../../arm-none-eabi/lib/armv6k/fpu\libg.a(lib_a-reallocr.o)
                0x001134e8                _realloc_r
 .text.setvbuf  0x001139a8      0x1fc c:/home/software/devkitpro/devkitarm/bin/../lib/gcc/arm-none-eabi/5.3.0/../../../../arm-none-eabi/lib/armv6k/fpu\libg.a(lib_a-setvbuf.o)
                0x001139a8                setvbuf
 .text.sscanf   0x00113ba4       0x74 c:/home/software/devkitpro/devkitarm/bin/../lib/gcc/arm-none-eabi/5.3.0/../../../../arm-none-eabi/lib/armv6k/fpu\libg.a(lib_a-sscanf.o)
                0x00113ba4                sscanf
 .text.__sread  0x00113c18       0x30 c:/home/software/devkitpro/devkitarm/bin/../lib/gcc/arm-none-eabi/5.3.0/../../../../arm-none-eabi/lib/armv6k/fpu\libg.a(lib_a-stdio.o)
                0x00113c18                __sread
 .text.__seofread
                0x00113c48        0x8 c:/home/software/devkitpro/devkitarm/bin/../lib/gcc/arm-none-eabi/5.3.0/../../../../arm-none-eabi/lib/armv6k/fpu\libg.a(lib_a-stdio.o)
                0x00113c48                __seofread
 .text.__swrite
                0x00113c50       0x54 c:/home/software/devkitpro/devkitarm/bin/../lib/gcc/arm-none-eabi/5.3.0/../../../../arm-none-eabi/lib/armv6k/fpu\libg.a(lib_a-stdio.o)
                0x00113c50                __swrite
 .text.__sseek  0x00113ca4       0x2c c:/home/software/devkitpro/devkitarm/bin/../lib/gcc/arm-none-eabi/5.3.0/../../../../arm-none-eabi/lib/armv6k/fpu\libg.a(lib_a-stdio.o)
                0x00113ca4                __sseek
 .text.__sclose
                0x00113cd0        0x8 c:/home/software/devkitpro/devkitarm/bin/../lib/gcc/arm-none-eabi/5.3.0/../../../../arm-none-eabi/lib/armv6k/fpu\libg.a(lib_a-stdio.o)
                0x00113cd0                __sclose
 .text.strchr   0x00113cd8      0x15c c:/home/software/devkitpro/devkitarm/bin/../lib/gcc/arm-none-eabi/5.3.0/../../../../arm-none-eabi/lib/armv6k/fpu\libg.a(lib_a-strchr.o)
                0x00113cd8                strchr
 .text.strlen   0x00113e34       0x5c c:/home/software/devkitpro/devkitarm/bin/../lib/gcc/arm-none-eabi/5.3.0/../../../../arm-none-eabi/lib/armv6k/fpu\libg.a(lib_a-strlen.o)
                0x00113e34                strlen
 .text.strncat  0x00113e90       0xa4 c:/home/software/devkitpro/devkitarm/bin/../lib/gcc/arm-none-eabi/5.3.0/../../../../arm-none-eabi/lib/armv6k/fpu\libg.a(lib_a-strncat.o)
                0x00113e90                strncat
 .text.strncpy  0x00113f34       0xe0 c:/home/software/devkitpro/devkitarm/bin/../lib/gcc/arm-none-eabi/5.3.0/../../../../arm-none-eabi/lib/armv6k/fpu\libg.a(lib_a-strncpy.o)
                0x00113f34                strncpy
 .text.__ssvfscanf_r
                0x00114014     0x2c20 c:/home/software/devkitpro/devkitarm/bin/../lib/gcc/arm-none-eabi/5.3.0/../../../../arm-none-eabi/lib/armv6k/fpu\libg.a(lib_a-svfscanf.o)
                0x00114014                __ssvfscanf_r
 .text.time     0x00116c34       0x40 c:/home/software/devkitpro/devkitarm/bin/../lib/gcc/arm-none-eabi/5.3.0/../../../../arm-none-eabi/lib/armv6k/fpu\libg.a(lib_a-time.o)
                0x00116c34                time
 .text.__sprint_r.part.0
                0x00116c74       0xa4 c:/home/software/devkitpro/devkitarm/bin/../lib/gcc/arm-none-eabi/5.3.0/../../../../arm-none-eabi/lib/armv6k/fpu\libg.a(lib_a-vfiprintf.o)
 .text.__sprint_r
                0x00116d18       0x1c c:/home/software/devkitpro/devkitarm/bin/../lib/gcc/arm-none-eabi/5.3.0/../../../../arm-none-eabi/lib/armv6k/fpu\libg.a(lib_a-vfiprintf.o)
                0x00116d18                __sprint_r
 .text.get_arg  0x00116d34     0x161c c:/home/software/devkitpro/devkitarm/bin/../lib/gcc/arm-none-eabi/5.3.0/../../../../arm-none-eabi/lib/armv6k/fpu\libg.a(lib_a-vfprintf.o)
 .text._vfprintf_r
                0x00118350     0x4878 c:/home/software/devkitpro/devkitarm/bin/../lib/gcc/arm-none-eabi/5.3.0/../../../../arm-none-eabi/lib/armv6k/fpu\libg.a(lib_a-vfprintf.o)
                0x00118350                _vfprintf_r
 .text.__sbprintf
                0x0011cbc8       0xcc c:/home/software/devkitpro/devkitarm/bin/../lib/gcc/arm-none-eabi/5.3.0/../../../../arm-none-eabi/lib/armv6k/fpu\libg.a(lib_a-vfprintf.o)
 .text._wcrtomb_r
                0x0011cc94       0x8c c:/home/software/devkitpro/devkitarm/bin/../lib/gcc/arm-none-eabi/5.3.0/../../../../arm-none-eabi/lib/armv6k/fpu\libg.a(lib_a-wcrtomb.o)
                0x0011cc94                _wcrtomb_r
 .text._wcsrtombs_r
                0x0011cd20       0x20 c:/home/software/devkitpro/devkitarm/bin/../lib/gcc/arm-none-eabi/5.3.0/../../../../arm-none-eabi/lib/armv6k/fpu\libg.a(lib_a-wcsrtombs.o)
                0x0011cd20                _wcsrtombs_r
 .text.__utf8_wctomb
                0x0011cd40      0x114 c:/home/software/devkitpro/devkitarm/bin/../lib/gcc/arm-none-eabi/5.3.0/../../../../arm-none-eabi/lib/armv6k/fpu\libg.a(lib_a-wctomb_r.o)
                0x0011cd40                __utf8_wctomb
 .text.__swsetup_r
                0x0011ce54      0x148 c:/home/software/devkitpro/devkitarm/bin/../lib/gcc/arm-none-eabi/5.3.0/../../../../arm-none-eabi/lib/armv6k/fpu\libg.a(lib_a-wsetup.o)
                0x0011ce54                __swsetup_r
 .text.quorem   0x0011cf9c      0x1bc c:/home/software/devkitpro/devkitarm/bin/../lib/gcc/arm-none-eabi/5.3.0/../../../../arm-none-eabi/lib/armv6k/fpu\libg.a(lib_a-dtoa.o)
 .text._dtoa_r  0x0011d158     0x12c8 c:/home/software/devkitpro/devkitarm/bin/../lib/gcc/arm-none-eabi/5.3.0/../../../../arm-none-eabi/lib/armv6k/fpu\libg.a(lib_a-dtoa.o)
                0x0011d158                _dtoa_r
 .text.__fputwc
                0x0011e420      0x124 c:/home/software/devkitpro/devkitarm/bin/../lib/gcc/arm-none-eabi/5.3.0/../../../../arm-none-eabi/lib/armv6k/fpu\libg.a(lib_a-fputwc.o)
                0x0011e420                __fputwc
 .text._fputwc_r
                0x0011e544       0xa8 c:/home/software/devkitpro/devkitarm/bin/../lib/gcc/arm-none-eabi/5.3.0/../../../../arm-none-eabi/lib/armv6k/fpu\libg.a(lib_a-fputwc.o)
                0x0011e544                _fputwc_r
 .text.__sfvwrite_r
                0x0011e5ec      0x4a4 c:/home/software/devkitpro/devkitarm/bin/../lib/gcc/arm-none-eabi/5.3.0/../../../../arm-none-eabi/lib/armv6k/fpu\libg.a(lib_a-fvwrite.o)
                0x0011e5ec                __sfvwrite_r
 .text.iswspace
                0x0011ea90       0x74 c:/home/software/devkitpro/devkitarm/bin/../lib/gcc/arm-none-eabi/5.3.0/../../../../arm-none-eabi/lib/armv6k/fpu\libg.a(lib_a-iswspace.o)
                0x0011ea90                iswspace
 .text.__jp2uc  0x0011eb04      0x204 c:/home/software/devkitpro/devkitarm/bin/../lib/gcc/arm-none-eabi/5.3.0/../../../../arm-none-eabi/lib/armv6k/fpu\libg.a(lib_a-jp2uc.o)
 .text._jp2uc   0x0011ed08       0x84 c:/home/software/devkitpro/devkitarm/bin/../lib/gcc/arm-none-eabi/5.3.0/../../../../arm-none-eabi/lib/armv6k/fpu\libg.a(lib_a-jp2uc.o)
                0x0011ed08                _jp2uc
 .text.__locale_charset
                0x0011ed8c        0xc c:/home/software/devkitpro/devkitarm/bin/../lib/gcc/arm-none-eabi/5.3.0/../../../../arm-none-eabi/lib/armv6k/fpu\libg.a(lib_a-locale.o)
                0x0011ed8c                __locale_charset
 .text.__locale_mb_cur_max
                0x0011ed98       0x10 c:/home/software/devkitpro/devkitarm/bin/../lib/gcc/arm-none-eabi/5.3.0/../../../../arm-none-eabi/lib/armv6k/fpu\libg.a(lib_a-locale.o)
                0x0011ed98                __locale_mb_cur_max
 .text._localeconv_r
                0x0011eda8        0xc c:/home/software/devkitpro/devkitarm/bin/../lib/gcc/arm-none-eabi/5.3.0/../../../../arm-none-eabi/lib/armv6k/fpu\libg.a(lib_a-locale.o)
                0x0011eda8                _localeconv_r
 .text._mbrtowc_r
                0x0011edb4       0x98 c:/home/software/devkitpro/devkitarm/bin/../lib/gcc/arm-none-eabi/5.3.0/../../../../arm-none-eabi/lib/armv6k/fpu\libg.a(lib_a-mbrtowc.o)
                0x0011edb4                _mbrtowc_r
 .text.__utf8_mbtowc
                0x0011ee4c      0x2fc c:/home/software/devkitpro/devkitarm/bin/../lib/gcc/arm-none-eabi/5.3.0/../../../../arm-none-eabi/lib/armv6k/fpu\libg.a(lib_a-mbtowc_r.o)
                0x0011ee4c                __utf8_mbtowc
 .text.memchr   0x0011f148      0x100 c:/home/software/devkitpro/devkitarm/bin/../lib/gcc/arm-none-eabi/5.3.0/../../../../arm-none-eabi/lib/armv6k/fpu\libg.a(lib_a-memchr.o)
                0x0011f148                memchr
 .text.memmove  0x0011f248      0x128 c:/home/software/devkitpro/devkitarm/bin/../lib/gcc/arm-none-eabi/5.3.0/../../../../arm-none-eabi/lib/armv6k/fpu\libg.a(lib_a-memmove.o)
                0x0011f248                memmove
 .text._Balloc  0x0011f370       0x8c c:/home/software/devkitpro/devkitarm/bin/../lib/gcc/arm-none-eabi/5.3.0/../../../../arm-none-eabi/lib/armv6k/fpu\libg.a(lib_a-mprec.o)
                0x0011f370                _Balloc
 .text._Bfree   0x0011f3fc       0x1c c:/home/software/devkitpro/devkitarm/bin/../lib/gcc/arm-none-eabi/5.3.0/../../../../arm-none-eabi/lib/armv6k/fpu\libg.a(lib_a-mprec.o)
                0x0011f3fc                _Bfree
 .text.__multadd
                0x0011f418       0xd0 c:/home/software/devkitpro/devkitarm/bin/../lib/gcc/arm-none-eabi/5.3.0/../../../../arm-none-eabi/lib/armv6k/fpu\libg.a(lib_a-mprec.o)
                0x0011f418                __multadd
 .text.__s2b    0x0011f4e8       0xe4 c:/home/software/devkitpro/devkitarm/bin/../lib/gcc/arm-none-eabi/5.3.0/../../../../arm-none-eabi/lib/armv6k/fpu\libg.a(lib_a-mprec.o)
                0x0011f4e8                __s2b
 .text.__hi0bits
                0x0011f5cc       0x5c c:/home/software/devkitpro/devkitarm/bin/../lib/gcc/arm-none-eabi/5.3.0/../../../../arm-none-eabi/lib/armv6k/fpu\libg.a(lib_a-mprec.o)
                0x0011f5cc                __hi0bits
 .text.__lo0bits
                0x0011f628       0x98 c:/home/software/devkitpro/devkitarm/bin/../lib/gcc/arm-none-eabi/5.3.0/../../../../arm-none-eabi/lib/armv6k/fpu\libg.a(lib_a-mprec.o)
                0x0011f628                __lo0bits
 .text.__i2b    0x0011f6c0       0x20 c:/home/software/devkitpro/devkitarm/bin/../lib/gcc/arm-none-eabi/5.3.0/../../../../arm-none-eabi/lib/armv6k/fpu\libg.a(lib_a-mprec.o)
                0x0011f6c0                __i2b
 .text.__multiply
                0x0011f6e0      0x1dc c:/home/software/devkitpro/devkitarm/bin/../lib/gcc/arm-none-eabi/5.3.0/../../../../arm-none-eabi/lib/armv6k/fpu\libg.a(lib_a-mprec.o)
                0x0011f6e0                __multiply
 .text.__pow5mult
                0x0011f8bc      0x100 c:/home/software/devkitpro/devkitarm/bin/../lib/gcc/arm-none-eabi/5.3.0/../../../../arm-none-eabi/lib/armv6k/fpu\libg.a(lib_a-mprec.o)
                0x0011f8bc                __pow5mult
 .text.__lshift
                0x0011f9bc       0xf0 c:/home/software/devkitpro/devkitarm/bin/../lib/gcc/arm-none-eabi/5.3.0/../../../../arm-none-eabi/lib/armv6k/fpu\libg.a(lib_a-mprec.o)
                0x0011f9bc                __lshift
 .text.__mcmp   0x0011faac       0x64 c:/home/software/devkitpro/devkitarm/bin/../lib/gcc/arm-none-eabi/5.3.0/../../../../arm-none-eabi/lib/armv6k/fpu\libg.a(lib_a-mprec.o)
                0x0011faac                __mcmp
 .text.__mdiff  0x0011fb10      0x198 c:/home/software/devkitpro/devkitarm/bin/../lib/gcc/arm-none-eabi/5.3.0/../../../../arm-none-eabi/lib/armv6k/fpu\libg.a(lib_a-mprec.o)
                0x0011fb10                __mdiff
 .text.__ulp    0x0011fca8       0x78 c:/home/software/devkitpro/devkitarm/bin/../lib/gcc/arm-none-eabi/5.3.0/../../../../arm-none-eabi/lib/armv6k/fpu\libg.a(lib_a-mprec.o)
                0x0011fca8                __ulp
 .text.__b2d    0x0011fd20       0xd4 c:/home/software/devkitpro/devkitarm/bin/../lib/gcc/arm-none-eabi/5.3.0/../../../../arm-none-eabi/lib/armv6k/fpu\libg.a(lib_a-mprec.o)
                0x0011fd20                __b2d
 .text.__d2b    0x0011fdf4      0x104 c:/home/software/devkitpro/devkitarm/bin/../lib/gcc/arm-none-eabi/5.3.0/../../../../arm-none-eabi/lib/armv6k/fpu\libg.a(lib_a-mprec.o)
                0x0011fdf4                __d2b
 .text.__ratio  0x0011fef8       0x78 c:/home/software/devkitpro/devkitarm/bin/../lib/gcc/arm-none-eabi/5.3.0/../../../../arm-none-eabi/lib/armv6k/fpu\libg.a(lib_a-mprec.o)
                0x0011fef8                __ratio
 .text.__copybits
                0x0011ff70       0x6c c:/home/software/devkitpro/devkitarm/bin/../lib/gcc/arm-none-eabi/5.3.0/../../../../arm-none-eabi/lib/armv6k/fpu\libg.a(lib_a-mprec.o)
                0x0011ff70                __copybits
 .text.__any_on
                0x0011ffdc       0x80 c:/home/software/devkitpro/devkitarm/bin/../lib/gcc/arm-none-eabi/5.3.0/../../../../arm-none-eabi/lib/armv6k/fpu\libg.a(lib_a-mprec.o)
                0x0011ffdc                __any_on
 .text.__sccl   0x0012005c       0xd0 c:/home/software/devkitpro/devkitarm/bin/../lib/gcc/arm-none-eabi/5.3.0/../../../../arm-none-eabi/lib/armv6k/fpu\libg.a(lib_a-sccl.o)
                0x0012005c                __sccl
 .text.nanf     0x0012012c        0xc c:/home/software/devkitpro/devkitarm/bin/../lib/gcc/arm-none-eabi/5.3.0/../../../../arm-none-eabi/lib/armv6k/fpu\libg.a(lib_a-sf_nan.o)
                0x0012012c                nanf
 .text.__fpclassifyd
                0x00120138       0x74 c:/home/software/devkitpro/devkitarm/bin/../lib/gcc/arm-none-eabi/5.3.0/../../../../arm-none-eabi/lib/armv6k/fpu\libg.a(lib_a-s_fpclassify.o)
                0x00120138                __fpclassifyd
 *fill*         0x001201ac        0x4 
 .text.frexp    0x001201b0       0x98 c:/home/software/devkitpro/devkitarm/bin/../lib/gcc/arm-none-eabi/5.3.0/../../../../arm-none-eabi/lib/armv6k/fpu\libg.a(lib_a-s_frexp.o)
                0x001201b0                frexp
 .text.sprintf  0x00120248       0x68 c:/home/software/devkitpro/devkitarm/bin/../lib/gcc/arm-none-eabi/5.3.0/../../../../arm-none-eabi/lib/armv6k/fpu\libg.a(lib_a-sprintf.o)
                0x00120248                sprintf
 .text.stpncpy  0x001202b0      0x108 c:/home/software/devkitpro/devkitarm/bin/../lib/gcc/arm-none-eabi/5.3.0/../../../../arm-none-eabi/lib/armv6k/fpu\libg.a(lib_a-stpncpy.o)
                0x001202b0                stpncpy
 .text.strncmp  0x001203b8      0x11c c:/home/software/devkitpro/devkitarm/bin/../lib/gcc/arm-none-eabi/5.3.0/../../../../arm-none-eabi/lib/armv6k/fpu\libg.a(lib_a-strncmp.o)
                0x001203b8                strncmp
 .text.unlikely.sulp
                0x001204d4       0x58 c:/home/software/devkitpro/devkitarm/bin/../lib/gcc/arm-none-eabi/5.3.0/../../../../arm-none-eabi/lib/armv6k/fpu\libg.a(lib_a-strtod.o)
 *fill*         0x0012052c        0x4 
 .text._strtod_r
                0x00120530     0x1450 c:/home/software/devkitpro/devkitarm/bin/../lib/gcc/arm-none-eabi/5.3.0/../../../../arm-none-eabi/lib/armv6k/fpu\libg.a(lib_a-strtod.o)
                0x00120530                _strtod_r
 .text._strtoll_r
                0x00121980      0x25c c:/home/software/devkitpro/devkitarm/bin/../lib/gcc/arm-none-eabi/5.3.0/../../../../arm-none-eabi/lib/armv6k/fpu\libg.a(lib_a-strtoll_r.o)
                0x00121980                _strtoll_r
 .text._strtol_r
                0x00121bdc      0x1d4 c:/home/software/devkitpro/devkitarm/bin/../lib/gcc/arm-none-eabi/5.3.0/../../../../arm-none-eabi/lib/armv6k/fpu\libg.a(lib_a-strtol.o)
                0x00121bdc                _strtol_r
 .text._strtoull_r
                0x00121db0      0x268 c:/home/software/devkitpro/devkitarm/bin/../lib/gcc/arm-none-eabi/5.3.0/../../../../arm-none-eabi/lib/armv6k/fpu\libg.a(lib_a-strtoull_r.o)
                0x00121db0                _strtoull_r
 .text._strtoul_r
                0x00122018      0x1d4 c:/home/software/devkitpro/devkitarm/bin/../lib/gcc/arm-none-eabi/5.3.0/../../../../arm-none-eabi/lib/armv6k/fpu\libg.a(lib_a-strtoul.o)
                0x00122018                _strtoul_r
 .text.__ssprint_r
                0x001221ec      0x1a8 c:/home/software/devkitpro/devkitarm/bin/../lib/gcc/arm-none-eabi/5.3.0/../../../../arm-none-eabi/lib/armv6k/fpu\libg.a(lib_a-svfiprintf.o)
                0x001221ec                __ssprint_r
 .text._sungetc_r
                0x00122394       0xf8 c:/home/software/devkitpro/devkitarm/bin/../lib/gcc/arm-none-eabi/5.3.0/../../../../arm-none-eabi/lib/armv6k/fpu\libg.a(lib_a-svfiscanf.o)
                0x00122394                _sungetc_r
 .text.__ssrefill_r
                0x0012248c       0x6c c:/home/software/devkitpro/devkitarm/bin/../lib/gcc/arm-none-eabi/5.3.0/../../../../arm-none-eabi/lib/armv6k/fpu\libg.a(lib_a-svfiscanf.o)
                0x0012248c                __ssrefill_r
 .text._sfread_r
                0x001224f8       0xc8 c:/home/software/devkitpro/devkitarm/bin/../lib/gcc/arm-none-eabi/5.3.0/../../../../arm-none-eabi/lib/armv6k/fpu\libg.a(lib_a-svfiscanf.o)
                0x001224f8                _sfread_r
 .text.get_arg  0x001225c0     0x161c c:/home/software/devkitpro/devkitarm/bin/../lib/gcc/arm-none-eabi/5.3.0/../../../../arm-none-eabi/lib/armv6k/fpu\libg.a(lib_a-svfprintf.o)
 *fill*         0x00123bdc        0x4 
 .text._svfprintf_r
                0x00123be0     0x4a00 c:/home/software/devkitpro/devkitarm/bin/../lib/gcc/arm-none-eabi/5.3.0/../../../../arm-none-eabi/lib/armv6k/fpu\libg.a(lib_a-svfprintf.o)
                0x00123be0                _svfprintf_r
 .text.__submore
                0x001285e0       0xa8 c:/home/software/devkitpro/devkitarm/bin/../lib/gcc/arm-none-eabi/5.3.0/../../../../arm-none-eabi/lib/armv6k/fpu\libg.a(lib_a-ungetc.o)
                0x001285e0                __submore
 .text.__swbuf_r
                0x00128688      0x124 c:/home/software/devkitpro/devkitarm/bin/../lib/gcc/arm-none-eabi/5.3.0/../../../../arm-none-eabi/lib/armv6k/fpu\libg.a(lib_a-wbuf.o)
                0x00128688                __swbuf_r
 .text._wcsnrtombs_r
                0x001287ac      0x190 c:/home/software/devkitpro/devkitarm/bin/../lib/gcc/arm-none-eabi/5.3.0/../../../../arm-none-eabi/lib/armv6k/fpu\libg.a(lib_a-wcsnrtombs.o)
                0x001287ac                _wcsnrtombs_r
 .text.rshift   0x0012893c       0xec c:/home/software/devkitpro/devkitarm/bin/../lib/gcc/arm-none-eabi/5.3.0/../../../../arm-none-eabi/lib/armv6k/fpu\libg.a(lib_a-gdtoa-gethex.o)
 .text.__gethex
                0x00128a28      0x7d0 c:/home/software/devkitpro/devkitarm/bin/../lib/gcc/arm-none-eabi/5.3.0/../../../../arm-none-eabi/lib/armv6k/fpu\libg.a(lib_a-gdtoa-gethex.o)
                0x00128a28                __gethex
 .text.__hexnan
                0x001291f8      0x258 c:/home/software/devkitpro/devkitarm/bin/../lib/gcc/arm-none-eabi/5.3.0/../../../../arm-none-eabi/lib/armv6k/fpu\libg.a(lib_a-gdtoa-hexnan.o)
                0x001291f8                __hexnan
 .text.__errno  0x00129450        0xc c:/home/software/devkitpro/devkitarm/bin/../lib/gcc/arm-none-eabi/5.3.0/../../../../arm-none-eabi/lib/armv6k/fpu\libg.a(lib_a-errno.o)
                0x00129450                __errno
 .text.strnlen  0x0012945c       0x5c c:/home/software/devkitpro/devkitarm/bin/../lib/gcc/arm-none-eabi/5.3.0/../../../../arm-none-eabi/lib/armv6k/fpu\libg.a(lib_a-strnlen.o)
                0x0012945c                strnlen
 .text.strrchr  0x001294b8       0x44 c:/home/software/devkitpro/devkitarm/bin/../lib/gcc/arm-none-eabi/5.3.0/../../../../arm-none-eabi/lib/armv6k/fpu\libg.a(lib_a-strrchr.o)
                0x001294b8                strrchr
 *(.glue_7)
 .glue_7        0x001294fc        0x0 linker stubs
 *(.glue_7t)
 .glue_7t       0x001294fc        0x0 linker stubs
 *(.stub)
 *(.gnu.warning)
 *(.gnu.linkonce.t*)
                0x001294fc                . = ALIGN (0x4)
 *(.fini)
 .fini          0x001294fc        0xc c:/home/software/devkitpro/devkitarm/bin/../lib/gcc/arm-none-eabi/5.3.0/armv6k/fpu/crti.o
                0x001294fc                _fini
 .fini          0x00129508        0xc c:/home/software/devkitpro/devkitarm/bin/../lib/gcc/arm-none-eabi/5.3.0/armv6k/fpu/crtn.o
                0x00129514                . = ALIGN (0x4)

.vfp11_veneer   0x00129514        0x0
 .vfp11_veneer  0x00129514        0x0 linker stubs

.v4_bx          0x00129514        0x0
 .v4_bx         0x00129514        0x0 linker stubs

.iplt           0x00129514        0x0
 .iplt          0x00129514        0x0 c:/home/software/devkitpro/devkitarm/bin/../lib/gcc/arm-none-eabi/5.3.0/../../../../arm-none-eabi/lib/armv6k/fpu/3dsx_crt0.o

.rodata         0x0012a000     0xf620
 *(.rodata)
 .rodata        0x0012a000     0x9548 characters.png.o
                0x0012a000                characters_png
                0x00133541                characters_png_end
                0x00133544                characters_png_size
 .rodata        0x00133548      0x128 vshader.shbin.o
                0x00133548                vshader_shbin
                0x0013366c                vshader_shbin_size
                0x0013366c                vshader_shbin_end
 .rodata        0x00133670      0x85c lodepng.o
                0x00133e98                lodepng_default_decompress_settings
                0x00133ea8                lodepng_default_compress_settings
 .rodata        0x00133ecc        0x4 c:/home/Software/devkitPro/libctru/lib\libcitro3d.a(base.o)
 .rodata        0x00133ed0       0x10 c:/home/Software/devkitPro/libctru/lib\libcitro3d.a(renderbuffer.o)
 .rodata        0x00133ee0       0x38 c:/home/Software/devkitPro/libctru/lib\libcitro3d.a(texture.o)
 .rodata        0x00133f18      0x168 c:/home/Software/devkitPro/libctru/lib\libctru.a(console.o)
 .rodata        0x00134080       0x1c c:/home/Software/devkitPro/libctru/lib\libctru.a(gfx.o)
 .rodata        0x0013409c       0x24 c:/home/Software/devkitPro/libctru/lib\libctru.a(shbin.o)
 .rodata        0x001340c0        0xc c:/home/Software/devkitPro/libctru/lib\libctru.a(apt.o)
 .rodata        0x001340cc      0x804 c:/home/Software/devkitPro/libctru/lib\libctru.a(default_font.bin.o)
                0x001340cc                default_font_bin
                0x001348cc                default_font_bin_size
                0x001348cc                default_font_bin_end
 .rodata        0x001348d0       0x30 c:/home/Software/devkitPro/libctru/lib\libctru.a(sdmc_dev.o)
 .rodata        0x00134900       0x68 c:/home/software/devkitpro/devkitarm/bin/../lib/gcc/arm-none-eabi/5.3.0/../../../../arm-none-eabi/lib/armv6k/fpu\libsysbase.a(iosupport.o)
                0x00134900                dotab_stdnull
 .rodata        0x00134968        0xc c:/home/software/devkitpro/devkitarm/bin/../lib/gcc/arm-none-eabi/5.3.0/../../../../arm-none-eabi/lib/armv6k/fpu\libsysbase.a(chdir.o)
                0x00134968                DIRECTORY_PARENT
                0x0013496c                DIRECTORY_THIS
                0x00134970                DIRECTORY_SEPARATOR
 *(.roda)
 *(.rodata.*)
 .rodata.str1.4
                0x00134974      0xf91 lodepng.o
                                0xf94 (size before relaxing)
 *fill*         0x00135905        0x3 
 .rodata.str1.4
                0x00135908        0xb main.o
                                  0xc (size before relaxing)
 *fill*         0x00135913        0x1 
 .rodata.str1.4
                0x00135914       0x3b player.o
                                 0x3c (size before relaxing)
 *fill*         0x0013594f        0x1 