Archive member included to satisfy reference by file (symbol)

c:/home/Software/devkitPro/libctru/lib\libcitro3d.a(attribs.o)
                              main.o (AttrInfo_Init)
c:/home/Software/devkitPro/libctru/lib\libcitro3d.a(base.o)
                              c:/home/Software/devkitPro/libctru/lib\libcitro3d.a(attribs.o) (__C3D_Context)
c:/home/Software/devkitPro/libctru/lib\libcitro3d.a(buffers.o)
                              main.o (BufInfo_Init)
c:/home/Software/devkitPro/libctru/lib\libcitro3d.a(effect.o)
                              c:/home/Software/devkitPro/libctru/lib\libcitro3d.a(base.o) (C3D_DepthMap)
c:/home/Software/devkitPro/libctru/lib\libcitro3d.a(immediate.o)
                              main.o (C3D_ImmDrawBegin)
c:/home/Software/devkitPro/libctru/lib\libcitro3d.a(renderbuffer.o)
                              c:/home/Software/devkitPro/libctru/lib\libcitro3d.a(base.o) (C3Di_RenderBufBind)
c:/home/Software/devkitPro/libctru/lib\libcitro3d.a(renderqueue.o)
                              main.o (C3D_FrameBegin)
c:/home/Software/devkitPro/libctru/lib\libcitro3d.a(texenv.o)
                              c:/home/Software/devkitPro/libctru/lib\libcitro3d.a(base.o) (TexEnv_Init)
c:/home/Software/devkitPro/libctru/lib\libcitro3d.a(texture.o)
                              main.o (C3D_TexInit)
c:/home/Software/devkitPro/libctru/lib\libcitro3d.a(uniforms.o)
                              c:/home/Software/devkitPro/libctru/lib\libcitro3d.a(base.o) (C3D_UpdateUniforms)
c:/home/Software/devkitPro/libctru/lib\libcitro3d.a(mtx_orthotilt.o)
                              main.o (Mtx_OrthoTilt)
c:/home/Software/devkitPro/libctru/lib\libctru.a(linear.o)
                              main.o (linearAlloc)
c:/home/Software/devkitPro/libctru/lib\libctru.a(mem_pool.o)
                              c:/home/Software/devkitPro/libctru/lib\libctru.a(linear.o) (MemPool::Allocate(MemChunk&, unsigned long, int))
c:/home/Software/devkitPro/libctru/lib\libctru.a(vram.o)
                              c:/home/Software/devkitPro/libctru/lib\libcitro3d.a(texture.o) (vramAlloc)
c:/home/Software/devkitPro/libctru/lib\libctru.a(console.o)
                              main.o (consoleInit)
c:/home/Software/devkitPro/libctru/lib\libctru.a(gfx.o)
                              c:/home/Software/devkitPro/libctru/lib\libcitro3d.a(renderqueue.o) (gfxIs3D)
c:/home/Software/devkitPro/libctru/lib\libctru.a(os.o)
                              c:/home/Software/devkitPro/libctru/lib\libcitro3d.a(base.o) (osConvertVirtToPhys)
c:/home/Software/devkitPro/libctru/lib\libctru.a(gpu.o)
                              c:/home/Software/devkitPro/libctru/lib\libcitro3d.a(base.o) (GPUCMD_SetBuffer)
c:/home/Software/devkitPro/libctru/lib\libctru.a(gx.o)
                              c:/home/Software/devkitPro/libctru/lib\libctru.a(gfx.o) (gxCmdBuf)
c:/home/Software/devkitPro/libctru/lib\libctru.a(shaderProgram.o)
                              main.o (shaderInstanceGetUniformLocation)
c:/home/Software/devkitPro/libctru/lib\libctru.a(shbin.o)
                              main.o (DVLB_Free)
c:/home/Software/devkitPro/libctru/lib\libctru.a(apt.o)
                              c:/home/Software/devkitPro/libctru/lib\libcitro3d.a(base.o) (aptHook)
c:/home/Software/devkitPro/libctru/lib\libctru.a(gspgpu.o)
                              c:/home/Software/devkitPro/libctru/lib\libctru.a(gfx.o) (gspInit)
c:/home/Software/devkitPro/libctru/lib\libctru.a(hid.o)
                              main.o (hidScanInput)
c:/home/Software/devkitPro/libctru/lib\libctru.a(irrst.o)
                              c:/home/Software/devkitPro/libctru/lib\libctru.a(hid.o) (irrstScanInput)
c:/home/Software/devkitPro/libctru/lib\libctru.a(ptmsysm.o)
                              c:/home/Software/devkitPro/libctru/lib\libctru.a(os.o) (ptmSysmInit)
c:/home/Software/devkitPro/libctru/lib\libctru.a(rbtree_find.o)
                              c:/home/Software/devkitPro/libctru/lib\libctru.a(linear.o) (rbtree_find)
c:/home/Software/devkitPro/libctru/lib\libctru.a(rbtree_init.o)
                              c:/home/Software/devkitPro/libctru/lib\libctru.a(linear.o) (rbtree_init)
c:/home/Software/devkitPro/libctru/lib\libctru.a(rbtree_insert.o)
                              c:/home/Software/devkitPro/libctru/lib\libctru.a(linear.o) (rbtree_insert)
c:/home/Software/devkitPro/libctru/lib\libctru.a(rbtree_remove.o)
                              c:/home/Software/devkitPro/libctru/lib\libctru.a(linear.o) (rbtree_remove)
c:/home/Software/devkitPro/libctru/lib\libctru.a(rbtree_rotate.o)
                              c:/home/Software/devkitPro/libctru/lib\libctru.a(rbtree_insert.o) (rbtree_rotate)
c:/home/Software/devkitPro/libctru/lib\libctru.a(allocateHeaps.o)
                              c:/home/Software/devkitPro/libctru/lib\libcitro3d.a(base.o) (__ctru_linear_heap_size)
c:/home/Software/devkitPro/libctru/lib\libctru.a(initArgv.o)
[...]
Memory Configuration

Name             Origin             Length             Attributes
*default*        0x00000000         0xffffffff

Linker script and memory map

                0x00100000                . = 0x100000
                0x00100000                __start__ = .

.text           0x00100000    0x29284
 *(.crt0)
 .crt0          0x00100000       0x94 c:/home/software/devkitpro/devkitarm/bin/../lib/gcc/arm-none-eabi/5.3.0/../../../../arm-none-eabi/lib/armv6k/fpu/3dsx_crt0.o
                0x00100000                _start
                0x00100008                __service_ptr
                0x0010000c                __apt_appid
                0x00100010                __heap_size
                0x00100014                __linear_heap_size
                0x00100018                __system_arglist
                0x0010001c                __system_runflags
 *(.init)
 .init          0x00100094        0xc c:/home/software/devkitpro/devkitarm/bin/../lib/gcc/arm-none-eabi/5.3.0/armv6k/fpu/crti.o
                0x00100094                _init
 .init          0x001000a0        0xc c:/home/software/devkitpro/devkitarm/bin/../lib/gcc/arm-none-eabi/5.3.0/armv6k/fpu/crtn.o
                0x001000ac                . = ALIGN (0x4)
 *(.text)
 .text          0x001000ac      0x108 c:/home/software/devkitpro/devkitarm/bin/../lib/gcc/arm-none-eabi/5.3.0/armv6k/fpu/crtbegin.o
 .text          0x001001b4       0x64 c:/home/Software/devkitPro/libctru/lib\libctru.a(stack_adjust.o)
                0x001001b4                initSystem
                0x001001f8                __ctru_exit
 .text          0x00100218      0x20c c:/home/software/devkitpro/devkitarm/bin/../lib/gcc/arm-none-eabi/5.3.0/armv6k/fpu\libgcc.a(_udivsi3.o)
                0x00100218                __aeabi_uidiv
                0x00100218                __udivsi3
                0x00100404                __aeabi_uidivmod
 .text          0x00100424      0x240 c:/home/software/devkitpro/devkitarm/bin/../lib/gcc/arm-none-eabi/5.3.0/armv6k/fpu\libgcc.a(_divsi3.o)
                0x00100424                __divsi3
                0x00100424                __aeabi_idiv
                0x00100644                __aeabi_idivmod
 .text          0x00100664        0x4 c:/home/software/devkitpro/devkitarm/bin/../lib/gcc/arm-none-eabi/5.3.0/armv6k/fpu\libgcc.a(_dvmd_tls.o)
                0x00100664                __aeabi_idiv0
                0x00100664                __aeabi_ldiv0
 *fill*         0x00100668       0x18 
 .text          0x00100680      0x3a0 c:/home/software/devkitpro/devkitarm/bin/../lib/gcc/arm-none-eabi/5.3.0/../../../../arm-none-eabi/lib/armv6k/fpu\libg.a(lib_a-strcmp.o)
                0x00100688                strcmp
 .text          0x00100a20      0x1c4 c:/home/software/devkitpro/devkitarm/bin/../lib/gcc/arm-none-eabi/5.3.0/../../../../arm-none-eabi/lib/armv6k/fpu\libsysbase.a(iosupport.o)
                0x00100a28                setDefaultDevice
                0x00100a40                FindDevice
                0x00100afc                RemoveDevice
                0x00100b28                AddDevice
                0x00100bc0                GetDeviceOpTab
 .text          0x00100be4       0x7c c:/home/software/devkitpro/devkitarm/bin/../lib/gcc/arm-none-eabi/5.3.0/../../../../arm-none-eabi/lib/armv6k/fpu\libsysbase.a(close.o)
                0x00100be4                _close_r
 .text          0x00100c60       0x6c c:/home/software/devkitpro/devkitarm/bin/../lib/gcc/arm-none-eabi/5.3.0/../../../../arm-none-eabi/lib/armv6k/fpu\libsysbase.a(fstat.o)
                0x00100c60                _fstat_r
 .text          0x00100ccc       0x2c c:/home/software/devkitpro/devkitarm/bin/../lib/gcc/arm-none-eabi/5.3.0/../../../../arm-none-eabi/lib/armv6k/fpu\libsysbase.a(gettod.o)
                0x00100ccc                _gettimeofday_r
 .text          0x00100cf8        0x8 c:/home/software/devkitpro/devkitarm/bin/../lib/gcc/arm-none-eabi/5.3.0/../../../../arm-none-eabi/lib/armv6k/fpu\libsysbase.a(isatty.o)
                0x00100cf8                _isatty_r
 .text          0x00100d00       0x78 c:/home/software/devkitpro/devkitarm/bin/../lib/gcc/arm-none-eabi/5.3.0/../../../../arm-none-eabi/lib/armv6k/fpu\libsysbase.a(lseek.o)
                0x00100d00                _lseek_r
 .text          0x00100d78       0x78 c:/home/software/devkitpro/devkitarm/bin/../lib/gcc/arm-none-eabi/5.3.0/../../../../arm-none-eabi/lib/armv6k/fpu\libsysbase.a(read.o)
                0x00100d78                _read_r
 .text          0x00100df0       0x70 c:/home/software/devkitpro/devkitarm/bin/../lib/gcc/arm-none-eabi/5.3.0/../../../../arm-none-eabi/lib/armv6k/fpu\libsysbase.a(sbrk.o)
                0x00100df0                _sbrk_r
 .text          0x00100e60       0x78 c:/home/software/devkitpro/devkitarm/bin/../lib/gcc/arm-none-eabi/5.3.0/../../../../arm-none-eabi/lib/armv6k/fpu\libsysbase.a(write.o)
                0x00100e60                _write_r
 .text          0x00100ed8      0x3b0 c:/home/software/devkitpro/devkitarm/bin/../lib/gcc/arm-none-eabi/5.3.0/../../../../arm-none-eabi/lib/armv6k/fpu\libsysbase.a(chdir.o)
                0x00100ed8                _concatenate_path
                0x00101094                chdir
                0x001011e8                getcwd
 .text          0x00101288       0x10 c:/home/software/devkitpro/devkitarm/bin/../lib/gcc/arm-none-eabi/5.3.0/../../../../arm-none-eabi/lib/armv6k/fpu\libsysbase.a(flock.o)
                0x00101288                __flockfile
                0x00101290                __funlockfile
 .text          0x00101298      0x108 c:/home/software/devkitpro/devkitarm/bin/../lib/gcc/arm-none-eabi/5.3.0/../../../../arm-none-eabi/lib/armv6k/fpu\libsysbase.a(syscall_support.o)
                0x00101298                __libc_lock_init
                0x001012b0                __libc_lock_acquire
                0x001012c8                __libc_lock_try_acquire
                0x001012ec                __libc_lock_release
                0x00101304                __libc_lock_close
                0x0010131c                __libc_lock_init_recursive
                0x00101334                __libc_lock_acquire_recursive
                0x0010134c                __libc_lock_try_acquire_recursive
                0x00101370                __libc_lock_release_recursive
                0x00101388                __libc_lock_close_recursive
 .text          0x001013a0      0x2c4 c:/home/software/devkitpro/devkitarm/bin/../lib/gcc/arm-none-eabi/5.3.0/../../../../arm-none-eabi/lib/armv6k/fpu\libsysbase.a(handle_manager.o)
                0x001013a0                __free_handle
                0x001013e4                __release_handle
                0x00101420                __alloc_handle
                0x00101498                __get_handle
                0x001014b4                dup
                0x00101558                dup2
 .text          0x00101664       0x28 c:/home/software/devkitpro/devkitarm/bin/../lib/gcc/arm-none-eabi/5.3.0/../../../../arm-none-eabi/lib/armv6k/fpu\libsysbase.a(getreent.o)
                0x00101664                __getreent
 .text          0x0010168c       0x3c c:/home/software/devkitpro/devkitarm/bin/../lib/gcc/arm-none-eabi/5.3.0/armv6k/fpu\libgcc.a(_aeabi_uldivmod.o)
                0x0010168c                __aeabi_uldivmod
 .text          0x001016c8      0x128 c:/home/software/devkitpro/devkitarm/bin/../lib/gcc/arm-none-eabi/5.3.0/armv6k/fpu\libgcc.a(_udivmoddi4.o)
                0x001016c8                __udivmoddi4
 *(.text.*)
 .text.setBitOfReversedStream
                0x001017f0       0x38 lodepng.o
 .text.checkColorValidity
                0x00101828       0xa0 lodepng.o
 .text.addColorBits
                0x001018c8       0x4c lodepng.o
 .text.color_tree_get
                0x00101914       0x60 lodepng.o
 .text.getPixelColorRGBA8
                0x00101974      0x3a0 lodepng.o
 .text.getPixelColorsRGBA8
                0x00101d14      0x578 lodepng.o
 .text.getPixelColorRGBA16
                0x0010228c      0x1b0 lodepng.o
 .text.Adam7_getpassvalues
                0x0010243c      0x1ac lodepng.o
 .text.unfilter
                0x001025e8      0x3ac lodepng.o
 .text.removePaddingBits
                0x00102994       0x90 lodepng.o
 .text.color_tree_add
                0x00102a24       0xb4 lodepng.o
 .text.HuffmanTree_cleanup
                0x00102ad8       0x24 lodepng.o
 .text.LodePNGText_cleanup
                0x00102afc       0x60 lodepng.o
 .text.LodePNGIText_cleanup
                0x00102b5c       0x90 lodepng.o
 .text.color_tree_cleanup
                0x00102bec       0x30 lodepng.o
 .text.string_set
                0x00102c1c       0x60 lodepng.o
 .text.lodepng_color_mode_equal
                0x00102c7c       0xd0 lodepng.o
 .text.uivector_reserve.isra.10
                0x00102d4c       0x5c lodepng.o
 .text.ucvector_push_back
                0x00102da8       0x38 lodepng.o
 .text.uivector_resizev.constprop.22
                0x00102de0       0x58 lodepng.o
 .text.HuffmanTree_makeFromLengths2
                0x00102e38      0x34c lodepng.o
 .text.HuffmanTree_makeFromLengths
                0x00103184       0x6c lodepng.o
 .text.generateFixedLitLenTree
                0x001031f0       0xa4 lodepng.o
 .text.generateFixedDistanceTree
                0x00103294       0x60 lodepng.o
 .text.lodepng_inflatev.isra.12
                0x001032f4      0xb20 lodepng.o
 .text.lodepng_zlib_decompress
                0x00103e14      0x1b4 lodepng.o
                0x00103e14                lodepng_zlib_decompress
 .text.zlib_decompress
                0x00103fc8       0x2c lodepng.o
 .text.lodepng_chunk_type_equals
                0x00103ff4       0x6c lodepng.o
                0x00103ff4                lodepng_chunk_type_equals
 .text.lodepng_chunk_check_crc
                0x00104060       0xa4 lodepng.o
                0x00104060                lodepng_chunk_check_crc
 .text.lodepng_chunk_append
                0x00104104       0xb0 lodepng.o
                0x00104104                lodepng_chunk_append
 .text.lodepng_color_mode_copy
                0x001041b4       0xac lodepng.o
                0x001041b4                lodepng_color_mode_copy
 .text.lodepng_add_text
                0x00104260      0x104 lodepng.o
                0x00104260                lodepng_add_text
 .text.lodepng_add_itext
                0x00104364      0x1f4 lodepng.o
                0x00104364                lodepng_add_itext
 .text.lodepng_info_init
                0x00104558       0x8c lodepng.o
                0x00104558                lodepng_info_init
 .text.lodepng_info_cleanup
                0x001045e4       0x50 lodepng.o
                0x001045e4                lodepng_info_cleanup
 .text.lodepng_convert
                0x00104634      0x4f8 lodepng.o
                0x00104634                lodepng_convert
 .text.lodepng_inspect
                0x00104b2c      0x254 lodepng.o
                0x00104b2c                lodepng_inspect
 .text.decodeGeneric
                0x00104d80     0x174c lodepng.o
 .text.lodepng_decode
                0x001064cc      0x13c lodepng.o
                0x001064cc                lodepng_decode
 .text.lodepng_state_init
                0x00106608       0xb8 lodepng.o
                0x00106608                lodepng_state_init
 .text.lodepng_state_cleanup
                0x001066c0       0x30 lodepng.o
                0x001066c0                lodepng_state_cleanup
 .text.lodepng_decode_memory
                0x001066f0       0x68 lodepng.o
                0x001066f0                lodepng_decode_memory
 .text.lodepng_decode32
                0x00106758       0x28 lodepng.o
                0x00106758                lodepng_decode32
 .text.drawSprite
                0x00106780      0x174 main.o
                0x00106780                drawSprite
 .text.startup.main
                0x001068f4      0x480 main.o
                0x001068f4                main
 .text.AttrInfo_Init
                0x00106d74       0x28 c:/home/Software/devkitPro/libctru/lib\libcitro3d.a(attribs.o)
                0x00106d74                AttrInfo_Init
 .text.AttrInfo_AddLoader
                0x00106d9c       0xa4 c:/home/Software/devkitPro/libctru/lib\libcitro3d.a(attribs.o)
                0x00106d9c                AttrInfo_AddLoader
 .text.C3D_GetAttrInfo
                0x00106e40       0x24 c:/home/Software/devkitPro/libctru/lib\libcitro3d.a(attribs.o)
                0x00106e40                C3D_GetAttrInfo
 .text.C3Di_AttrInfoBind
                0x00106e64       0x80 c:/home/Software/devkitPro/libctru/lib\libcitro3d.a(attribs.o)
                0x00106e64                C3Di_AttrInfoBind
 .text.C3Di_AptEventHook
                0x00106ee4       0x88 c:/home/Software/devkitPro/libctru/lib\libcitro3d.a(base.o)
 .text.C3D_Init
                0x00106f6c      0x168 c:/home/Software/devkitPro/libctru/lib\libcitro3d.a(base.o)
                0x00106f6c                C3D_Init
 .text.C3D_SetViewport
                0x001070d4       0x98 c:/home/Software/devkitPro/libctru/lib\libcitro3d.a(base.o)
                0x001070d4                C3D_SetViewport
 .text.C3Di_UpdateContext
                0x0010716c      0x580 c:/home/Software/devkitPro/libctru/lib\libcitro3d.a(base.o)
                0x0010716c                C3Di_UpdateContext
 .text.C3Di_FinalizeFrame
                0x001076ec       0xe0 c:/home/Software/devkitPro/libctru/lib\libcitro3d.a(base.o)
                0x001076ec                C3Di_FinalizeFrame
 .text.C3D_Fini
                0x001077cc       0x48 c:/home/Software/devkitPro/libctru/lib\libcitro3d.a(base.o)
                0x001077cc                C3D_Fini
 .text.C3D_BindProgram
                0x00107814       0xd4 c:/home/Software/devkitPro/libctru/lib\libcitro3d.a(base.o)
                0x00107814                C3D_BindProgram
 .text.BufInfo_Init
                0x001078e8       0x20 c:/home/Software/devkitPro/libctru/lib\libcitro3d.a(buffers.o)
                0x001078e8                BufInfo_Init
 .text.C3D_GetBufInfo
                0x00107908       0x24 c:/home/Software/devkitPro/libctru/lib\libcitro3d.a(buffers.o)
                0x00107908                C3D_GetBufInfo
 .text.C3Di_BufInfoBind
                0x0010792c       0x48 c:/home/Software/devkitPro/libctru/lib\libcitro3d.a(buffers.o)
                0x0010792c                C3Di_BufInfoBind
 .text.C3D_DepthMap
                0x00107974       0x3c c:/home/Software/devkitPro/libctru/lib\libcitro3d.a(effect.o)
                0x00107974                C3D_DepthMap
 .text.C3D_CullFace
                0x001079b0       0x1c c:/home/Software/devkitPro/libctru/lib\libcitro3d.a(effect.o)
                0x001079b0                C3D_CullFace
 .text.C3D_StencilTest
                0x001079cc       0x3c c:/home/Software/devkitPro/libctru/lib\libcitro3d.a(effect.o)
                0x001079cc                C3D_StencilTest
 .text.C3D_StencilOp
                0x00107a08       0x24 c:/home/Software/devkitPro/libctru/lib\libcitro3d.a(effect.o)
                0x00107a08                C3D_StencilOp
 .text.C3D_BlendingColor
                0x00107a2c       0x1c c:/home/Software/devkitPro/libctru/lib\libcitro3d.a(effect.o)
                0x00107a2c                C3D_BlendingColor
 .text.C3D_DepthTest
                0x00107a48       0x28 c:/home/Software/devkitPro/libctru/lib\libcitro3d.a(effect.o)
                0x00107a48                C3D_DepthTest
 .text.C3D_AlphaTest
                0x00107a70       0x28 c:/home/Software/devkitPro/libctru/lib\libcitro3d.a(effect.o)
                0x00107a70                C3D_AlphaTest
 .text.C3D_AlphaBlend
                0x00107a98       0x50 c:/home/Software/devkitPro/libctru/lib\libcitro3d.a(effect.o)
                0x00107a98                C3D_AlphaBlend
 .text.C3D_FragOpMode
                0x00107ae8       0x30 c:/home/Software/devkitPro/libctru/lib\libcitro3d.a(effect.o)
                0x00107ae8                C3D_FragOpMode
 .text.C3Di_EffectBind
                0x00107b18      0x11c c:/home/Software/devkitPro/libctru/lib\libcitro3d.a(effect.o)
                0x00107b18                C3Di_EffectBind
 .text.C3D_ImmDrawBegin
                0x00107c34       0xb8 c:/home/Software/devkitPro/libctru/lib\libcitro3d.a(immediate.o)
                0x00107c34                C3D_ImmDrawBegin
 .text.C3D_ImmSendAttrib
                0x00107cec       0xb4 c:/home/Software/devkitPro/libctru/lib\libcitro3d.a(immediate.o)
                0x00107cec                C3D_ImmSendAttrib
 .text.C3D_ImmDrawEnd
                0x00107da0       0x74 c:/home/Software/devkitPro/libctru/lib\libcitro3d.a(immediate.o)
                0x00107da0                C3D_ImmDrawEnd
 .text.C3D_RenderBufInit
                0x00107e14       0xa4 c:/home/Software/devkitPro/libctru/lib\libcitro3d.a(renderbuffer.o)
                0x00107e14                C3D_RenderBufInit
 .text.C3D_RenderBufClearAsync
                0x00107eb8       0x80 c:/home/Software/devkitPro/libctru/lib\libcitro3d.a(renderbuffer.o)
                0x00107eb8                C3D_RenderBufClearAsync
 .text.C3D_RenderBufTransferAsync
                0x00107f38       0x28 c:/home/Software/devkitPro/libctru/lib\libcitro3d.a(renderbuffer.o)
                0x00107f38                C3D_RenderBufTransferAsync
 .text.C3D_RenderBufBind
                0x00107f60       0x38 c:/home/Software/devkitPro/libctru/lib\libcitro3d.a(renderbuffer.o)
                0x00107f60                C3D_RenderBufBind
 .text.C3Di_RenderBufBind
                0x00107f98      0x168 c:/home/Software/devkitPro/libctru/lib\libcitro3d.a(renderbuffer.o)
                0x00107f98                C3Di_RenderBufBind
 .text.C3D_RenderBufDelete
                0x00108100       0x18 c:/home/Software/devkitPro/libctru/lib\libcitro3d.a(renderbuffer.o)
                0x00108100                C3D_RenderBufDelete
 .text.C3Di_RenderQueueWaitDone
                0x00108118       0x40 c:/home/Software/devkitPro/libctru/lib\libcitro3d.a(renderqueue.o)
 .text.performTransfer.part.0
                0x00108158       0x78 c:/home/Software/devkitPro/libctru/lib\libcitro3d.a(renderqueue.o)
 .text.transferTarget
                0x001081d0       0x50 c:/home/Software/devkitPro/libctru/lib\libcitro3d.a(renderqueue.o)
 .text.onVBlank1
                0x00108220       0x24 c:/home/Software/devkitPro/libctru/lib\libcitro3d.a(renderqueue.o)
 .text.onVBlank0
                0x00108244       0x8c c:/home/Software/devkitPro/libctru/lib\libcitro3d.a(renderqueue.o)
 .text.performClear.part.2
                0x001082d0       0x3c c:/home/Software/devkitPro/libctru/lib\libcitro3d.a(renderqueue.o)
 .text.clearTarget
                0x0010830c       0x4c c:/home/Software/devkitPro/libctru/lib\libcitro3d.a(renderqueue.o)
 .text.updateFrameQueue.part.4
                0x00108358       0xc0 c:/home/Software/devkitPro/libctru/lib\libcitro3d.a(renderqueue.o)
 .text.onRenderFinish
                0x00108418       0xe0 c:/home/Software/devkitPro/libctru/lib\libcitro3d.a(renderqueue.o)
 .text.onClearDone.part.6
                0x001084f8       0x18 c:/home/Software/devkitPro/libctru/lib\libcitro3d.a(renderqueue.o)
 .text.onTransferFinish
                0x00108510       0xb0 c:/home/Software/devkitPro/libctru/lib\libcitro3d.a(renderqueue.o)
 .text.onClearDone
                0x001085c0       0x64 c:/home/Software/devkitPro/libctru/lib\libcitro3d.a(renderqueue.o)
 .text.checkRenderQueueInit.part.7
                0x00108624       0x5c c:/home/Software/devkitPro/libctru/lib\libcitro3d.a(renderqueue.o)
 .text.C3D_FrameBegin
                0x00108680       0x64 c:/home/Software/devkitPro/libctru/lib\libcitro3d.a(renderqueue.o)
                0x00108680                C3D_FrameBegin
 .text.C3D_FrameDrawOn
                0x001086e4       0x78 c:/home/Software/devkitPro/libctru/lib\libcitro3d.a(renderqueue.o)
                0x001086e4                C3D_FrameDrawOn
 .text.C3D_FrameEnd
                0x0010875c       0xd0 c:/home/Software/devkitPro/libctru/lib\libcitro3d.a(renderqueue.o)
                0x0010875c                C3D_FrameEnd
 .text.C3D_RenderTargetCreate
                0x0010882c       0xe0 c:/home/Software/devkitPro/libctru/lib\libcitro3d.a(renderqueue.o)
                0x0010882c                C3D_RenderTargetCreate
 .text.C3D_RenderTargetDelete
                0x0010890c       0x7c c:/home/Software/devkitPro/libctru/lib\libcitro3d.a(renderqueue.o)
                0x0010890c                C3D_RenderTargetDelete
 .text.C3Di_RenderQueueExit
                0x00108988       0x84 c:/home/Software/devkitPro/libctru/lib\libcitro3d.a(renderqueue.o)
 .text.C3D_RenderTargetSetClear
                0x00108a0c       0x50 c:/home/Software/devkitPro/libctru/lib\libcitro3d.a(renderqueue.o)
                0x00108a0c                C3D_RenderTargetSetClear
 .text.C3D_RenderTargetSetOutput
                0x00108a5c       0x58 c:/home/Software/devkitPro/libctru/lib\libcitro3d.a(renderqueue.o)
                0x00108a5c                C3D_RenderTargetSetOutput
 .text.C3D_SafeDisplayTransfer
                0x00108ab4       0x88 c:/home/Software/devkitPro/libctru/lib\libcitro3d.a(renderqueue.o)
                0x00108ab4                C3D_SafeDisplayTransfer
 .text.TexEnv_Init
                0x00108b3c       0x34 c:/home/Software/devkitPro/libctru/lib\libcitro3d.a(texenv.o)
                0x00108b3c                TexEnv_Init
 .text.C3D_GetTexEnv
                0x00108b70       0x34 c:/home/Software/devkitPro/libctru/lib\libcitro3d.a(texenv.o)
                0x00108b70                C3D_GetTexEnv
 .text.C3Di_TexEnvBind
                0x00108ba4       0x24 c:/home/Software/devkitPro/libctru/lib\libcitro3d.a(texenv.o)
                0x00108ba4                C3Di_TexEnvBind
 .text.C3D_TexInit
                0x00108bc8       0xb8 c:/home/Software/devkitPro/libctru/lib\libcitro3d.a(texture.o)
                0x00108bc8                C3D_TexInit
 .text.C3D_TexInitVRAM
                0x00108c80       0xb8 c:/home/Software/devkitPro/libctru/lib\libcitro3d.a(texture.o)
                0x00108c80                C3D_TexInitVRAM
 .text.C3D_TexSetFilter
                0x00108d38       0x24 c:/home/Software/devkitPro/libctru/lib\libcitro3d.a(texture.o)
                0x00108d38                C3D_TexSetFilter
 .text.C3D_TexBind
                0x00108d5c       0x34 c:/home/Software/devkitPro/libctru/lib\libcitro3d.a(texture.o)
                0x00108d5c                C3D_TexBind
 .text.C3D_TexDelete
                0x00108d90       0x3c c:/home/Software/devkitPro/libctru/lib\libcitro3d.a(texture.o)
                0x00108d90                C3D_TexDelete
 .text.C3D_UpdateUniforms
                0x00108dcc      0x2ac c:/home/Software/devkitPro/libctru/lib\libcitro3d.a(uniforms.o)
                0x00108dcc                C3D_UpdateUniforms
 .text.C3Di_DirtyUniforms
                0x00109078       0xc0 c:/home/Software/devkitPro/libctru/lib\libcitro3d.a(uniforms.o)
                0x00109078                C3Di_DirtyUniforms
 .text.C3Di_LoadShaderUniforms
                0x00109138       0xe4 c:/home/Software/devkitPro/libctru/lib\libcitro3d.a(uniforms.o)
                0x00109138                C3Di_LoadShaderUniforms
 .text.C3Di_ClearShaderUniforms
                0x0010921c       0x28 c:/home/Software/devkitPro/libctru/lib\libcitro3d.a(uniforms.o)
                0x0010921c                C3Di_ClearShaderUniforms
 .text.Mtx_OrthoTilt
                0x00109244       0xc8 c:/home/Software/devkitPro/libctru/lib\libcitro3d.a(mtx_orthotilt.o)
                0x00109244                Mtx_OrthoTilt
 .text._ZL21addrMapNodeComparatorPK11rbtree_nodeS1_
                0x0010930c       0x24 c:/home/Software/devkitPro/libctru/lib\libctru.a(linear.o)
 .text._ZL21addrMapNodeDestructorP11rbtree_node
                0x00109330        0x4 c:/home/Software/devkitPro/libctru/lib\libctru.a(linear.o)
 .text.linearMemAlign
                0x00109334      0x140 c:/home/Software/devkitPro/libctru/lib\libctru.a(linear.o)
                0x00109334                linearMemAlign
 .text.linearAlloc
                0x00109474        0x8 c:/home/Software/devkitPro/libctru/lib\libctru.a(linear.o)
                0x00109474                linearAlloc
 .text.linearFree
                0x0010947c       0x50 c:/home/Software/devkitPro/libctru/lib\libctru.a(linear.o)
                0x0010947c                linearFree
 .text._ZN7MemPool13CoalesceRightEP8MemBlock
                0x001094cc       0xa0 c:/home/Software/devkitPro/libctru/lib\libctru.a(mem_pool.o)
                0x001094cc                MemPool::CoalesceRight(MemBlock*)
 .text._ZN7MemPool8AllocateER8MemChunkmi
                0x0010956c      0x18c c:/home/Software/devkitPro/libctru/lib\libctru.a(mem_pool.o)
                0x0010956c                MemPool::Allocate(MemChunk&, unsigned long, int)
 .text._ZN7MemPool10DeallocateERK8MemChunk
                0x001096f8      0x104 c:/home/Software/devkitPro/libctru/lib\libctru.a(mem_pool.o)
                0x001096f8                MemPool::Deallocate(MemChunk const&)
 .text._ZL21addrMapNodeComparatorPK11rbtree_nodeS1_
                0x001097fc       0x24 c:/home/Software/devkitPro/libctru/lib\libctru.a(vram.o)
 .text._ZL21addrMapNodeDestructorP11rbtree_node
                0x00109820        0x4 c:/home/Software/devkitPro/libctru/lib\libctru.a(vram.o)
 .text.vramMemAlign
                0x00109824      0x130 c:/home/Software/devkitPro/libctru/lib\libctru.a(vram.o)
                0x00109824                vramMemAlign
 .text.vramAlloc
                0x00109954        0x8 c:/home/Software/devkitPro/libctru/lib\libctru.a(vram.o)
                0x00109954                vramAlloc
 .text.vramFree
                0x0010995c       0x50 c:/home/Software/devkitPro/libctru/lib\libctru.a(vram.o)
                0x0010995c                vramFree
 .text.debug_write
                0x001099ac       0x1c c:/home/Software/devkitPro/libctru/lib\libctru.a(console.o)
                0x001099ac                debug_write
 .text.consoleDrawChar
                0x001099c8      0x1ac c:/home/Software/devkitPro/libctru/lib\libctru.a(console.o)
                0x001099c8                consoleDrawChar
 .text.consolePrintChar
                0x00109b74      0x128 c:/home/Software/devkitPro/libctru/lib\libctru.a(console.o)
                0x00109b74                consolePrintChar
 .text.consoleCls
                0x00109c9c      0x184 c:/home/Software/devkitPro/libctru/lib\libctru.a(console.o)
 .text.consoleInit
                0x00109e20       0xf8 c:/home/Software/devkitPro/libctru/lib\libctru.a(console.o)
                0x00109e20                consoleInit
 .text.consoleClearLine
                0x00109f18      0x138 c:/home/Software/devkitPro/libctru/lib\libctru.a(console.o)
 .text.newRow   0x0010a050       0xc0 c:/home/Software/devkitPro/libctru/lib\libctru.a(console.o)
 .text.con_write
                0x0010a110      0x86c c:/home/Software/devkitPro/libctru/lib\libctru.a(console.o)
                0x0010a110                con_write
 .text.gfxSetFramebufferInfo.part.0
                0x0010a97c       0x8c c:/home/Software/devkitPro/libctru/lib\libctru.a(gfx.o)
 .text.gfxIs3D  0x0010aa08       0x10 c:/home/Software/devkitPro/libctru/lib\libctru.a(gfx.o)
                0x0010aa08                gfxIs3D
 .text.gfxSetScreenFormat
                0x0010aa18       0x18 c:/home/Software/devkitPro/libctru/lib\libctru.a(gfx.o)
                0x0010aa18                gfxSetScreenFormat
 .text.gfxSetDoubleBuffering
                0x0010aa30       0x14 c:/home/Software/devkitPro/libctru/lib\libctru.a(gfx.o)
                0x0010aa30                gfxSetDoubleBuffering
 .text.gfxSetFramebufferInfo
                0x0010aa44       0x70 c:/home/Software/devkitPro/libctru/lib\libctru.a(gfx.o)
                0x0010aa44                gfxSetFramebufferInfo
 .text.gfxWriteFramebufferInfo
                0x0010aab4       0x88 c:/home/Software/devkitPro/libctru/lib\libctru.a(gfx.o)
                0x0010aab4                gfxWriteFramebufferInfo
 .text.gfxInit  0x0010ab3c      0x1d0 c:/home/Software/devkitPro/libctru/lib\libctru.a(gfx.o)
                0x0010ab3c                gfxInit
 .text.gfxInitDefault
                0x0010ad0c       0x10 c:/home/Software/devkitPro/libctru/lib\libctru.a(gfx.o)
                0x0010ad0c                gfxInitDefault
 .text.gfxExit  0x0010ad1c       0xe0 c:/home/Software/devkitPro/libctru/lib\libctru.a(gfx.o)
                0x0010ad1c                gfxExit
 .text.gfxGetFramebuffer
                0x0010adfc       0xb0 c:/home/Software/devkitPro/libctru/lib\libctru.a(gfx.o)
                0x0010adfc                gfxGetFramebuffer
 .text.gfxFlushBuffers
                0x0010aeac       0xcc c:/home/Software/devkitPro/libctru/lib\libctru.a(gfx.o)
                0x0010aeac                gfxFlushBuffers
 .text.gfxConfigScreen
                0x0010af78       0x70 c:/home/Software/devkitPro/libctru/lib\libctru.a(gfx.o)
                0x0010af78                gfxConfigScreen
 .text.gfxSwapBuffersGpu
                0x0010afe8       0x20 c:/home/Software/devkitPro/libctru/lib\libctru.a(gfx.o)
                0x0010afe8                gfxSwapBuffersGpu
 .text.getSysTime
                0x0010b008       0x58 c:/home/Software/devkitPro/libctru/lib\libctru.a(os.o)
 .text.osConvertVirtToPhys
                0x0010b060       0x4c c:/home/Software/devkitPro/libctru/lib\libctru.a(os.o)
                0x0010b060                osConvertVirtToPhys
 .text.osGetMemRegionUsed
                0x0010b0ac       0x24 c:/home/Software/devkitPro/libctru/lib\libctru.a(os.o)
                0x0010b0ac                osGetMemRegionUsed
 .text.__libctru_gtod
                0x0010b0d0       0xf8 c:/home/Software/devkitPro/libctru/lib\libctru.a(os.o)
                0x0010b0d0                __libctru_gtod
 .text.__ctru_speedup_config
                0x0010b1c8       0x34 c:/home/Software/devkitPro/libctru/lib\libctru.a(os.o)
                0x0010b1c8                __ctru_speedup_config
 .text.GPUCMD_SetBuffer
                0x0010b1fc       0x2c c:/home/Software/devkitPro/libctru/lib\libctru.a(gpu.o)
                0x0010b1fc                GPUCMD_SetBuffer
 .text.GPUCMD_GetBuffer
                0x0010b228       0x40 c:/home/Software/devkitPro/libctru/lib\libctru.a(gpu.o)
                0x0010b228                GPUCMD_GetBuffer
 .text.GPUCMD_Add
                0x0010b268       0xe4 c:/home/Software/devkitPro/libctru/lib\libctru.a(gpu.o)
                0x0010b268                GPUCMD_Add
 .text.GPUCMD_Finalize
                0x0010b34c       0x98 c:/home/Software/devkitPro/libctru/lib\libctru.a(gpu.o)
                0x0010b34c                GPUCMD_Finalize
 .text.f32tof24
                0x0010b3e4       0x40 c:/home/Software/devkitPro/libctru/lib\libctru.a(gpu.o)
                0x0010b3e4                f32tof24
 .text.f32tof31
                0x0010b424       0x40 c:/home/Software/devkitPro/libctru/lib\libctru.a(gpu.o)
                0x0010b424                f32tof31
 .text.GX_ProcessCommandList
                0x0010b464       0x54 c:/home/Software/devkitPro/libctru/lib\libctru.a(gx.o)
                0x0010b464                GX_ProcessCommandList
 .text.GX_MemoryFill
                0x0010b4b8       0x60 c:/home/Software/devkitPro/libctru/lib\libctru.a(gx.o)
                0x0010b4b8                GX_MemoryFill
 .text.GX_DisplayTransfer
                0x0010b518       0x50 c:/home/Software/devkitPro/libctru/lib\libctru.a(gx.o)
                0x0010b518                GX_DisplayTransfer
 .text.GX_FlushCacheRegions
                0x0010b568       0x54 c:/home/Software/devkitPro/libctru/lib\libctru.a(gx.o)
                0x0010b568                GX_FlushCacheRegions
 .text.GPU_SetShaderOutmap
                0x0010b5bc       0x48 c:/home/Software/devkitPro/libctru/lib\libctru.a(shaderProgram.o)
 .text.GPU_SendShaderCode.constprop.0
                0x0010b604       0xb8 c:/home/Software/devkitPro/libctru/lib\libctru.a(shaderProgram.o)
 .text.GPU_SendOperandDescriptors.constprop.1
                0x0010b6bc       0x70 c:/home/Software/devkitPro/libctru/lib\libctru.a(shaderProgram.o)
 .text.shaderInstanceInit
                0x0010b72c      0x23c c:/home/Software/devkitPro/libctru/lib\libctru.a(shaderProgram.o)
                0x0010b72c                shaderInstanceInit
 .text.shaderInstanceFree
                0x0010b968       0x38 c:/home/Software/devkitPro/libctru/lib\libctru.a(shaderProgram.o)
                0x0010b968                shaderInstanceFree
 .text.shaderInstanceGetUniformLocation
                0x0010b9a0       0x18 c:/home/Software/devkitPro/libctru/lib\libctru.a(shaderProgram.o)
                0x0010b9a0                shaderInstanceGetUniformLocation
 .text.shaderProgramInit
                0x0010b9b8       0x18 c:/home/Software/devkitPro/libctru/lib\libctru.a(shaderProgram.o)
                0x0010b9b8                shaderProgramInit
 .text.shaderProgramFree
                0x0010b9d0       0x30 c:/home/Software/devkitPro/libctru/lib\libctru.a(shaderProgram.o)
                0x0010b9d0                shaderProgramFree
 .text.shaderProgramSetVsh
                0x0010ba00       0x6c c:/home/Software/devkitPro/libctru/lib\libctru.a(shaderProgram.o)
                0x0010ba00                shaderProgramSetVsh
 .text.shaderProgramConfigure
                0x0010ba6c      0x340 c:/home/Software/devkitPro/libctru/lib\libctru.a(shaderProgram.o)
                0x0010ba6c                shaderProgramConfigure
 .text.DVLB_Free
                0x0010bdac       0x3c c:/home/Software/devkitPro/libctru/lib\libctru.a(shbin.o)
                0x0010bdac                DVLB_Free
 .text.DVLE_GetUniformRegister
                0x0010bde8       0x80 c:/home/Software/devkitPro/libctru/lib\libctru.a(shbin.o)
                0x0010bde8                DVLE_GetUniformRegister
 .text.DVLE_GenerateOutmap
                0x0010be68      0x198 c:/home/Software/devkitPro/libctru/lib\libctru.a(shbin.o)
                0x0010be68                DVLE_GenerateOutmap
 .text.DVLB_ParseFile
                0x0010c000      0x198 c:/home/Software/devkitPro/libctru/lib\libctru.a(shbin.o)
                0x0010c000                DVLB_ParseFile
 .text.__apt_initservicehandle
                0x0010c198       0x68 c:/home/Software/devkitPro/libctru/lib\libctru.a(apt.o)
 .text._aptDebug
                0x0010c200        0x4 c:/home/Software/devkitPro/libctru/lib\libctru.a(apt.o)
                0x0010c200                _aptDebug
 .text.aptWaitStatusEvent
                0x0010c204       0x28 c:/home/Software/devkitPro/libctru/lib\libctru.a(apt.o)
                0x0010c204                aptWaitStatusEvent
 .text.aptHook  0x0010c22c       0x34 c:/home/Software/devkitPro/libctru/lib\libctru.a(apt.o)
                0x0010c22c                aptHook
 .text.aptUnhook
                0x0010c260       0x2c c:/home/Software/devkitPro/libctru/lib\libctru.a(apt.o)
                0x0010c260                aptUnhook
 .text.aptSetStatus
                0x0010c28c       0x6c c:/home/Software/devkitPro/libctru/lib\libctru.a(apt.o)
                0x0010c28c                aptSetStatus
 .text.APT_GetLockHandle
                0x0010c2f8       0x48 c:/home/Software/devkitPro/libctru/lib\libctru.a(apt.o)
                0x0010c2f8                APT_GetLockHandle
 .text.APT_Initialize
                0x0010c340       0x60 c:/home/Software/devkitPro/libctru/lib\libctru.a(apt.o)
                0x0010c340                APT_Initialize
 .text.APT_Finalize
                0x0010c3a0       0x34 c:/home/Software/devkitPro/libctru/lib\libctru.a(apt.o)
                0x0010c3a0                APT_Finalize
 .text.APT_InquireNotification
                0x0010c3d4       0x48 c:/home/Software/devkitPro/libctru/lib\libctru.a(apt.o)
                0x0010c3d4                APT_InquireNotification
 .text.APT_PrepareToJumpToApplication
                0x0010c41c       0x34 c:/home/Software/devkitPro/libctru/lib\libctru.a(apt.o)
                0x0010c41c                APT_PrepareToJumpToApplication
 .text.APT_JumpToApplication
                0x0010c450       0x50 c:/home/Software/devkitPro/libctru/lib\libctru.a(apt.o)
                0x0010c450                APT_JumpToApplication
 .text.APT_AppletUtility
                0x0010c4a0       0x7c c:/home/Software/devkitPro/libctru/lib\libctru.a(apt.o)
                0x0010c4a0                APT_AppletUtility
 .text.aptAppletUtility_Exit_RetToApp
                0x0010c51c      0x188 c:/home/Software/devkitPro/libctru/lib\libctru.a(apt.o)
                0x0010c51c                aptAppletUtility_Exit_RetToApp
 .text.aptAppStarted
                0x0010c6a4      0x114 c:/home/Software/devkitPro/libctru/lib\libctru.a(apt.o)
 .text.aptInit  0x0010c7b8      0x298 c:/home/Software/devkitPro/libctru/lib\libctru.a(apt.o)
                0x0010c7b8                aptInit
 .text.APT_ReceiveParameter
                0x0010ca50       0x6c c:/home/Software/devkitPro/libctru/lib\libctru.a(apt.o)
                0x0010ca50                APT_ReceiveParameter
 .text.APT_ReplySleepQuery
                0x0010cabc       0x38 c:/home/Software/devkitPro/libctru/lib\libctru.a(apt.o)
                0x0010cabc                APT_ReplySleepQuery
 .text.APT_ReplySleepNotificationComplete
                0x0010caf4       0x34 c:/home/Software/devkitPro/libctru/lib\libctru.a(apt.o)
                0x0010caf4                APT_ReplySleepNotificationComplete
 .text.aptEventHandler
                0x0010cb28      0x3f4 c:/home/Software/devkitPro/libctru/lib\libctru.a(apt.o)
                0x0010cb28                aptEventHandler
 .text.APT_PrepareToCloseApplication
                0x0010cf1c       0x34 c:/home/Software/devkitPro/libctru/lib\libctru.a(apt.o)
                0x0010cf1c                APT_PrepareToCloseApplication
 .text.APT_CloseApplication
                0x0010cf50       0x50 c:/home/Software/devkitPro/libctru/lib\libctru.a(apt.o)
                0x0010cf50                APT_CloseApplication
 .text.aptExit  0x0010cfa0      0x2d0 c:/home/Software/devkitPro/libctru/lib\libctru.a(apt.o)
                0x0010cfa0                aptExit
 .text.APT_CheckNew3DS_System
                0x0010d270       0x6c c:/home/Software/devkitPro/libctru/lib\libctru.a(apt.o)
                0x0010d270                APT_CheckNew3DS_System
 .text.APT_CheckNew3DS
                0x0010d2dc       0x8c c:/home/Software/devkitPro/libctru/lib\libctru.a(apt.o)
                0x0010d2dc                APT_CheckNew3DS
 .text.gspEventThreadMain
                0x0010d368      0x124 c:/home/Software/devkitPro/libctru/lib\libctru.a(gspgpu.o)
 .text.gspInit  0x0010d48c       0x74 c:/home/Software/devkitPro/libctru/lib\libctru.a(gspgpu.o)
                0x0010d48c                gspInit
 .text.gspExit  0x0010d500       0x3c c:/home/Software/devkitPro/libctru/lib\libctru.a(gspgpu.o)
                0x0010d500                gspExit
 .text.gspSetEventCallback
                0x0010d53c       0x34 c:/home/Software/devkitPro/libctru/lib\libctru.a(gspgpu.o)
                0x0010d53c                gspSetEventCallback
 .text.gspInitEventHandler
                0x0010d570       0xd0 c:/home/Software/devkitPro/libctru/lib\libctru.a(gspgpu.o)
                0x0010d570                gspInitEventHandler
 .text.gspExitEventHandler
                0x0010d640       0x5c c:/home/Software/devkitPro/libctru/lib\libctru.a(gspgpu.o)
                0x0010d640                gspExitEventHandler
 .text.gspWaitForEvent
                0x0010d69c       0x58 c:/home/Software/devkitPro/libctru/lib\libctru.a(gspgpu.o)
                0x0010d69c                gspWaitForEvent
 .text.gspWaitForAnyEvent
                0x0010d6f4       0x58 c:/home/Software/devkitPro/libctru/lib\libctru.a(gspgpu.o)
                0x0010d6f4                gspWaitForAnyEvent
 .text.gspSubmitGxCommand
                0x0010d74c      0x128 c:/home/Software/devkitPro/libctru/lib\libctru.a(gspgpu.o)
                0x0010d74c                gspSubmitGxCommand
 .text.GSPGPU_SetBufferSwap
                0x0010d874       0x6c c:/home/Software/devkitPro/libctru/lib\libctru.a(gspgpu.o)
                0x0010d874                GSPGPU_SetBufferSwap
 .text.GSPGPU_FlushDataCache
                0x0010d8e0       0x4c c:/home/Software/devkitPro/libctru/lib\libctru.a(gspgpu.o)
                0x0010d8e0                GSPGPU_FlushDataCache
 .text.GSPGPU_SetLcdForceBlack
                0x0010d92c       0x34 c:/home/Software/devkitPro/libctru/lib\libctru.a(gspgpu.o)
                0x0010d92c                GSPGPU_SetLcdForceBlack
 .text.GSPGPU_RegisterInterruptRelayQueue
                0x0010d960       0x64 c:/home/Software/devkitPro/libctru/lib\libctru.a(gspgpu.o)
                0x0010d960                GSPGPU_RegisterInterruptRelayQueue
 .text.GSPGPU_UnregisterInterruptRelayQueue
                0x0010d9c4       0x2c c:/home/Software/devkitPro/libctru/lib\libctru.a(gspgpu.o)
                0x0010d9c4                GSPGPU_UnregisterInterruptRelayQueue
 .text.GSPGPU_AcquireRight
                0x0010d9f0       0x48 c:/home/Software/devkitPro/libctru/lib\libctru.a(gspgpu.o)
                0x0010d9f0                GSPGPU_AcquireRight
 .text.GSPGPU_ReleaseRight
                0x0010da38       0x2c c:/home/Software/devkitPro/libctru/lib\libctru.a(gspgpu.o)
                0x0010da38                GSPGPU_ReleaseRight
 .text.GSPGPU_RestoreVramSysArea
                0x0010da64       0x2c c:/home/Software/devkitPro/libctru/lib\libctru.a(gspgpu.o)
                0x0010da64                GSPGPU_RestoreVramSysArea
 .text.hidExit  0x0010da90       0xd8 c:/home/Software/devkitPro/libctru/lib\libctru.a(hid.o)
                0x0010da90                hidExit
 .text.hidScanInput
                0x0010db68      0x238 c:/home/Software/devkitPro/libctru/lib\libctru.a(hid.o)
                0x0010db68                hidScanInput
 .text.hidKeysHeld
                0x0010dda0       0x10 c:/home/Software/devkitPro/libctru/lib\libctru.a(hid.o)
                0x0010dda0                hidKeysHeld
 .text.HIDUSER_GetHandles
                0x0010ddb0       0x90 c:/home/Software/devkitPro/libctru/lib\libctru.a(hid.o)
                0x0010ddb0                HIDUSER_GetHandles
 .text.hidInit  0x0010de40      0x184 c:/home/Software/devkitPro/libctru/lib\libctru.a(hid.o)
                0x0010de40                hidInit
 .text.irrstScanInput
                0x0010dfc4       0xb0 c:/home/Software/devkitPro/libctru/lib\libctru.a(irrst.o)
                0x0010dfc4                irrstScanInput
 .text.irrstKeysHeld
                0x0010e074       0x1c c:/home/Software/devkitPro/libctru/lib\libctru.a(irrst.o)
                0x0010e074                irrstKeysHeld
 .text.IRRST_GetHandles
                0x0010e090       0x50 c:/home/Software/devkitPro/libctru/lib\libctru.a(irrst.o)
                0x0010e090                IRRST_GetHandles
 .text.irrstInit
                0x0010e0e0      0x148 c:/home/Software/devkitPro/libctru/lib\libctru.a(irrst.o)
                0x0010e0e0                irrstInit
 .text.IRRST_Shutdown
                0x0010e228       0x2c c:/home/Software/devkitPro/libctru/lib\libctru.a(irrst.o)
                0x0010e228                IRRST_Shutdown
 .text.irrstExit
                0x0010e254       0xb0 c:/home/Software/devkitPro/libctru/lib\libctru.a(irrst.o)
                0x0010e254                irrstExit
 .text.ptmSysmInit
                0x0010e304       0x70 c:/home/Software/devkitPro/libctru/lib\libctru.a(ptmsysm.o)
                0x0010e304                ptmSysmInit
 .text.ptmSysmExit
                0x0010e374       0x34 c:/home/Software/devkitPro/libctru/lib\libctru.a(ptmsysm.o)
                0x0010e374                ptmSysmExit
 .text.PTMSYSM_ConfigureNew3DSCPU
                0x0010e3a8       0x34 c:/home/Software/devkitPro/libctru/lib\libctru.a(ptmsysm.o)
                0x0010e3a8                PTMSYSM_ConfigureNew3DSCPU
 .text.rbtree_find
                0x0010e3dc       0x70 c:/home/Software/devkitPro/libctru/lib\libctru.a(rbtree_find.o)
                0x0010e3dc                rbtree_find
 .text.rbtree_init
                0x0010e44c       0x14 c:/home/Software/devkitPro/libctru/lib\libctru.a(rbtree_init.o)
                0x0010e44c                rbtree_init
 .text.do_insert
                0x0010e460      0x1d4 c:/home/Software/devkitPro/libctru/lib\libctru.a(rbtree_insert.o)
 .text.rbtree_insert
                0x0010e634        0x8 c:/home/Software/devkitPro/libctru/lib\libctru.a(rbtree_insert.o)
                0x0010e634                rbtree_insert
 .text.rbtree_remove
                0x0010e63c      0x35c c:/home/Software/devkitPro/libctru/lib\libctru.a(rbtree_remove.o)
                0x0010e63c                rbtree_remove
 .text.rbtree_rotate
                0x0010e998       0xac c:/home/Software/devkitPro/libctru/lib\libctru.a(rbtree_rotate.o)
                0x0010e998                rbtree_rotate
 .text.osGetMemRegionSize
                0x0010ea44       0x58 c:/home/Software/devkitPro/libctru/lib\libctru.a(allocateHeaps.o)
 .text.__system_allocateHeaps
                0x0010ea9c      0x124 c:/home/Software/devkitPro/libctru/lib\libctru.a(allocateHeaps.o)
                0x0010ea9c                __system_allocateHeaps
 .text.__system_initArgv
                0x0010ebc0       0xf4 c:/home/Software/devkitPro/libctru/lib\libctru.a(initArgv.o)
                0x0010ebc0                __system_initArgv
 .text.__libctru_init
                0x0010ecb4       0x38 c:/home/Software/devkitPro/libctru/lib\libctru.a(initSystem.o)
                0x0010ecb4                __libctru_init
 .text.__ctru_get_reent
                0x0010ecec       0x30 c:/home/Software/devkitPro/libctru/lib\libctru.a(syscalls.o)
 .text.__system_initSyscalls
                0x0010ed1c       0xe8 c:/home/Software/devkitPro/libctru/lib\libctru.a(syscalls.o)
                0x0010ed1c                __system_initSyscalls
 .text.svcControlMemory
                0x0010ee04       0x20 c:/home/Software/devkitPro/libctru/lib\libctru.a(svc.o)
                0x0010ee04                svcControlMemory
 .text.svcExitProcess
                0x0010ee24        0x8 c:/home/Software/devkitPro/libctru/lib\libctru.a(svc.o)
                0x0010ee24                svcExitProcess
 .text.svcCreateThread
                0x0010ee2c       0x20 c:/home/Software/devkitPro/libctru/lib\libctru.a(svc.o)
                0x0010ee2c                svcCreateThread
 .text.svcExitThread
                0x0010ee4c        0x8 c:/home/Software/devkitPro/libctru/lib\libctru.a(svc.o)
                0x0010ee4c                svcExitThread
 .text.svcCreateEvent
                0x0010ee54       0x14 c:/home/Software/devkitPro/libctru/lib\libctru.a(svc.o)
                0x0010ee54                svcCreateEvent
 .text.svcSignalEvent
                0x0010ee68        0x8 c:/home/Software/devkitPro/libctru/lib\libctru.a(svc.o)
                0x0010ee68                svcSignalEvent
 .text.svcClearEvent
                0x0010ee70        0x8 c:/home/Software/devkitPro/libctru/lib\libctru.a(svc.o)
                0x0010ee70                svcClearEvent
 .text.svcMapMemoryBlock
                0x0010ee78        0x8 c:/home/Software/devkitPro/libctru/lib\libctru.a(svc.o)
                0x0010ee78                svcMapMemoryBlock
 .text.svcUnmapMemoryBlock
                0x0010ee80        0x8 c:/home/Software/devkitPro/libctru/lib\libctru.a(svc.o)
                0x0010ee80                svcUnmapMemoryBlock
 .text.svcCreateAddressArbiter
                0x0010ee88       0x14 c:/home/Software/devkitPro/libctru/lib\libctru.a(svc.o)
                0x0010ee88                svcCreateAddressArbiter
 .text.svcArbitrateAddress
                0x0010ee9c       0x18 c:/home/Software/devkitPro/libctru/lib\libctru.a(svc.o)
                0x0010ee9c                svcArbitrateAddress
 .text.svcCloseHandle
                0x0010eeb4        0x8 c:/home/Software/devkitPro/libctru/lib\libctru.a(svc.o)
                0x0010eeb4                svcCloseHandle
 .text.svcWaitSynchronization
                0x0010eebc        0x8 c:/home/Software/devkitPro/libctru/lib\libctru.a(svc.o)
                0x0010eebc                svcWaitSynchronization
 .text.svcWaitSynchronizationN
                0x0010eec4       0x28 c:/home/Software/devkitPro/libctru/lib\libctru.a(svc.o)
                0x0010eec4                svcWaitSynchronizationN
 .text.svcDuplicateHandle
                0x0010eeec       0x14 c:/home/Software/devkitPro/libctru/lib\libctru.a(svc.o)
                0x0010eeec                svcDuplicateHandle
 .text.svcGetSystemTick
                0x0010ef00        0x8 c:/home/Software/devkitPro/libctru/lib\libctru.a(svc.o)
                0x0010ef00                svcGetSystemTick
 .text.svcGetSystemInfo
                0x0010ef08       0x18 c:/home/Software/devkitPro/libctru/lib\libctru.a(svc.o)
                0x0010ef08                svcGetSystemInfo
 .text.svcConnectToPort
                0x0010ef20       0x14 c:/home/Software/devkitPro/libctru/lib\libctru.a(svc.o)
                0x0010ef20                svcConnectToPort
 .text.svcSendSyncRequest
                0x0010ef34        0x8 c:/home/Software/devkitPro/libctru/lib\libctru.a(svc.o)
                0x0010ef34                svcSendSyncRequest
 .text.svcBreak
                0x0010ef3c        0x8 c:/home/Software/devkitPro/libctru/lib\libctru.a(svc.o)
                0x0010ef3c                svcBreak
 .text.svcOutputDebugString
                0x0010ef44        0x8 c:/home/Software/devkitPro/libctru/lib\libctru.a(svc.o)
                0x0010ef44                svcOutputDebugString
 .text._ZL21addrMapNodeComparatorPK11rbtree_nodeS1_
                0x0010ef4c       0x24 c:/home/Software/devkitPro/libctru/lib\libctru.a(mappable.o)
 .text._ZL21addrMapNodeDestructorP11rbtree_node
                0x0010ef70        0x4 c:/home/Software/devkitPro/libctru/lib\libctru.a(mappable.o)
 .text.mappableAlloc
                0x0010ef74       0xf4 c:/home/Software/devkitPro/libctru/lib\libctru.a(mappable.o)
                0x0010ef74                mappableAlloc
 .text.mappableFree
                0x0010f068       0x50 c:/home/Software/devkitPro/libctru/lib\libctru.a(mappable.o)
                0x0010f068                mappableFree
 .text.envGetHandle
                0x0010f0b8       0x94 c:/home/Software/devkitPro/libctru/lib\libctru.a(env.o)
                0x0010f0b8                envGetHandle
 .text.envDestroyHandles
                0x0010f14c       0x4c c:/home/Software/devkitPro/libctru/lib\libctru.a(env.o)
                0x0010f14c                envDestroyHandles
 .text.srvExit  0x0010f198       0x50 c:/home/Software/devkitPro/libctru/lib\libctru.a(srv.o)
                0x0010f198                srvExit
 .text.srvRegisterClient
                0x0010f1e8       0x38 c:/home/Software/devkitPro/libctru/lib\libctru.a(srv.o)
                0x0010f1e8                srvRegisterClient
 .text.srvInit  0x0010f220       0x70 c:/home/Software/devkitPro/libctru/lib\libctru.a(srv.o)
                0x0010f220                srvInit
 .text.srvGetServiceHandleDirect
                0x0010f290       0x68 c:/home/Software/devkitPro/libctru/lib\libctru.a(srv.o)
                0x0010f290                srvGetServiceHandleDirect
 .text.srvGetServiceHandle
                0x0010f2f8       0x38 c:/home/Software/devkitPro/libctru/lib\libctru.a(srv.o)
                0x0010f2f8                srvGetServiceHandle
 .text.LightLock_Unlock.part.1
                0x0010f330       0x34 c:/home/Software/devkitPro/libctru/lib\libctru.a(synchronization.o)
 .text.__sync_init
                0x0010f364        0xc c:/home/Software/devkitPro/libctru/lib\libctru.a(synchronization.o)
                0x0010f364                __sync_init
 .text.__sync_fini
                0x0010f370       0x18 c:/home/Software/devkitPro/libctru/lib\libctru.a(synchronization.o)
                0x0010f370                __sync_fini
 .text.LightLock_Init
                0x0010f388       0x18 c:/home/Software/devkitPro/libctru/lib\libctru.a(synchronization.o)
                0x0010f388                LightLock_Init
 .text.LightLock_Lock
                0x0010f3a0       0x94 c:/home/Software/devkitPro/libctru/lib\libctru.a(synchronization.o)
                0x0010f3a0                LightLock_Lock
 .text.LightLock_TryLock
                0x0010f434       0x34 c:/home/Software/devkitPro/libctru/lib\libctru.a(synchronization.o)
                0x0010f434                LightLock_TryLock
 .text.LightLock_Unlock
                0x0010f468       0x20 c:/home/Software/devkitPro/libctru/lib\libctru.a(synchronization.o)
                0x0010f468                LightLock_Unlock
 .text.RecursiveLock_Init
                0x0010f488       0x24 c:/home/Software/devkitPro/libctru/lib\libctru.a(synchronization.o)
                0x0010f488                RecursiveLock_Init
 .text.RecursiveLock_Lock
                0x0010f4ac       0x30 c:/home/Software/devkitPro/libctru/lib\libctru.a(synchronization.o)
                0x0010f4ac                RecursiveLock_Lock
 .text.RecursiveLock_TryLock
                0x0010f4dc       0x58 c:/home/Software/devkitPro/libctru/lib\libctru.a(synchronization.o)
                0x0010f4dc                RecursiveLock_TryLock
 .text.RecursiveLock_Unlock
                0x0010f534       0x38 c:/home/Software/devkitPro/libctru/lib\libctru.a(synchronization.o)
                0x0010f534                RecursiveLock_Unlock
 .text.threadCreate
                0x0010f56c      0x1c8 c:/home/Software/devkitPro/libctru/lib\libctru.a(thread.o)
                0x0010f56c                threadCreate
 .text.threadJoin
                0x0010f734       0x24 c:/home/Software/devkitPro/libctru/lib\libctru.a(thread.o)
                0x0010f734                threadJoin
 .text.threadExit
                0x0010f758       0x6c c:/home/Software/devkitPro/libctru/lib\libctru.a(thread.o)
                0x0010f758                threadExit
 .text._thread_begin
                0x0010f7c4       0x3c c:/home/Software/devkitPro/libctru/lib\libctru.a(thread.o)
 .text.rbtree_node_next
                0x0010f800       0x8c c:/home/Software/devkitPro/libctru/lib\libctru.a(rbtree_iterator.o)
                0x0010f800                rbtree_node_next
 .text.__appExit
                0x0010f88c       0x1c c:/home/Software/devkitPro/libctru/lib\libctru.a(appExit.o)
                0x0010f88c                __appExit
 .text.__appInit
                0x0010f8a8       0x1c c:/home/Software/devkitPro/libctru/lib\libctru.a(appInit.o)
                0x0010f8a8                __appInit
 .text.__libctru_exit
                0x0010f8c4       0xa4 c:/home/Software/devkitPro/libctru/lib\libctru.a(ctru_exit.o)
                0x0010f8c4                __libctru_exit
 .text.sdmc_link
                0x0010f968       0x10 c:/home/Software/devkitPro/libctru/lib\libctru.a(sdmc_dev.o)
 .text.sdmc_dirreset
                0x0010f978       0x10 c:/home/Software/devkitPro/libctru/lib\libctru.a(sdmc_dev.o)
 .text.sdmc_chmod
                0x0010f988       0x10 c:/home/Software/devkitPro/libctru/lib\libctru.a(sdmc_dev.o)
 .text.sdmc_fchmod
                0x0010f998       0x10 c:/home/Software/devkitPro/libctru/lib\libctru.a(sdmc_dev.o)
 .text.error_cmp
                0x0010f9a8       0x24 c:/home/Software/devkitPro/libctru/lib\libctru.a(sdmc_dev.o)
 .text.sdmc_translate_error
                0x0010f9cc       0x50 c:/home/Software/devkitPro/libctru/lib\libctru.a(sdmc_dev.o)
 .text.sdmc_fsync
                0x0010fa1c       0x34 c:/home/Software/devkitPro/libctru/lib\libctru.a(sdmc_dev.o)
 .text.sdmc_ftruncate
                0x0010fa50       0x54 c:/home/Software/devkitPro/libctru/lib\libctru.a(sdmc_dev.o)
 .text.sdmc_statvfs
                0x0010faa4       0xac c:/home/Software/devkitPro/libctru/lib\libctru.a(sdmc_dev.o)
 .text.sdmc_dirclose
                0x0010fb50       0x38 c:/home/Software/devkitPro/libctru/lib\libctru.a(sdmc_dev.o)
 .text.sdmc_dirnext
                0x0010fb88       0xe0 c:/home/Software/devkitPro/libctru/lib\libctru.a(sdmc_dev.o)
 .text.sdmc_close
                0x0010fc68       0x34 c:/home/Software/devkitPro/libctru/lib\libctru.a(sdmc_dev.o)
 .text.sdmc_fstat
                0x0010fc9c       0x74 c:/home/Software/devkitPro/libctru/lib\libctru.a(sdmc_dev.o)
 .text.sdmc_seek
                0x0010fd10       0xc0 c:/home/Software/devkitPro/libctru/lib\libctru.a(sdmc_dev.o)
 .text.sdmc_read
                0x0010fdd0       0x8c c:/home/Software/devkitPro/libctru/lib\libctru.a(sdmc_dev.o)
 .text.sdmc_write
                0x0010fe5c      0x108 c:/home/Software/devkitPro/libctru/lib\libctru.a(sdmc_dev.o)
 .text.sdmc_utf16path
                0x0010ff64      0x1b4 c:/home/Software/devkitPro/libctru/lib\libctru.a(sdmc_dev.o)
 .text.sdmc_rmdir
                0x00110118       0x80 c:/home/Software/devkitPro/libctru/lib\libctru.a(sdmc_dev.o)
 .text.sdmc_diropen
                0x00110198       0x9c c:/home/Software/devkitPro/libctru/lib\libctru.a(sdmc_dev.o)
 .text.sdmc_chdir
                0x00110234       0xa8 c:/home/Software/devkitPro/libctru/lib\libctru.a(sdmc_dev.o)
 .text.sdmc_mkdir
                0x001102dc       0x84 c:/home/Software/devkitPro/libctru/lib\libctru.a(sdmc_dev.o)
 .text.sdmc_rename
                0x00110360      0x138 c:/home/Software/devkitPro/libctru/lib\libctru.a(sdmc_dev.o)
 .text.sdmc_unlink
                0x00110498       0x80 c:/home/Software/devkitPro/libctru/lib\libctru.a(sdmc_dev.o)
 .text.sdmc_stat
                0x00110518      0x120 c:/home/Software/devkitPro/libctru/lib\libctru.a(sdmc_dev.o)
 .text.sdmc_open
                0x00110638      0x1ac c:/home/Software/devkitPro/libctru/lib\libctru.a(sdmc_dev.o)
 .text.sdmcInit
                0x001107e4      0x134 c:/home/Software/devkitPro/libctru/lib\libctru.a(sdmc_dev.o)
                0x001107e4                sdmcInit
 .text.sdmcExit
                0x00110918       0x50 c:/home/Software/devkitPro/libctru/lib\libctru.a(sdmc_dev.o)
                0x00110918                sdmcExit
 .text.fsInit   0x00110968       0xc8 c:/home/Software/devkitPro/libctru/lib\libctru.a(fs.o)
                0x00110968                fsInit
 .text.fsExit   0x00110a30       0x34 c:/home/Software/devkitPro/libctru/lib\libctru.a(fs.o)
                0x00110a30                fsExit
 .text.FSUSER_OpenFile
                0x00110a64       0xdc c:/home/Software/devkitPro/libctru/lib\libctru.a(fs.o)
                0x00110a64                FSUSER_OpenFile
 .text.FSUSER_DeleteFile
                0x00110b40       0xb8 c:/home/Software/devkitPro/libctru/lib\libctru.a(fs.o)
                0x00110b40                FSUSER_DeleteFile
 .text.FSUSER_RenameFile
                0x00110bf8       0xf4 c:/home/Software/devkitPro/libctru/lib\libctru.a(fs.o)
                0x00110bf8                FSUSER_RenameFile
 .text.FSUSER_DeleteDirectory
                0x00110cec       0xb8 c:/home/Software/devkitPro/libctru/lib\libctru.a(fs.o)
                0x00110cec                FSUSER_DeleteDirectory
 .text.FSUSER_CreateFile
                0x00110da4       0xd0 c:/home/Software/devkitPro/libctru/lib\libctru.a(fs.o)
                0x00110da4                FSUSER_CreateFile
 .text.FSUSER_CreateDirectory
                0x00110e74       0xc0 c:/home/Software/devkitPro/libctru/lib\libctru.a(fs.o)
                0x00110e74                FSUSER_CreateDirectory
 .text.FSUSER_RenameDirectory
                0x00110f34       0xf4 c:/home/Software/devkitPro/libctru/lib\libctru.a(fs.o)
                0x00110f34                FSUSER_RenameDirectory
 .text.FSUSER_OpenDirectory
                0x00111028       0xc4 c:/home/Software/devkitPro/libctru/lib\libctru.a(fs.o)
                0x00111028                FSUSER_OpenDirectory
 .text.FSUSER_OpenArchive
                0x001110ec       0xbc c:/home/Software/devkitPro/libctru/lib\libctru.a(fs.o)
                0x001110ec                FSUSER_OpenArchive
 .text.FSUSER_CloseArchive
                0x001111a8       0x88 c:/home/Software/devkitPro/libctru/lib\libctru.a(fs.o)
                0x001111a8                FSUSER_CloseArchive
 .text.FSUSER_GetSdmcArchiveResource
                0x00111230       0x8c c:/home/Software/devkitPro/libctru/lib\libctru.a(fs.o)
                0x00111230                FSUSER_GetSdmcArchiveResource
 .text.FSUSER_IsSdmcWritable
                0x001112bc       0x64 c:/home/Software/devkitPro/libctru/lib\libctru.a(fs.o)
                0x001112bc                FSUSER_IsSdmcWritable
 .text.FSFILE_Read
                0x00111320       0x5c c:/home/Software/devkitPro/libctru/lib\libctru.a(fs.o)
                0x00111320                FSFILE_Read
 .text.FSFILE_Write
                0x0011137c       0x64 c:/home/Software/devkitPro/libctru/lib\libctru.a(fs.o)
                0x0011137c                FSFILE_Write
 .text.FSFILE_GetSize
                0x001113e0       0x3c c:/home/Software/devkitPro/libctru/lib\libctru.a(fs.o)
                0x001113e0                FSFILE_GetSize
 .text.FSFILE_SetSize
                0x0011141c       0x2c c:/home/Software/devkitPro/libctru/lib\libctru.a(fs.o)
                0x0011141c                FSFILE_SetSize
 .text.FSFILE_Close
                0x00111448       0x3c c:/home/Software/devkitPro/libctru/lib\libctru.a(fs.o)
                0x00111448                FSFILE_Close
 .text.FSFILE_Flush
                0x00111484       0x24 c:/home/Software/devkitPro/libctru/lib\libctru.a(fs.o)
                0x00111484                FSFILE_Flush
 .text.FSDIR_Read
                0x001114a8       0x54 c:/home/Software/devkitPro/libctru/lib\libctru.a(fs.o)
                0x001114a8                FSDIR_Read
 .text.FSDIR_Close
                0x001114fc       0x3c c:/home/Software/devkitPro/libctru/lib\libctru.a(fs.o)
                0x001114fc                FSDIR_Close
 .text.decode_utf8
                0x00111538      0x138 c:/home/Software/devkitPro/libctru/lib\libctru.a(decode_utf8.o)
                0x00111538                decode_utf8
 .text.utf16_to_utf8
                0x00111670       0xe4 c:/home/Software/devkitPro/libctru/lib\libctru.a(utf16_to_utf8.o)
                0x00111670                utf16_to_utf8
 .text.utf8_to_utf16
                0x00111754       0xbc c:/home/Software/devkitPro/libctru/lib\libctru.a(utf8_to_utf16.o)
                0x00111754                utf8_to_utf16
 .text.__aeabi_read_tp
                0x00111810        0xc c:/home/Software/devkitPro/libctru/lib\libctru.a(readtp.o)
                0x00111810                __aeabi_read_tp
 .text.decode_utf16
                0x0011181c       0x60 c:/home/Software/devkitPro/libctru/lib\libctru.a(decode_utf16.o)
                0x0011181c                decode_utf16
 .text.encode_utf16
                0x0011187c       0x68 c:/home/Software/devkitPro/libctru/lib\libctru.a(encode_utf16.o)
                0x0011187c                encode_utf16
 .text.encode_utf8
                0x001118e4      0x104 c:/home/Software/devkitPro/libctru/lib\libctru.a(encode_utf8.o)
                0x001118e4                encode_utf8
 .text.bsearch  0x001119e8       0x78 c:/home/software/devkitpro/devkitarm/bin/../lib/gcc/arm-none-eabi/5.3.0/../../../../arm-none-eabi/lib/armv6k/fpu\libg.a(lib_a-bsearch.o)
                0x001119e8                bsearch
 .text.calloc   0x00111a60       0x20 c:/home/software/devkitpro/devkitarm/bin/../lib/gcc/arm-none-eabi/5.3.0/../../../../arm-none-eabi/lib/armv6k/fpu\libg.a(lib_a-calloc.o)
                0x00111a60                calloc
 .text._calloc_r
                0x00111a80       0x90 c:/home/software/devkitpro/devkitarm/bin/../lib/gcc/arm-none-eabi/5.3.0/../../../../arm-none-eabi/lib/armv6k/fpu\libg.a(lib_a-callocr.o)
                0x00111a80                _calloc_r
 .text._fclose_r
                0x00111b10      0x120 c:/home/software/devkitpro/devkitarm/bin/../lib/gcc/arm-none-eabi/5.3.0/../../../../arm-none-eabi/lib/armv6k/fpu\libg.a(lib_a-fclose.o)
                0x00111b10                _fclose_r
 .text.__sflush_r
                0x00111c30      0x230 c:/home/software/devkitpro/devkitarm/bin/../lib/gcc/arm-none-eabi/5.3.0/../../../../arm-none-eabi/lib/armv6k/fpu\libg.a(lib_a-fflush.o)
                0x00111c30                __sflush_r
 .text._fflush_r
                0x00111e60       0x90 c:/home/software/devkitpro/devkitarm/bin/../lib/gcc/arm-none-eabi/5.3.0/../../../../arm-none-eabi/lib/armv6k/fpu\libg.a(lib_a-fflush.o)
                0x00111e60                _fflush_r
 .text._cleanup_r
                0x00111ef0        0xc c:/home/software/devkitpro/devkitarm/bin/../lib/gcc/arm-none-eabi/5.3.0/../../../../arm-none-eabi/lib/armv6k/fpu\libg.a(lib_a-findfp.o)
                0x00111ef0                _cleanup_r
 .text.std.isra.0
                0x00111efc       0x80 c:/home/software/devkitpro/devkitarm/bin/../lib/gcc/arm-none-eabi/5.3.0/../../../../arm-none-eabi/lib/armv6k/fpu\libg.a(lib_a-findfp.o)
 .text.__sinit  0x00111f7c       0x8c c:/home/software/devkitpro/devkitarm/bin/../lib/gcc/arm-none-eabi/5.3.0/../../../../arm-none-eabi/lib/armv6k/fpu\libg.a(lib_a-findfp.o)
                0x00111f7c                __sinit
 .text.__sfp_lock_acquire
                0x00112008        0xc c:/home/software/devkitpro/devkitarm/bin/../lib/gcc/arm-none-eabi/5.3.0/../../../../arm-none-eabi/lib/armv6k/fpu\libg.a(lib_a-findfp.o)
                0x00112008                __sfp_lock_acquire
 .text.__sfp_lock_release
                0x00112014        0xc c:/home/software/devkitpro/devkitarm/bin/../lib/gcc/arm-none-eabi/5.3.0/../../../../arm-none-eabi/lib/armv6k/fpu\libg.a(lib_a-findfp.o)
                0x00112014                __sfp_lock_release
 .text.__libc_fini_array
                0x00112020       0x3c c:/home/software/devkitpro/devkitarm/bin/../lib/gcc/arm-none-eabi/5.3.0/../../../../arm-none-eabi/lib/armv6k/fpu\libg.a(lib_a-fini.o)
                0x00112020                __libc_fini_array
 .text._malloc_trim_r
                0x0011205c       0xf8 c:/home/software/devkitpro/devkitarm/bin/../lib/gcc/arm-none-eabi/5.3.0/../../../../arm-none-eabi/lib/armv6k/fpu\libg.a(lib_a-freer.o)
                0x0011205c                _malloc_trim_r
 .text._free_r  0x00112154      0x2e4 c:/home/software/devkitpro/devkitarm/bin/../lib/gcc/arm-none-eabi/5.3.0/../../../../arm-none-eabi/lib/armv6k/fpu\libg.a(lib_a-freer.o)
                0x00112154                _free_r
 .text._fwalk_reent
                0x00112438       0x80 c:/home/software/devkitpro/devkitarm/bin/../lib/gcc/arm-none-eabi/5.3.0/../../../../arm-none-eabi/lib/armv6k/fpu\libg.a(lib_a-fwalk.o)
                0x00112438                _fwalk_reent
 .text.__libc_init_array
                0x001124b8       0x78 c:/home/software/devkitpro/devkitarm/bin/../lib/gcc/arm-none-eabi/5.3.0/../../../../arm-none-eabi/lib/armv6k/fpu\libg.a(lib_a-init.o)
                0x001124b8                __libc_init_array
 .text.__smakebuf_r
                0x00112530      0x160 c:/home/software/devkitpro/devkitarm/bin/../lib/gcc/arm-none-eabi/5.3.0/../../../../arm-none-eabi/lib/armv6k/fpu\libg.a(lib_a-makebuf.o)
                0x00112530                __smakebuf_r
 .text.memalign
                0x00112690       0x20 c:/home/software/devkitpro/devkitarm/bin/../lib/gcc/arm-none-eabi/5.3.0/../../../../arm-none-eabi/lib/armv6k/fpu\libg.a(lib_a-malign.o)
                0x00112690                memalign
 .text._memalign_r
                0x001126b0      0x15c c:/home/software/devkitpro/devkitarm/bin/../lib/gcc/arm-none-eabi/5.3.0/../../../../arm-none-eabi/lib/armv6k/fpu\libg.a(lib_a-malignr.o)
                0x001126b0                _memalign_r
 .text.malloc   0x0011280c       0x18 c:/home/software/devkitpro/devkitarm/bin/../lib/gcc/arm-none-eabi/5.3.0/../../../../arm-none-eabi/lib/armv6k/fpu\libg.a(lib_a-malloc.o)
                0x0011280c                malloc
 .text.free     0x00112824       0x18 c:/home/software/devkitpro/devkitarm/bin/../lib/gcc/arm-none-eabi/5.3.0/../../../../arm-none-eabi/lib/armv6k/fpu\libg.a(lib_a-malloc.o)
                0x00112824                free
 .text._malloc_r
                0x0011283c      0x7a8 c:/home/software/devkitpro/devkitarm/bin/../lib/gcc/arm-none-eabi/5.3.0/../../../../arm-none-eabi/lib/armv6k/fpu\libg.a(lib_a-mallocr.o)
                0x0011283c                _malloc_r
 .text.memcpy   0x00112fe4       0xf0 c:/home/software/devkitpro/devkitarm/bin/../lib/gcc/arm-none-eabi/5.3.0/../../../../arm-none-eabi/lib/armv6k/fpu\libg.a(lib_a-memcpy.o)
                0x00112fe4                memcpy
 .text.memset   0x001130d4       0xf4 c:/home/software/devkitpro/devkitarm/bin/../lib/gcc/arm-none-eabi/5.3.0/../../../../arm-none-eabi/lib/armv6k/fpu\libg.a(lib_a-memset.o)
                0x001130d4                memset
 .text.__malloc_lock
                0x001131c8        0xc c:/home/software/devkitpro/devkitarm/bin/../lib/gcc/arm-none-eabi/5.3.0/../../../../arm-none-eabi/lib/armv6k/fpu\libg.a(lib_a-mlock.o)
                0x001131c8                __malloc_lock
 .text.__malloc_unlock
                0x001131d4        0xc c:/home/software/devkitpro/devkitarm/bin/../lib/gcc/arm-none-eabi/5.3.0/../../../../arm-none-eabi/lib/armv6k/fpu\libg.a(lib_a-mlock.o)
                0x001131d4                __malloc_unlock
 .text.printf   0x001131e0       0x38 c:/home/software/devkitpro/devkitarm/bin/../lib/gcc/arm-none-eabi/5.3.0/../../../../arm-none-eabi/lib/armv6k/fpu\libg.a(lib_a-printf.o)
                0x001131e0                printf
 .text.srand    0x00113218       0x1c c:/home/software/devkitpro/devkitarm/bin/../lib/gcc/arm-none-eabi/5.3.0/../../../../arm-none-eabi/lib/armv6k/fpu\libg.a(lib_a-rand.o)
                0x00113218                srand
 .text.realloc  0x00113234       0x20 c:/home/software/devkitpro/devkitarm/bin/../lib/gcc/arm-none-eabi/5.3.0/../../../../arm-none-eabi/lib/armv6k/fpu\libg.a(lib_a-realloc.o)
                0x00113234                realloc
 .text._realloc_r
                0x00113254      0x4c0 c:/home/software/devkitpro/devkitarm/bin/../lib/gcc/arm-none-eabi/5.3.0/../../../../arm-none-eabi/lib/armv6k/fpu\libg.a(lib_a-reallocr.o)
                0x00113254                _realloc_r
 .text.setvbuf  0x00113714      0x1fc c:/home/software/devkitpro/devkitarm/bin/../lib/gcc/arm-none-eabi/5.3.0/../../../../arm-none-eabi/lib/armv6k/fpu\libg.a(lib_a-setvbuf.o)
                0x00113714                setvbuf
 .text.sscanf   0x00113910       0x74 c:/home/software/devkitpro/devkitarm/bin/../lib/gcc/arm-none-eabi/5.3.0/../../../../arm-none-eabi/lib/armv6k/fpu\libg.a(lib_a-sscanf.o)
                0x00113910                sscanf
 .text.__sread  0x00113984       0x30 c:/home/software/devkitpro/devkitarm/bin/../lib/gcc/arm-none-eabi/5.3.0/../../../../arm-none-eabi/lib/armv6k/fpu\libg.a(lib_a-stdio.o)
                0x00113984                __sread
 .text.__seofread
                0x001139b4        0x8 c:/home/software/devkitpro/devkitarm/bin/../lib/gcc/arm-none-eabi/5.3.0/../../../../arm-none-eabi/lib/armv6k/fpu\libg.a(lib_a-stdio.o)
                0x001139b4                __seofread
 .text.__swrite
                0x001139bc       0x54 c:/home/software/devkitpro/devkitarm/bin/../lib/gcc/arm-none-eabi/5.3.0/../../../../arm-none-eabi/lib/armv6k/fpu\libg.a(lib_a-stdio.o)
                0x001139bc                __swrite
 .text.__sseek  0x00113a10       0x2c c:/home/software/devkitpro/devkitarm/bin/../lib/gcc/arm-none-eabi/5.3.0/../../../../arm-none-eabi/lib/armv6k/fpu\libg.a(lib_a-stdio.o)
                0x00113a10                __sseek
 .text.__sclose
                0x00113a3c        0x8 c:/home/software/devkitpro/devkitarm/bin/../lib/gcc/arm-none-eabi/5.3.0/../../../../arm-none-eabi/lib/armv6k/fpu\libg.a(lib_a-stdio.o)
                0x00113a3c                __sclose
 .text.strchr   0x00113a44      0x15c c:/home/software/devkitpro/devkitarm/bin/../lib/gcc/arm-none-eabi/5.3.0/../../../../arm-none-eabi/lib/armv6k/fpu\libg.a(lib_a-strchr.o)
                0x00113a44                strchr
 .text.strlen   0x00113ba0       0x5c c:/home/software/devkitpro/devkitarm/bin/../lib/gcc/arm-none-eabi/5.3.0/../../../../arm-none-eabi/lib/armv6k/fpu\libg.a(lib_a-strlen.o)
                0x00113ba0                strlen
 .text.strncat  0x00113bfc       0xa4 c:/home/software/devkitpro/devkitarm/bin/../lib/gcc/arm-none-eabi/5.3.0/../../../../arm-none-eabi/lib/armv6k/fpu\libg.a(lib_a-strncat.o)
                0x00113bfc                strncat
 .text.strncpy  0x00113ca0       0xe0 c:/home/software/devkitpro/devkitarm/bin/../lib/gcc/arm-none-eabi/5.3.0/../../../../arm-none-eabi/lib/armv6k/fpu\libg.a(lib_a-strncpy.o)
                0x00113ca0                strncpy
 .text.__ssvfscanf_r
                0x00113d80     0x2c20 c:/home/software/devkitpro/devkitarm/bin/../lib/gcc/arm-none-eabi/5.3.0/../../../../arm-none-eabi/lib/armv6k/fpu\libg.a(lib_a-svfscanf.o)
                0x00113d80                __ssvfscanf_r
 .text.time     0x001169a0       0x40 c:/home/software/devkitpro/devkitarm/bin/../lib/gcc/arm-none-eabi/5.3.0/../../../../arm-none-eabi/lib/armv6k/fpu\libg.a(lib_a-time.o)
                0x001169a0                time
 .text.__sprint_r.part.0
                0x001169e0       0xa4 c:/home/software/devkitpro/devkitarm/bin/../lib/gcc/arm-none-eabi/5.3.0/../../../../arm-none-eabi/lib/armv6k/fpu\libg.a(lib_a-vfiprintf.o)
 .text.__sprint_r
                0x00116a84       0x1c c:/home/software/devkitpro/devkitarm/bin/../lib/gcc/arm-none-eabi/5.3.0/../../../../arm-none-eabi/lib/armv6k/fpu\libg.a(lib_a-vfiprintf.o)
                0x00116a84                __sprint_r
 .text.get_arg  0x00116aa0     0x161c c:/home/software/devkitpro/devkitarm/bin/../lib/gcc/arm-none-eabi/5.3.0/../../../../arm-none-eabi/lib/armv6k/fpu\libg.a(lib_a-vfprintf.o)
 *fill*         0x001180bc        0x4 
 .text._vfprintf_r
                0x001180c0     0x4878 c:/home/software/devkitpro/devkitarm/bin/../lib/gcc/arm-none-eabi/5.3.0/../../../../arm-none-eabi/lib/armv6k/fpu\libg.a(lib_a-vfprintf.o)
                0x001180c0                _vfprintf_r
 .text.__sbprintf
                0x0011c938       0xcc c:/home/software/devkitpro/devkitarm/bin/../lib/gcc/arm-none-eabi/5.3.0/../../../../arm-none-eabi/lib/armv6k/fpu\libg.a(lib_a-vfprintf.o)
 .text._wcrtomb_r
                0x0011ca04       0x8c c:/home/software/devkitpro/devkitarm/bin/../lib/gcc/arm-none-eabi/5.3.0/../../../../arm-none-eabi/lib/armv6k/fpu\libg.a(lib_a-wcrtomb.o)
                0x0011ca04                _wcrtomb_r
 .text._wcsrtombs_r
                0x0011ca90       0x20 c:/home/software/devkitpro/devkitarm/bin/../lib/gcc/arm-none-eabi/5.3.0/../../../../arm-none-eabi/lib/armv6k/fpu\libg.a(lib_a-wcsrtombs.o)
                0x0011ca90                _wcsrtombs_r
 .text.__utf8_wctomb
                0x0011cab0      0x114 c:/home/software/devkitpro/devkitarm/bin/../lib/gcc/arm-none-eabi/5.3.0/../../../../arm-none-eabi/lib/armv6k/fpu\libg.a(lib_a-wctomb_r.o)
                0x0011cab0                __utf8_wctomb
 .text.__swsetup_r
                0x0011cbc4      0x148 c:/home/software/devkitpro/devkitarm/bin/../lib/gcc/arm-none-eabi/5.3.0/../../../../arm-none-eabi/lib/armv6k/fpu\libg.a(lib_a-wsetup.o)
                0x0011cbc4                __swsetup_r
 .text.quorem   0x0011cd0c      0x1bc c:/home/software/devkitpro/devkitarm/bin/../lib/gcc/arm-none-eabi/5.3.0/../../../../arm-none-eabi/lib/armv6k/fpu\libg.a(lib_a-dtoa.o)
 .text._dtoa_r  0x0011cec8     0x12c8 c:/home/software/devkitpro/devkitarm/bin/../lib/gcc/arm-none-eabi/5.3.0/../../../../arm-none-eabi/lib/armv6k/fpu\libg.a(lib_a-dtoa.o)
                0x0011cec8                _dtoa_r
 .text.__fputwc
                0x0011e190      0x124 c:/home/software/devkitpro/devkitarm/bin/../lib/gcc/arm-none-eabi/5.3.0/../../../../arm-none-eabi/lib/armv6k/fpu\libg.a(lib_a-fputwc.o)
                0x0011e190                __fputwc
 .text._fputwc_r
                0x0011e2b4       0xa8 c:/home/software/devkitpro/devkitarm/bin/../lib/gcc/arm-none-eabi/5.3.0/../../../../arm-none-eabi/lib/armv6k/fpu\libg.a(lib_a-fputwc.o)
                0x0011e2b4                _fputwc_r
 .text.__sfvwrite_r
                0x0011e35c      0x4a4 c:/home/software/devkitpro/devkitarm/bin/../lib/gcc/arm-none-eabi/5.3.0/../../../../arm-none-eabi/lib/armv6k/fpu\libg.a(lib_a-fvwrite.o)
                0x0011e35c                __sfvwrite_r
 .text.iswspace
                0x0011e800       0x74 c:/home/software/devkitpro/devkitarm/bin/../lib/gcc/arm-none-eabi/5.3.0/../../../../arm-none-eabi/lib/armv6k/fpu\libg.a(lib_a-iswspace.o)
                0x0011e800                iswspace
 .text.__jp2uc  0x0011e874      0x204 c:/home/software/devkitpro/devkitarm/bin/../lib/gcc/arm-none-eabi/5.3.0/../../../../arm-none-eabi/lib/armv6k/fpu\libg.a(lib_a-jp2uc.o)
 .text._jp2uc   0x0011ea78       0x84 c:/home/software/devkitpro/devkitarm/bin/../lib/gcc/arm-none-eabi/5.3.0/../../../../arm-none-eabi/lib/armv6k/fpu\libg.a(lib_a-jp2uc.o)
                0x0011ea78                _jp2uc
 .text.__locale_charset
                0x0011eafc        0xc c:/home/software/devkitpro/devkitarm/bin/../lib/gcc/arm-none-eabi/5.3.0/../../../../arm-none-eabi/lib/armv6k/fpu\libg.a(lib_a-locale.o)
                0x0011eafc                __locale_charset
 .text.__locale_mb_cur_max
                0x0011eb08       0x10 c:/home/software/devkitpro/devkitarm/bin/../lib/gcc/arm-none-eabi/5.3.0/../../../../arm-none-eabi/lib/armv6k/fpu\libg.a(lib_a-locale.o)
                0x0011eb08                __locale_mb_cur_max
 .text._localeconv_r
                0x0011eb18        0xc c:/home/software/devkitpro/devkitarm/bin/../lib/gcc/arm-none-eabi/5.3.0/../../../../arm-none-eabi/lib/armv6k/fpu\libg.a(lib_a-locale.o)
                0x0011eb18                _localeconv_r
 .text._mbrtowc_r
                0x0011eb24       0x98 c:/home/software/devkitpro/devkitarm/bin/../lib/gcc/arm-none-eabi/5.3.0/../../../../arm-none-eabi/lib/armv6k/fpu\libg.a(lib_a-mbrtowc.o)
                0x0011eb24                _mbrtowc_r
 .text.__utf8_mbtowc
                0x0011ebbc      0x2fc c:/home/software/devkitpro/devkitarm/bin/../lib/gcc/arm-none-eabi/5.3.0/../../../../arm-none-eabi/lib/armv6k/fpu\libg.a(lib_a-mbtowc_r.o)
                0x0011ebbc                __utf8_mbtowc
 .text.memchr   0x0011eeb8      0x100 c:/home/software/devkitpro/devkitarm/bin/../lib/gcc/arm-none-eabi/5.3.0/../../../../arm-none-eabi/lib/armv6k/fpu\libg.a(lib_a-memchr.o)
                0x0011eeb8                memchr
 .text.memmove  0x0011efb8      0x128 c:/home/software/devkitpro/devkitarm/bin/../lib/gcc/arm-none-eabi/5.3.0/../../../../arm-none-eabi/lib/armv6k/fpu\libg.a(lib_a-memmove.o)
                0x0011efb8                memmove
 .text._Balloc  0x0011f0e0       0x8c c:/home/software/devkitpro/devkitarm/bin/../lib/gcc/arm-none-eabi/5.3.0/../../../../arm-none-eabi/lib/armv6k/fpu\libg.a(lib_a-mprec.o)
                0x0011f0e0                _Balloc
 .text._Bfree   0x0011f16c       0x1c c:/home/software/devkitpro/devkitarm/bin/../lib/gcc/arm-none-eabi/5.3.0/../../../../arm-none-eabi/lib/armv6k/fpu\libg.a(lib_a-mprec.o)
                0x0011f16c                _Bfree
 .text.__multadd
                0x0011f188       0xd0 c:/home/software/devkitpro/devkitarm/bin/../lib/gcc/arm-none-eabi/5.3.0/../../../../arm-none-eabi/lib/armv6k/fpu\libg.a(lib_a-mprec.o)
                0x0011f188                __multadd
 .text.__s2b    0x0011f258       0xe4 c:/home/software/devkitpro/devkitarm/bin/../lib/gcc/arm-none-eabi/5.3.0/../../../../arm-none-eabi/lib/armv6k/fpu\libg.a(lib_a-mprec.o)
                0x0011f258                __s2b
 .text.__hi0bits
                0x0011f33c       0x5c c:/home/software/devkitpro/devkitarm/bin/../lib/gcc/arm-none-eabi/5.3.0/../../../../arm-none-eabi/lib/armv6k/fpu\libg.a(lib_a-mprec.o)
                0x0011f33c                __hi0bits
 .text.__lo0bits
                0x0011f398       0x98 c:/home/software/devkitpro/devkitarm/bin/../lib/gcc/arm-none-eabi/5.3.0/../../../../arm-none-eabi/lib/armv6k/fpu\libg.a(lib_a-mprec.o)
                0x0011f398                __lo0bits
 .text.__i2b    0x0011f430       0x20 c:/home/software/devkitpro/devkitarm/bin/../lib/gcc/arm-none-eabi/5.3.0/../../../../arm-none-eabi/lib/armv6k/fpu\libg.a(lib_a-mprec.o)
                0x0011f430                __i2b
 .text.__multiply
                0x0011f450      0x1dc c:/home/software/devkitpro/devkitarm/bin/../lib/gcc/arm-none-eabi/5.3.0/../../../../arm-none-eabi/lib/armv6k/fpu\libg.a(lib_a-mprec.o)
                0x0011f450                __multiply
 .text.__pow5mult
                0x0011f62c      0x100 c:/home/software/devkitpro/devkitarm/bin/../lib/gcc/arm-none-eabi/5.3.0/../../../../arm-none-eabi/lib/armv6k/fpu\libg.a(lib_a-mprec.o)
                0x0011f62c                __pow5mult
 .text.__lshift
                0x0011f72c       0xf0 c:/home/software/devkitpro/devkitarm/bin/../lib/gcc/arm-none-eabi/5.3.0/../../../../arm-none-eabi/lib/armv6k/fpu\libg.a(lib_a-mprec.o)
                0x0011f72c                __lshift
 .text.__mcmp   0x0011f81c       0x64 c:/home/software/devkitpro/devkitarm/bin/../lib/gcc/arm-none-eabi/5.3.0/../../../../arm-none-eabi/lib/armv6k/fpu\libg.a(lib_a-mprec.o)
                0x0011f81c                __mcmp
 .text.__mdiff  0x0011f880      0x198 c:/home/software/devkitpro/devkitarm/bin/../lib/gcc/arm-none-eabi/5.3.0/../../../../arm-none-eabi/lib/armv6k/fpu\libg.a(lib_a-mprec.o)
                0x0011f880                __mdiff
 .text.__ulp    0x0011fa18       0x78 c:/home/software/devkitpro/devkitarm/bin/../lib/gcc/arm-none-eabi/5.3.0/../../../../arm-none-eabi/lib/armv6k/fpu\libg.a(lib_a-mprec.o)
                0x0011fa18                __ulp
 .text.__b2d    0x0011fa90       0xd4 c:/home/software/devkitpro/devkitarm/bin/../lib/gcc/arm-none-eabi/5.3.0/../../../../arm-none-eabi/lib/armv6k/fpu\libg.a(lib_a-mprec.o)
                0x0011fa90                __b2d
 .text.__d2b    0x0011fb64      0x104 c:/home/software/devkitpro/devkitarm/bin/../lib/gcc/arm-none-eabi/5.3.0/../../../../arm-none-eabi/lib/armv6k/fpu\libg.a(lib_a-mprec.o)
                0x0011fb64                __d2b
 .text.__ratio  0x0011fc68       0x78 c:/home/software/devkitpro/devkitarm/bin/../lib/gcc/arm-none-eabi/5.3.0/../../../../arm-none-eabi/lib/armv6k/fpu\libg.a(lib_a-mprec.o)
                0x0011fc68                __ratio
 .text.__copybits
                0x0011fce0       0x6c c:/home/software/devkitpro/devkitarm/bin/../lib/gcc/arm-none-eabi/5.3.0/../../../../arm-none-eabi/lib/armv6k/fpu\libg.a(lib_a-mprec.o)
                0x0011fce0                __copybits
 .text.__any_on
                0x0011fd4c       0x80 c:/home/software/devkitpro/devkitarm/bin/../lib/gcc/arm-none-eabi/5.3.0/../../../../arm-none-eabi/lib/armv6k/fpu\libg.a(lib_a-mprec.o)
                0x0011fd4c                __any_on
 .text.__sccl   0x0011fdcc       0xd0 c:/home/software/devkitpro/devkitarm/bin/../lib/gcc/arm-none-eabi/5.3.0/../../../../arm-none-eabi/lib/armv6k/fpu\libg.a(lib_a-sccl.o)
                0x0011fdcc                __sccl
 .text.nanf     0x0011fe9c        0xc c:/home/software/devkitpro/devkitarm/bin/../lib/gcc/arm-none-eabi/5.3.0/../../../../arm-none-eabi/lib/armv6k/fpu\libg.a(lib_a-sf_nan.o)
                0x0011fe9c                nanf
 .text.__fpclassifyd
                0x0011fea8       0x74 c:/home/software/devkitpro/devkitarm/bin/../lib/gcc/arm-none-eabi/5.3.0/../../../../arm-none-eabi/lib/armv6k/fpu\libg.a(lib_a-s_fpclassify.o)
                0x0011fea8                __fpclassifyd
 *fill*         0x0011ff1c        0x4 
 .text.frexp    0x0011ff20       0x98 c:/home/software/devkitpro/devkitarm/bin/../lib/gcc/arm-none-eabi/5.3.0/../../../../arm-none-eabi/lib/armv6k/fpu\libg.a(lib_a-s_frexp.o)
                0x0011ff20                frexp
 .text.sprintf  0x0011ffb8       0x68 c:/home/software/devkitpro/devkitarm/bin/../lib/gcc/arm-none-eabi/5.3.0/../../../../arm-none-eabi/lib/armv6k/fpu\libg.a(lib_a-sprintf.o)
                0x0011ffb8                sprintf
 .text.stpncpy  0x00120020      0x108 c:/home/software/devkitpro/devkitarm/bin/../lib/gcc/arm-none-eabi/5.3.0/../../../../arm-none-eabi/lib/armv6k/fpu\libg.a(lib_a-stpncpy.o)
                0x00120020                stpncpy
 .text.strncmp  0x00120128      0x11c c:/home/software/devkitpro/devkitarm/bin/../lib/gcc/arm-none-eabi/5.3.0/../../../../arm-none-eabi/lib/armv6k/fpu\libg.a(lib_a-strncmp.o)
                0x00120128                strncmp
 .text.unlikely.sulp
                0x00120244       0x58 c:/home/software/devkitpro/devkitarm/bin/../lib/gcc/arm-none-eabi/5.3.0/../../../../arm-none-eabi/lib/armv6k/fpu\libg.a(lib_a-strtod.o)
 *fill*         0x0012029c        0x4 
 .text._strtod_r
                0x001202a0     0x1450 c:/home/software/devkitpro/devkitarm/bin/../lib/gcc/arm-none-eabi/5.3.0/../../../../arm-none-eabi/lib/armv6k/fpu\libg.a(lib_a-strtod.o)
                0x001202a0                _strtod_r
 .text._strtoll_r
                0x001216f0      0x25c c:/home/software/devkitpro/devkitarm/bin/../lib/gcc/arm-none-eabi/5.3.0/../../../../arm-none-eabi/lib/armv6k/fpu\libg.a(lib_a-strtoll_r.o)
                0x001216f0                _strtoll_r
 .text._strtol_r
                0x0012194c      0x1d4 c:/home/software/devkitpro/devkitarm/bin/../lib/gcc/arm-none-eabi/5.3.0/../../../../arm-none-eabi/lib/armv6k/fpu\libg.a(lib_a-strtol.o)
                0x0012194c                _strtol_r
 .text._strtoull_r
                0x00121b20      0x268 c:/home/software/devkitpro/devkitarm/bin/../lib/gcc/arm-none-eabi/5.3.0/../../../../arm-none-eabi/lib/armv6k/fpu\libg.a(lib_a-strtoull_r.o)
                0x00121b20                _strtoull_r
 .text._strtoul_r
                0x00121d88      0x1d4 c:/home/software/devkitpro/devkitarm/bin/../lib/gcc/arm-none-eabi/5.3.0/../../../../arm-none-eabi/lib/armv6k/fpu\libg.a(lib_a-strtoul.o)
                0x00121d88                _strtoul_r
 .text.__ssprint_r
                0x00121f5c      0x1a8 c:/home/software/devkitpro/devkitarm/bin/../lib/gcc/arm-none-eabi/5.3.0/../../../../arm-none-eabi/lib/armv6k/fpu\libg.a(lib_a-svfiprintf.o)
                0x00121f5c                __ssprint_r
 .text._sungetc_r
                0x00122104       0xf8 c:/home/software/devkitpro/devkitarm/bin/../lib/gcc/arm-none-eabi/5.3.0/../../../../arm-none-eabi/lib/armv6k/fpu\libg.a(lib_a-svfiscanf.o)
                0x00122104                _sungetc_r
 .text.__ssrefill_r
                0x001221fc       0x6c c:/home/software/devkitpro/devkitarm/bin/../lib/gcc/arm-none-eabi/5.3.0/../../../../arm-none-eabi/lib/armv6k/fpu\libg.a(lib_a-svfiscanf.o)
                0x001221fc                __ssrefill_r
 .text._sfread_r
                0x00122268       0xc8 c:/home/software/devkitpro/devkitarm/bin/../lib/gcc/arm-none-eabi/5.3.0/../../../../arm-none-eabi/lib/armv6k/fpu\libg.a(lib_a-svfiscanf.o)
                0x00122268                _sfread_r
 .text.get_arg  0x00122330     0x161c c:/home/software/devkitpro/devkitarm/bin/../lib/gcc/arm-none-eabi/5.3.0/../../../../arm-none-eabi/lib/armv6k/fpu\libg.a(lib_a-svfprintf.o)
 *fill*         0x0012394c        0x4 
 .text._svfprintf_r
                0x00123950     0x4a00 c:/home/software/devkitpro/devkitarm/bin/../lib/gcc/arm-none-eabi/5.3.0/../../../../arm-none-eabi/lib/armv6k/fpu\libg.a(lib_a-svfprintf.o)
                0x00123950                _svfprintf_r
 .text.__submore
                0x00128350       0xa8 c:/home/software/devkitpro/devkitarm/bin/../lib/gcc/arm-none-eabi/5.3.0/../../../../arm-none-eabi/lib/armv6k/fpu\libg.a(lib_a-ungetc.o)
                0x00128350                __submore
 .text.__swbuf_r
                0x001283f8      0x124 c:/home/software/devkitpro/devkitarm/bin/../lib/gcc/arm-none-eabi/5.3.0/../../../../arm-none-eabi/lib/armv6k/fpu\libg.a(lib_a-wbuf.o)
                0x001283f8                __swbuf_r
 .text._wcsnrtombs_r
                0x0012851c      0x190 c:/home/software/devkitpro/devkitarm/bin/../lib/gcc/arm-none-eabi/5.3.0/../../../../arm-none-eabi/lib/armv6k/fpu\libg.a(lib_a-wcsnrtombs.o)
                0x0012851c                _wcsnrtombs_r
 .text.rshift   0x001286ac       0xec c:/home/software/devkitpro/devkitarm/bin/../lib/gcc/arm-none-eabi/5.3.0/../../../../arm-none-eabi/lib/armv6k/fpu\libg.a(lib_a-gdtoa-gethex.o)
 .text.__gethex
                0x00128798      0x7d0 c:/home/software/devkitpro/devkitarm/bin/../lib/gcc/arm-none-eabi/5.3.0/../../../../arm-none-eabi/lib/armv6k/fpu\libg.a(lib_a-gdtoa-gethex.o)
                0x00128798                __gethex
 .text.__hexnan
                0x00128f68      0x258 c:/home/software/devkitpro/devkitarm/bin/../lib/gcc/arm-none-eabi/5.3.0/../../../../arm-none-eabi/lib/armv6k/fpu\libg.a(lib_a-gdtoa-hexnan.o)
                0x00128f68                __hexnan
 .text.__errno  0x001291c0        0xc c:/home/software/devkitpro/devkitarm/bin/../lib/gcc/arm-none-eabi/5.3.0/../../../../arm-none-eabi/lib/armv6k/fpu\libg.a(lib_a-errno.o)
                0x001291c0                __errno
 .text.strnlen  0x001291cc       0x5c c:/home/software/devkitpro/devkitarm/bin/../lib/gcc/arm-none-eabi/5.3.0/../../../../arm-none-eabi/lib/armv6k/fpu\libg.a(lib_a-strnlen.o)
                0x001291cc                strnlen
 .text.strrchr  0x00129228       0x44 c:/home/software/devkitpro/devkitarm/bin/../lib/gcc/arm-none-eabi/5.3.0/../../../../arm-none-eabi/lib/armv6k/fpu\libg.a(lib_a-strrchr.o)
                0x00129228                strrchr
 *(.glue_7)
 .glue_7        0x0012926c        0x0 linker stubs
 *(.glue_7t)
 .glue_7t       0x0012926c        0x0 linker stubs
 *(.stub)
 *(.gnu.warning)
 *(.gnu.linkonce.t*)
                0x0012926c                . = ALIGN (0x4)
 *(.fini)
 .fini          0x0012926c        0xc c:/home/software/devkitpro/devkitarm/bin/../lib/gcc/arm-none-eabi/5.3.0/armv6k/fpu/crti.o
                0x0012926c                _fini
 .fini          0x00129278        0xc c:/home/software/devkitpro/devkitarm/bin/../lib/gcc/arm-none-eabi/5.3.0/armv6k/fpu/crtn.o
                0x00129284                . = ALIGN (0x4)

.vfp11_veneer   0x00129284        0x0
 .vfp11_veneer  0x00129284        0x0 linker stubs

.v4_bx          0x00129284        0x0
 .v4_bx         0x00129284        0x0 linker stubs

.iplt           0x00129284        0x0
 .iplt          0x00129284        0x0 c:/home/software/devkitpro/devkitarm/bin/../lib/gcc/arm-none-eabi/5.3.0/../../../../arm-none-eabi/lib/armv6k/fpu/3dsx_crt0.o

.rodata         0x0012a000     0xf600
 *(.rodata)
 .rodata        0x0012a000     0x9548 characters.png.o
                0x0012a000                characters_png
                0x00133541                characters_png_end
                0x00133544                characters_png_size
 .rodata        0x00133548      0x128 vshader.shbin.o
                0x00133548                vshader_shbin
                0x0013366c                vshader_shbin_size
                0x0013366c                vshader_shbin_end
 .rodata        0x00133670      0x85c lodepng.o
                0x00133e98                lodepng_default_decompress_settings
                0x00133ea8                lodepng_default_compress_settings
 .rodata        0x00133ecc        0x4 c:/home/Software/devkitPro/libctru/lib\libcitro3d.a(base.o)
 .rodata        0x00133ed0       0x10 c:/home/Software/devkitPro/libctru/lib\libcitro3d.a(renderbuffer.o)
 .rodata        0x00133ee0       0x38 c:/home/Software/devkitPro/libctru/lib\libcitro3d.a(texture.o)
 .rodata        0x00133f18      0x168 c:/home/Software/devkitPro/libctru/lib\libctru.a(console.o)
 .rodata        0x00134080       0x1c c:/home/Software/devkitPro/libctru/lib\libctru.a(gfx.o)
 .rodata        0x0013409c       0x24 c:/home/Software/devkitPro/libctru/lib\libctru.a(shbin.o)
 .rodata        0x001340c0        0xc c:/home/Software/devkitPro/libctru/lib\libctru.a(apt.o)
 .rodata        0x001340cc      0x804 c:/home/Software/devkitPro/libctru/lib\libctru.a(default_font.bin.o)
                0x001340cc                default_font_bin
                0x001348cc                default_font_bin_size
                0x001348cc                default_font_bin_end
 .rodata        0x001348d0       0x30 c:/home/Software/devkitPro/libctru/lib\libctru.a(sdmc_dev.o)
 .rodata        0x00134900       0x68 c:/home/software/devkitpro/devkitarm/bin/../lib/gcc/arm-none-eabi/5.3.0/../../../../arm-none-eabi/lib/armv6k/fpu\libsysbase.a(iosupport.o)
                0x00134900                dotab_stdnull
 .rodata        0x00134968        0xc c:/home/software/devkitpro/devkitarm/bin/../lib/gcc/arm-none-eabi/5.3.0/../../../../arm-none-eabi/lib/armv6k/fpu\libsysbase.a(chdir.o)
                0x00134968                DIRECTORY_PARENT
                0x0013496c                DIRECTORY_THIS
                0x00134970                DIRECTORY_SEPARATOR
 *(.roda)
 *(.rodata.*)
 .rodata.str1.4
                0x00134974      0xf91 lodepng.o
                                0xf94 (size before relaxing)
 *fill*         0x00135905        0x3 
 .rodata.str1.4
                0x00135908       0x1d main.o
                                 0x20 (size before relaxing)
 *fill*         0x00135925        0x3 
 .rodata.str1.4
                0x00135928       0x70 c:/home/Software/devkitPro/libctru/lib\libctru.a(console.o)
 .rodata.str1.4
                0x00135998       0x16 c:/home/Software/devkitPro/libctru/lib\libctru.a(apt.o)
                                 0x18 (size before relaxing)
 *fill*         0x001359ae        0x2 
 .rodata.str1.4
                0x001359b0        0x9 c:/home/Software/devkitPro/libctru/lib\libctru.a(gspgpu.o)
                                  0xc (size before relaxing)
 *fill*         0x001359b9        0x3 
 .rodata.str1.4
                0x001359bc       0x15 c:/home/Software/devkitPro/libctru/lib\libctru.a(hid.o)
                                 0x18 (size before relaxing)
 *fill*         0x001359d1        0x3 
 .rodata.str1.4
                0x001359d4        0x7 c:/home/Software/devkitPro/libctru/lib\libctru.a(irrst.o)
                                  0x8 (size before relaxing)
 *fill*         0x001359db        0x1 
 .rodata.str1.4
                0x001359dc        0x9 c:/home/Software/devkitPro/libctru/lib\libctru.a(ptmsysm.o)